Archive member included to satisfy reference by file (symbol)

.\CortexM0p\ARM_GCC_541\Debug\00_Basic_Rx.a(nRF24_NRF_FUNCS.o)
                              .\CortexM0p\ARM_GCC_541\Debug\main.o (nRF24_setRxPipe0Address)
.\CortexM0p\ARM_GCC_541\Debug\00_Basic_Rx.a(nRF24_LL_SPI.o)
                              .\CortexM0p\ARM_GCC_541\Debug\00_Basic_Rx.a(nRF24_NRF_FUNCS.o) (nRF24_readRegister)
.\CortexM0p\ARM_GCC_541\Debug\00_Basic_Rx.a(nRF24_NRF_COMMANDS.o)
                              .\CortexM0p\ARM_GCC_541\Debug\00_Basic_Rx.a(nRF24_NRF_FUNCS.o) (nRF24_PTX_ReuseTxPayloadCmd)
.\CortexM0p\ARM_GCC_541\Debug\00_Basic_Rx.a(UART.o)
                              .\CortexM0p\ARM_GCC_541\Debug\main.o (UART_Start)
.\CortexM0p\ARM_GCC_541\Debug\00_Basic_Rx.a(SPI.o)
                              .\CortexM0p\ARM_GCC_541\Debug\00_Basic_Rx.a(nRF24_NRF_FUNCS.o) (SPI_Start)
.\CortexM0p\ARM_GCC_541\Debug\00_Basic_Rx.a(SPI_SPI_UART.o)
                              .\CortexM0p\ARM_GCC_541\Debug\00_Basic_Rx.a(nRF24_LL_SPI.o) (SPI_SpiUartReadRxData)
.\CortexM0p\ARM_GCC_541\Debug\00_Basic_Rx.a(SPI_SPI.o)
                              .\CortexM0p\ARM_GCC_541\Debug\00_Basic_Rx.a(SPI.o) (SPI_SpiPostEnable)
.\CortexM0p\ARM_GCC_541\Debug\00_Basic_Rx.a(IRQ.o)
                              .\CortexM0p\ARM_GCC_541\Debug\main.o (IRQ_ClearInterrupt)
.\CortexM0p\ARM_GCC_541\Debug\00_Basic_Rx.a(isr_IRQ.o)
                              .\CortexM0p\ARM_GCC_541\Debug\main.o (isr_IRQ_StartEx)
.\CortexM0p\ARM_GCC_541\Debug\00_Basic_Rx.a(SS.o)
                              .\CortexM0p\ARM_GCC_541\Debug\00_Basic_Rx.a(nRF24_NRF_FUNCS.o) (SS_Write)
.\CortexM0p\ARM_GCC_541\Debug\00_Basic_Rx.a(CE.o)
                              .\CortexM0p\ARM_GCC_541\Debug\00_Basic_Rx.a(nRF24_NRF_FUNCS.o) (CE_Write)
.\CortexM0p\ARM_GCC_541\Debug\00_Basic_Rx.a(SPI_sclk_m.o)
                              .\CortexM0p\ARM_GCC_541\Debug\00_Basic_Rx.a(SPI_SPI.o) (SPI_sclk_m_Write)
.\CortexM0p\ARM_GCC_541\Debug\00_Basic_Rx.a(CyLib.o)
                              .\CortexM0p\ARM_GCC_541\Debug\Cm0plusStart.o (CyHalt)
.\CortexM0p\ARM_GCC_541\Debug\00_Basic_Rx.a(CyLFClk.o)
                              .\CortexM0p\ARM_GCC_541\Debug\00_Basic_Rx.a(CyLib.o) (CySysClkWcoEnabled)
.\CortexM0p\ARM_GCC_541\Debug\00_Basic_Rx.a(LED.o)
                              .\CortexM0p\ARM_GCC_541\Debug\main.o (LED_Write)
.\CortexM0p\ARM_GCC_541\Debug\00_Basic_Rx.a(UART_AsmGnu.o)
                              .\CortexM0p\ARM_GCC_541\Debug\main.o (UART_PutChar)
.\CortexM0p\ARM_GCC_541\Debug\00_Basic_Rx.a(CyBootAsmGnu.o)
                              .\CortexM0p\ARM_GCC_541\Debug\00_Basic_Rx.a(CyLib.o) (CyDelayCycles)
.\CortexM0p\ARM_GCC_541\Debug\00_Basic_Rx.a(CyFlash.o)
                              .\CortexM0p\ARM_GCC_541\Debug\00_Basic_Rx.a(CyLib.o) (CySysFlashSetWaitCycles)
c:/program files (x86)/cypress/psoc creator/4.1/psoc creator/import/gnu/arm/5.4.1/bin/../lib/gcc/arm-none-eabi/5.4.1/armv6-m\libgcc.a(_udivsi3.o)
                              .\CortexM0p\ARM_GCC_541\Debug\00_Basic_Rx.a(CyLib.o) (__aeabi_uidiv)
c:/program files (x86)/cypress/psoc creator/4.1/psoc creator/import/gnu/arm/5.4.1/bin/../lib/gcc/arm-none-eabi/5.4.1/armv6-m\libgcc.a(_dvmd_tls.o)
                              c:/program files (x86)/cypress/psoc creator/4.1/psoc creator/import/gnu/arm/5.4.1/bin/../lib/gcc/arm-none-eabi/5.4.1/armv6-m\libgcc.a(_udivsi3.o) (__aeabi_idiv0)
c:/program files (x86)/cypress/psoc creator/4.1/psoc creator/import/gnu/arm/5.4.1/bin/../lib/gcc/arm-none-eabi/5.4.1/../../../../arm-none-eabi/lib/armv6-m\libg_nano.a(lib_a-errno.o)
                              .\CortexM0p\ARM_GCC_541\Debug\Cm0plusStart.o (__errno)
c:/program files (x86)/cypress/psoc creator/4.1/psoc creator/import/gnu/arm/5.4.1/bin/../lib/gcc/arm-none-eabi/5.4.1/../../../../arm-none-eabi/lib/armv6-m\libg_nano.a(lib_a-exit.o)
                              c:/program files (x86)/cypress/psoc creator/4.1/psoc creator/import/gnu/arm/5.4.1/bin/../lib/gcc/arm-none-eabi/5.4.1/../../../../arm-none-eabi/lib/armv6-m/crt0.o (exit)
c:/program files (x86)/cypress/psoc creator/4.1/psoc creator/import/gnu/arm/5.4.1/bin/../lib/gcc/arm-none-eabi/5.4.1/../../../../arm-none-eabi/lib/armv6-m\libg_nano.a(lib_a-impure.o)
                              c:/program files (x86)/cypress/psoc creator/4.1/psoc creator/import/gnu/arm/5.4.1/bin/../lib/gcc/arm-none-eabi/5.4.1/../../../../arm-none-eabi/lib/armv6-m\libg_nano.a(lib_a-exit.o) (_global_impure_ptr)
c:/program files (x86)/cypress/psoc creator/4.1/psoc creator/import/gnu/arm/5.4.1/bin/../lib/gcc/arm-none-eabi/5.4.1/../../../../arm-none-eabi/lib/armv6-m\libg_nano.a(lib_a-init.o)
                              c:/program files (x86)/cypress/psoc creator/4.1/psoc creator/import/gnu/arm/5.4.1/bin/../lib/gcc/arm-none-eabi/5.4.1/../../../../arm-none-eabi/lib/armv6-m/crt0.o (__libc_init_array)
c:/program files (x86)/cypress/psoc creator/4.1/psoc creator/import/gnu/arm/5.4.1/bin/../lib/gcc/arm-none-eabi/5.4.1/../../../../arm-none-eabi/lib/armv6-m\libg_nano.a(lib_a-memcpy-stub.o)
                              .\CortexM0p\ARM_GCC_541\Debug\main.o (memcpy)
c:/program files (x86)/cypress/psoc creator/4.1/psoc creator/import/gnu/arm/5.4.1/bin/../lib/gcc/arm-none-eabi/5.4.1/../../../../arm-none-eabi/lib/armv6-m\libg_nano.a(lib_a-memset.o)
                              c:/program files (x86)/cypress/psoc creator/4.1/psoc creator/import/gnu/arm/5.4.1/bin/../lib/gcc/arm-none-eabi/5.4.1/../../../../arm-none-eabi/lib/armv6-m/crt0.o (memset)

Allocating common symbols
Common symbol       size              file

data                0x1               .\CortexM0p\ARM_GCC_541\Debug\main.o

Discarded input sections

 .text          0x00000000        0x0 c:/program files (x86)/cypress/psoc creator/4.1/psoc creator/import/gnu/arm/5.4.1/bin/../lib/gcc/arm-none-eabi/5.4.1/armv6-m/crti.o
 .data          0x00000000        0x0 c:/program files (x86)/cypress/psoc creator/4.1/psoc creator/import/gnu/arm/5.4.1/bin/../lib/gcc/arm-none-eabi/5.4.1/armv6-m/crti.o
 .bss           0x00000000        0x0 c:/program files (x86)/cypress/psoc creator/4.1/psoc creator/import/gnu/arm/5.4.1/bin/../lib/gcc/arm-none-eabi/5.4.1/armv6-m/crti.o
 .data          0x00000000        0x4 c:/program files (x86)/cypress/psoc creator/4.1/psoc creator/import/gnu/arm/5.4.1/bin/../lib/gcc/arm-none-eabi/5.4.1/armv6-m/crtbegin.o
 .text          0x00000000       0x78 c:/program files (x86)/cypress/psoc creator/4.1/psoc creator/import/gnu/arm/5.4.1/bin/../lib/gcc/arm-none-eabi/5.4.1/../../../../arm-none-eabi/lib/armv6-m/crt0.o
 .data          0x00000000        0x0 c:/program files (x86)/cypress/psoc creator/4.1/psoc creator/import/gnu/arm/5.4.1/bin/../lib/gcc/arm-none-eabi/5.4.1/../../../../arm-none-eabi/lib/armv6-m/crt0.o
 .bss           0x00000000        0x0 c:/program files (x86)/cypress/psoc creator/4.1/psoc creator/import/gnu/arm/5.4.1/bin/../lib/gcc/arm-none-eabi/5.4.1/../../../../arm-none-eabi/lib/armv6-m/crt0.o
 .ARM.extab     0x00000000        0x0 c:/program files (x86)/cypress/psoc creator/4.1/psoc creator/import/gnu/arm/5.4.1/bin/../lib/gcc/arm-none-eabi/5.4.1/../../../../arm-none-eabi/lib/armv6-m/crt0.o
 .ARM.exidx     0x00000000        0x8 c:/program files (x86)/cypress/psoc creator/4.1/psoc creator/import/gnu/arm/5.4.1/bin/../lib/gcc/arm-none-eabi/5.4.1/../../../../arm-none-eabi/lib/armv6-m/crt0.o
 .text          0x00000000        0x0 .\CortexM0p\ARM_GCC_541\Debug\main.o
 .data          0x00000000        0x0 .\CortexM0p\ARM_GCC_541\Debug\main.o
 .text          0x00000000        0x0 .\CortexM0p\ARM_GCC_541\Debug\cyfitter_cfg.o
 .data          0x00000000        0x0 .\CortexM0p\ARM_GCC_541\Debug\cyfitter_cfg.o
 .bss           0x00000000        0x0 .\CortexM0p\ARM_GCC_541\Debug\cyfitter_cfg.o
 .text          0x00000000        0x0 .\CortexM0p\ARM_GCC_541\Debug\cymetadata.o
 .data          0x00000000        0x0 .\CortexM0p\ARM_GCC_541\Debug\cymetadata.o
 .bss           0x00000000        0x0 .\CortexM0p\ARM_GCC_541\Debug\cymetadata.o
 .text          0x00000000        0x0 .\CortexM0p\ARM_GCC_541\Debug\Cm0plusStart.o
 .data          0x00000000        0x4 .\CortexM0p\ARM_GCC_541\Debug\Cm0plusStart.o
 .bss           0x00000000        0x0 .\CortexM0p\ARM_GCC_541\Debug\Cm0plusStart.o
 .text._exit    0x00000000        0xc .\CortexM0p\ARM_GCC_541\Debug\Cm0plusStart.o
 .text._sbrk    0x00000000       0x30 .\CortexM0p\ARM_GCC_541\Debug\Cm0plusStart.o
 .text          0x00000000        0x0 .\CortexM0p\ARM_GCC_541\Debug\00_Basic_Rx.a(nRF24_NRF_FUNCS.o)
 .data          0x00000000        0x0 .\CortexM0p\ARM_GCC_541\Debug\00_Basic_Rx.a(nRF24_NRF_FUNCS.o)
 .bss           0x00000000        0x0 .\CortexM0p\ARM_GCC_541\Debug\00_Basic_Rx.a(nRF24_NRF_FUNCS.o)
 .text.nRF24_enable
                0x00000000        0x4 .\CortexM0p\ARM_GCC_541\Debug\00_Basic_Rx.a(nRF24_NRF_FUNCS.o)
 .text.nRF24_stop
                0x00000000        0x4 .\CortexM0p\ARM_GCC_541\Debug\00_Basic_Rx.a(nRF24_NRF_FUNCS.o)
 .text.nRF24_sleep
                0x00000000        0x4 .\CortexM0p\ARM_GCC_541\Debug\00_Basic_Rx.a(nRF24_NRF_FUNCS.o)
 .text.nRF24_wakeup
                0x00000000        0x4 .\CortexM0p\ARM_GCC_541\Debug\00_Basic_Rx.a(nRF24_NRF_FUNCS.o)
 .text.nRF24_saveConfig
                0x00000000        0x4 .\CortexM0p\ARM_GCC_541\Debug\00_Basic_Rx.a(nRF24_NRF_FUNCS.o)
 .text.nRF24_restoreConfig
                0x00000000        0x4 .\CortexM0p\ARM_GCC_541\Debug\00_Basic_Rx.a(nRF24_NRF_FUNCS.o)
 .text.nRF24_setPowerDownMode
                0x00000000        0xc .\CortexM0p\ARM_GCC_541\Debug\00_Basic_Rx.a(nRF24_NRF_FUNCS.o)
 .text.nRF24_setRxMode
                0x00000000        0xc .\CortexM0p\ARM_GCC_541\Debug\00_Basic_Rx.a(nRF24_NRF_FUNCS.o)
 .text.nRF24_setTxMode
                0x00000000        0xc .\CortexM0p\ARM_GCC_541\Debug\00_Basic_Rx.a(nRF24_NRF_FUNCS.o)
 .text.nRF24_setMode
                0x00000000       0x14 .\CortexM0p\ARM_GCC_541\Debug\00_Basic_Rx.a(nRF24_NRF_FUNCS.o)
 .text.nRF24_enableAutoACK
                0x00000000        0xc .\CortexM0p\ARM_GCC_541\Debug\00_Basic_Rx.a(nRF24_NRF_FUNCS.o)
 .text.nRF24_disableAutoACK
                0x00000000        0xc .\CortexM0p\ARM_GCC_541\Debug\00_Basic_Rx.a(nRF24_NRF_FUNCS.o)
 .text.nRF24_setChannel
                0x00000000       0x14 .\CortexM0p\ARM_GCC_541\Debug\00_Basic_Rx.a(nRF24_NRF_FUNCS.o)
 .text.nRF24_setPipesAddressWidth
                0x00000000        0xc .\CortexM0p\ARM_GCC_541\Debug\00_Basic_Rx.a(nRF24_NRF_FUNCS.o)
 .text.nRF24_getPipesAddressWidth
                0x00000000       0x24 .\CortexM0p\ARM_GCC_541\Debug\00_Basic_Rx.a(nRF24_NRF_FUNCS.o)
 .text.nRF24_setRxAddress
                0x00000000       0x18 .\CortexM0p\ARM_GCC_541\Debug\00_Basic_Rx.a(nRF24_NRF_FUNCS.o)
 .text.nRF24_getRxAddress
                0x00000000       0x18 .\CortexM0p\ARM_GCC_541\Debug\00_Basic_Rx.a(nRF24_NRF_FUNCS.o)
 .text.nRF24_getRxPipe0Address
                0x00000000       0x18 .\CortexM0p\ARM_GCC_541\Debug\00_Basic_Rx.a(nRF24_NRF_FUNCS.o)
 .text.nRF24_setRxPipe1Address
                0x00000000       0x18 .\CortexM0p\ARM_GCC_541\Debug\00_Basic_Rx.a(nRF24_NRF_FUNCS.o)
 .text.nRF24_getRxPipe1Address
                0x00000000       0x18 .\CortexM0p\ARM_GCC_541\Debug\00_Basic_Rx.a(nRF24_NRF_FUNCS.o)
 .text.nRF24_setRxPipe2Address
                0x00000000        0xc .\CortexM0p\ARM_GCC_541\Debug\00_Basic_Rx.a(nRF24_NRF_FUNCS.o)
 .text.nRF24_getRxPipe2Address
                0x00000000       0x24 .\CortexM0p\ARM_GCC_541\Debug\00_Basic_Rx.a(nRF24_NRF_FUNCS.o)
 .text.nRF24_setRxPipe3Address
                0x00000000        0xc .\CortexM0p\ARM_GCC_541\Debug\00_Basic_Rx.a(nRF24_NRF_FUNCS.o)
 .text.nRF24_getRxPipe3Address
                0x00000000       0x24 .\CortexM0p\ARM_GCC_541\Debug\00_Basic_Rx.a(nRF24_NRF_FUNCS.o)
 .text.nRF24_setRxPipe4Address
                0x00000000        0xc .\CortexM0p\ARM_GCC_541\Debug\00_Basic_Rx.a(nRF24_NRF_FUNCS.o)
 .text.nRF24_getRxPipe4Address
                0x00000000       0x24 .\CortexM0p\ARM_GCC_541\Debug\00_Basic_Rx.a(nRF24_NRF_FUNCS.o)
 .text.nRF24_setRxPipe5Address
                0x00000000        0xc .\CortexM0p\ARM_GCC_541\Debug\00_Basic_Rx.a(nRF24_NRF_FUNCS.o)
 .text.nRF24_getRxPipe5Address
                0x00000000       0x24 .\CortexM0p\ARM_GCC_541\Debug\00_Basic_Rx.a(nRF24_NRF_FUNCS.o)
 .text.nRF24_getTxAddress
                0x00000000       0x18 .\CortexM0p\ARM_GCC_541\Debug\00_Basic_Rx.a(nRF24_NRF_FUNCS.o)
 .text.nRF24_enableDynamicPayload
                0x00000000       0x28 .\CortexM0p\ARM_GCC_541\Debug\00_Basic_Rx.a(nRF24_NRF_FUNCS.o)
 .text.nRF24_disableDynamicPayload
                0x00000000       0x28 .\CortexM0p\ARM_GCC_541\Debug\00_Basic_Rx.a(nRF24_NRF_FUNCS.o)
 .text.nRF24_enableDynamicPayloadLength
                0x00000000        0xc .\CortexM0p\ARM_GCC_541\Debug\00_Basic_Rx.a(nRF24_NRF_FUNCS.o)
 .text.nRF24_disableDynamicPayloadLength
                0x00000000        0xc .\CortexM0p\ARM_GCC_541\Debug\00_Basic_Rx.a(nRF24_NRF_FUNCS.o)
 .text.nRF24_enablePayloadWithACK
                0x00000000        0xc .\CortexM0p\ARM_GCC_541\Debug\00_Basic_Rx.a(nRF24_NRF_FUNCS.o)
 .text.nRF24_disablePayloadWithACK
                0x00000000        0xc .\CortexM0p\ARM_GCC_541\Debug\00_Basic_Rx.a(nRF24_NRF_FUNCS.o)
 .text.nRF24_enablePayloadWithNoACKCmd
                0x00000000        0xc .\CortexM0p\ARM_GCC_541\Debug\00_Basic_Rx.a(nRF24_NRF_FUNCS.o)
 .text.nRF24_disablePayloadWithNoACKCmd
                0x00000000        0xc .\CortexM0p\ARM_GCC_541\Debug\00_Basic_Rx.a(nRF24_NRF_FUNCS.o)
 .text.nRF24_setStandbyIMode
                0x00000000       0x14 .\CortexM0p\ARM_GCC_541\Debug\00_Basic_Rx.a(nRF24_NRF_FUNCS.o)
 .text.nRF24_setStandbyIIMode
                0x00000000       0x14 .\CortexM0p\ARM_GCC_541\Debug\00_Basic_Rx.a(nRF24_NRF_FUNCS.o)
 .text.nRF24_stopListening
                0x00000000        0xc .\CortexM0p\ARM_GCC_541\Debug\00_Basic_Rx.a(nRF24_NRF_FUNCS.o)
 .text.nRF24_transmitPulse
                0x00000000       0x18 .\CortexM0p\ARM_GCC_541\Debug\00_Basic_Rx.a(nRF24_NRF_FUNCS.o)
 .text.nRF24_PTX_reuseLastTransmittedPayload
                0x00000000        0xc .\CortexM0p\ARM_GCC_541\Debug\00_Basic_Rx.a(nRF24_NRF_FUNCS.o)
 .text.nRF24_getStatus
                0x00000000        0x8 .\CortexM0p\ARM_GCC_541\Debug\00_Basic_Rx.a(nRF24_NRF_FUNCS.o)
 .text.nRF24_getRetransmissionsCount
                0x00000000       0x10 .\CortexM0p\ARM_GCC_541\Debug\00_Basic_Rx.a(nRF24_NRF_FUNCS.o)
 .text.nRF24_getLostPacketsCount
                0x00000000       0x10 .\CortexM0p\ARM_GCC_541\Debug\00_Basic_Rx.a(nRF24_NRF_FUNCS.o)
 .text.nRF24_putInTXFIFO
                0x00000000        0x8 .\CortexM0p\ARM_GCC_541\Debug\00_Basic_Rx.a(nRF24_NRF_FUNCS.o)
 .text.nRF24_PTX_Transmit
                0x00000000       0x10 .\CortexM0p\ARM_GCC_541\Debug\00_Basic_Rx.a(nRF24_NRF_FUNCS.o)
 .text.nRF24_isDataReady
                0x00000000       0x10 .\CortexM0p\ARM_GCC_541\Debug\00_Basic_Rx.a(nRF24_NRF_FUNCS.o)
 .text.nRF24_txTransmitWaitNoACK
                0x00000000        0xc .\CortexM0p\ARM_GCC_541\Debug\00_Basic_Rx.a(nRF24_NRF_FUNCS.o)
 .text.nRF24_rxWritePayload
                0x00000000        0x8 .\CortexM0p\ARM_GCC_541\Debug\00_Basic_Rx.a(nRF24_NRF_FUNCS.o)
 .text.nRF24_getDataPipeWithPayload
                0x00000000       0x10 .\CortexM0p\ARM_GCC_541\Debug\00_Basic_Rx.a(nRF24_NRF_FUNCS.o)
 .text.nRF24_PRX_receivedPowerDetector
                0x00000000        0xc .\CortexM0p\ARM_GCC_541\Debug\00_Basic_Rx.a(nRF24_NRF_FUNCS.o)
 .text.nRF24_isTXFIFOFull
                0x00000000        0xc .\CortexM0p\ARM_GCC_541\Debug\00_Basic_Rx.a(nRF24_NRF_FUNCS.o)
 .text.nRF24_isRXFIFOEmpty
                0x00000000        0xc .\CortexM0p\ARM_GCC_541\Debug\00_Basic_Rx.a(nRF24_NRF_FUNCS.o)
 .text          0x00000000        0x0 .\CortexM0p\ARM_GCC_541\Debug\00_Basic_Rx.a(nRF24_LL_SPI.o)
 .data          0x00000000        0x0 .\CortexM0p\ARM_GCC_541\Debug\00_Basic_Rx.a(nRF24_LL_SPI.o)
 .bss           0x00000000        0x0 .\CortexM0p\ARM_GCC_541\Debug\00_Basic_Rx.a(nRF24_LL_SPI.o)
 .text.nRF24_readLongRegister
                0x00000000       0x50 .\CortexM0p\ARM_GCC_541\Debug\00_Basic_Rx.a(nRF24_LL_SPI.o)
 .text.nRF24_readBit
                0x00000000       0x10 .\CortexM0p\ARM_GCC_541\Debug\00_Basic_Rx.a(nRF24_LL_SPI.o)
 .text.nRF24_writeBit
                0x00000000       0x38 .\CortexM0p\ARM_GCC_541\Debug\00_Basic_Rx.a(nRF24_LL_SPI.o)
 .text.nRF24_clearBit
                0x00000000        0xc .\CortexM0p\ARM_GCC_541\Debug\00_Basic_Rx.a(nRF24_LL_SPI.o)
 .text.nRF24_setBit
                0x00000000        0xc .\CortexM0p\ARM_GCC_541\Debug\00_Basic_Rx.a(nRF24_LL_SPI.o)
 .text          0x00000000        0x0 .\CortexM0p\ARM_GCC_541\Debug\00_Basic_Rx.a(nRF24_NRF_COMMANDS.o)
 .data          0x00000000        0x0 .\CortexM0p\ARM_GCC_541\Debug\00_Basic_Rx.a(nRF24_NRF_COMMANDS.o)
 .bss           0x00000000        0x0 .\CortexM0p\ARM_GCC_541\Debug\00_Basic_Rx.a(nRF24_NRF_COMMANDS.o)
 .text.nRF24_PTX_ReuseTxPayloadCmd
                0x00000000        0xc .\CortexM0p\ARM_GCC_541\Debug\00_Basic_Rx.a(nRF24_NRF_COMMANDS.o)
 .text.nRF24_WriteTXPayloadCmd
                0x00000000       0x3c .\CortexM0p\ARM_GCC_541\Debug\00_Basic_Rx.a(nRF24_NRF_COMMANDS.o)
 .text.nRF24_ReadPayloadWidthCmd
                0x00000000       0x40 .\CortexM0p\ARM_GCC_541\Debug\00_Basic_Rx.a(nRF24_NRF_COMMANDS.o)
 .text.nRF24_PRX_WriteACKPayloadCmd
                0x00000000       0x44 .\CortexM0p\ARM_GCC_541\Debug\00_Basic_Rx.a(nRF24_NRF_COMMANDS.o)
 .text.nRF24_PTX_NoACKPayloadCmd
                0x00000000       0x3c .\CortexM0p\ARM_GCC_541\Debug\00_Basic_Rx.a(nRF24_NRF_COMMANDS.o)
 .text          0x00000000        0x0 .\CortexM0p\ARM_GCC_541\Debug\00_Basic_Rx.a(UART.o)
 .text.UART_Stop
                0x00000000        0x4 .\CortexM0p\ARM_GCC_541\Debug\00_Basic_Rx.a(UART.o)
 .text.UART_PutArray
                0x00000000       0x18 .\CortexM0p\ARM_GCC_541\Debug\00_Basic_Rx.a(UART.o)
 .text.UART_PutHexByte
                0x00000000       0x20 .\CortexM0p\ARM_GCC_541\Debug\00_Basic_Rx.a(UART.o)
 .text.UART_PutHexInt
                0x00000000       0x14 .\CortexM0p\ARM_GCC_541\Debug\00_Basic_Rx.a(UART.o)
 .text.UART_PutCRLF
                0x00000000       0x10 .\CortexM0p\ARM_GCC_541\Debug\00_Basic_Rx.a(UART.o)
 .rodata        0x00000000       0x11 .\CortexM0p\ARM_GCC_541\Debug\00_Basic_Rx.a(UART.o)
 .text          0x00000000        0x0 .\CortexM0p\ARM_GCC_541\Debug\00_Basic_Rx.a(SPI.o)
 .data          0x00000000        0x0 .\CortexM0p\ARM_GCC_541\Debug\00_Basic_Rx.a(SPI.o)
 .text.SPI_ScbModeStop
                0x00000000        0x8 .\CortexM0p\ARM_GCC_541\Debug\00_Basic_Rx.a(SPI.o)
 .text.SPI_Stop
                0x00000000       0x20 .\CortexM0p\ARM_GCC_541\Debug\00_Basic_Rx.a(SPI.o)
 .text.SPI_SetRxFifoLevel
                0x00000000       0x14 .\CortexM0p\ARM_GCC_541\Debug\00_Basic_Rx.a(SPI.o)
 .text.SPI_SetTxFifoLevel
                0x00000000       0x14 .\CortexM0p\ARM_GCC_541\Debug\00_Basic_Rx.a(SPI.o)
 .text          0x00000000        0x0 .\CortexM0p\ARM_GCC_541\Debug\00_Basic_Rx.a(SPI_SPI_UART.o)
 .data          0x00000000        0x0 .\CortexM0p\ARM_GCC_541\Debug\00_Basic_Rx.a(SPI_SPI_UART.o)
 .bss           0x00000000        0x0 .\CortexM0p\ARM_GCC_541\Debug\00_Basic_Rx.a(SPI_SPI_UART.o)
 .text.SPI_SpiUartGetTxBufferSize
                0x00000000       0x10 .\CortexM0p\ARM_GCC_541\Debug\00_Basic_Rx.a(SPI_SPI_UART.o)
 .text.SPI_SpiUartDisableIntRx
                0x00000000       0x10 .\CortexM0p\ARM_GCC_541\Debug\00_Basic_Rx.a(SPI_SPI_UART.o)
 .text.SPI_SpiUartDisableIntTx
                0x00000000       0x10 .\CortexM0p\ARM_GCC_541\Debug\00_Basic_Rx.a(SPI_SPI_UART.o)
 .text          0x00000000        0x0 .\CortexM0p\ARM_GCC_541\Debug\00_Basic_Rx.a(SPI_SPI.o)
 .data          0x00000000        0x0 .\CortexM0p\ARM_GCC_541\Debug\00_Basic_Rx.a(SPI_SPI.o)
 .bss           0x00000000        0x0 .\CortexM0p\ARM_GCC_541\Debug\00_Basic_Rx.a(SPI_SPI.o)
 .text.SPI_SpiStop
                0x00000000       0x40 .\CortexM0p\ARM_GCC_541\Debug\00_Basic_Rx.a(SPI_SPI.o)
 .text.SPI_SpiSetSlaveSelectPolarity
                0x00000000       0x28 .\CortexM0p\ARM_GCC_541\Debug\00_Basic_Rx.a(SPI_SPI.o)
 .text          0x00000000        0x0 .\CortexM0p\ARM_GCC_541\Debug\00_Basic_Rx.a(IRQ.o)
 .data          0x00000000        0x0 .\CortexM0p\ARM_GCC_541\Debug\00_Basic_Rx.a(IRQ.o)
 .bss           0x00000000        0x0 .\CortexM0p\ARM_GCC_541\Debug\00_Basic_Rx.a(IRQ.o)
 .text.IRQ_SetDriveMode
                0x00000000       0x18 .\CortexM0p\ARM_GCC_541\Debug\00_Basic_Rx.a(IRQ.o)
 .text.IRQ_Write
                0x00000000       0x18 .\CortexM0p\ARM_GCC_541\Debug\00_Basic_Rx.a(IRQ.o)
 .text.IRQ_Read
                0x00000000       0x10 .\CortexM0p\ARM_GCC_541\Debug\00_Basic_Rx.a(IRQ.o)
 .text.IRQ_ReadDataReg
                0x00000000       0x10 .\CortexM0p\ARM_GCC_541\Debug\00_Basic_Rx.a(IRQ.o)
 .text.IRQ_SetInterruptMode
                0x00000000       0x14 .\CortexM0p\ARM_GCC_541\Debug\00_Basic_Rx.a(IRQ.o)
 .text          0x00000000        0x0 .\CortexM0p\ARM_GCC_541\Debug\00_Basic_Rx.a(isr_IRQ.o)
 .data          0x00000000        0x0 .\CortexM0p\ARM_GCC_541\Debug\00_Basic_Rx.a(isr_IRQ.o)
 .bss           0x00000000        0x0 .\CortexM0p\ARM_GCC_541\Debug\00_Basic_Rx.a(isr_IRQ.o)
 .text.isr_IRQ_Interrupt
                0x00000000        0x4 .\CortexM0p\ARM_GCC_541\Debug\00_Basic_Rx.a(isr_IRQ.o)
 .text.isr_IRQ_GetVector
                0x00000000        0xc .\CortexM0p\ARM_GCC_541\Debug\00_Basic_Rx.a(isr_IRQ.o)
 .text.isr_IRQ_GetPriority
                0x00000000       0x10 .\CortexM0p\ARM_GCC_541\Debug\00_Basic_Rx.a(isr_IRQ.o)
 .text.isr_IRQ_GetState
                0x00000000       0x14 .\CortexM0p\ARM_GCC_541\Debug\00_Basic_Rx.a(isr_IRQ.o)
 .text.isr_IRQ_Start
                0x00000000       0x1c .\CortexM0p\ARM_GCC_541\Debug\00_Basic_Rx.a(isr_IRQ.o)
 .text.isr_IRQ_Stop
                0x00000000       0x14 .\CortexM0p\ARM_GCC_541\Debug\00_Basic_Rx.a(isr_IRQ.o)
 .text.isr_IRQ_SetPending
                0x00000000        0xc .\CortexM0p\ARM_GCC_541\Debug\00_Basic_Rx.a(isr_IRQ.o)
 .text.isr_IRQ_ClearPending
                0x00000000        0xc .\CortexM0p\ARM_GCC_541\Debug\00_Basic_Rx.a(isr_IRQ.o)
 .text          0x00000000        0x0 .\CortexM0p\ARM_GCC_541\Debug\00_Basic_Rx.a(SS.o)
 .data          0x00000000        0x0 .\CortexM0p\ARM_GCC_541\Debug\00_Basic_Rx.a(SS.o)
 .bss           0x00000000        0x0 .\CortexM0p\ARM_GCC_541\Debug\00_Basic_Rx.a(SS.o)
 .text.SS_SetDriveMode
                0x00000000       0x18 .\CortexM0p\ARM_GCC_541\Debug\00_Basic_Rx.a(SS.o)
 .text.SS_Read  0x00000000       0x10 .\CortexM0p\ARM_GCC_541\Debug\00_Basic_Rx.a(SS.o)
 .text.SS_ReadDataReg
                0x00000000       0x10 .\CortexM0p\ARM_GCC_541\Debug\00_Basic_Rx.a(SS.o)
 .text.SS_SetInterruptMode
                0x00000000       0x14 .\CortexM0p\ARM_GCC_541\Debug\00_Basic_Rx.a(SS.o)
 .text.SS_ClearInterrupt
                0x00000000       0x14 .\CortexM0p\ARM_GCC_541\Debug\00_Basic_Rx.a(SS.o)
 .text          0x00000000        0x0 .\CortexM0p\ARM_GCC_541\Debug\00_Basic_Rx.a(CE.o)
 .data          0x00000000        0x0 .\CortexM0p\ARM_GCC_541\Debug\00_Basic_Rx.a(CE.o)
 .bss           0x00000000        0x0 .\CortexM0p\ARM_GCC_541\Debug\00_Basic_Rx.a(CE.o)
 .text.CE_SetDriveMode
                0x00000000       0x18 .\CortexM0p\ARM_GCC_541\Debug\00_Basic_Rx.a(CE.o)
 .text.CE_Read  0x00000000       0x10 .\CortexM0p\ARM_GCC_541\Debug\00_Basic_Rx.a(CE.o)
 .text.CE_ReadDataReg
                0x00000000       0x10 .\CortexM0p\ARM_GCC_541\Debug\00_Basic_Rx.a(CE.o)
 .text.CE_SetInterruptMode
                0x00000000       0x14 .\CortexM0p\ARM_GCC_541\Debug\00_Basic_Rx.a(CE.o)
 .text.CE_ClearInterrupt
                0x00000000       0x14 .\CortexM0p\ARM_GCC_541\Debug\00_Basic_Rx.a(CE.o)
 .text          0x00000000        0x0 .\CortexM0p\ARM_GCC_541\Debug\00_Basic_Rx.a(SPI_sclk_m.o)
 .data          0x00000000        0x0 .\CortexM0p\ARM_GCC_541\Debug\00_Basic_Rx.a(SPI_sclk_m.o)
 .bss           0x00000000        0x0 .\CortexM0p\ARM_GCC_541\Debug\00_Basic_Rx.a(SPI_sclk_m.o)
 .text.SPI_sclk_m_SetDriveMode
                0x00000000       0x18 .\CortexM0p\ARM_GCC_541\Debug\00_Basic_Rx.a(SPI_sclk_m.o)
 .text.SPI_sclk_m_Write
                0x00000000       0x18 .\CortexM0p\ARM_GCC_541\Debug\00_Basic_Rx.a(SPI_sclk_m.o)
 .text.SPI_sclk_m_Read
                0x00000000       0x10 .\CortexM0p\ARM_GCC_541\Debug\00_Basic_Rx.a(SPI_sclk_m.o)
 .text.SPI_sclk_m_ReadDataReg
                0x00000000       0x10 .\CortexM0p\ARM_GCC_541\Debug\00_Basic_Rx.a(SPI_sclk_m.o)
 .text.SPI_sclk_m_SetInterruptMode
                0x00000000       0x14 .\CortexM0p\ARM_GCC_541\Debug\00_Basic_Rx.a(SPI_sclk_m.o)
 .text.SPI_sclk_m_ClearInterrupt
                0x00000000       0x14 .\CortexM0p\ARM_GCC_541\Debug\00_Basic_Rx.a(SPI_sclk_m.o)
 .text          0x00000000        0x0 .\CortexM0p\ARM_GCC_541\Debug\00_Basic_Rx.a(CyLib.o)
 .bss           0x00000000       0x18 .\CortexM0p\ARM_GCC_541\Debug\00_Basic_Rx.a(CyLib.o)
 .text.CySysClkImoStart
                0x00000000       0x14 .\CortexM0p\ARM_GCC_541\Debug\00_Basic_Rx.a(CyLib.o)
 .text.CySysClkImoStop
                0x00000000       0x18 .\CortexM0p\ARM_GCC_541\Debug\00_Basic_Rx.a(CyLib.o)
 .text.CySysClkWriteHfclkDirect
                0x00000000       0x20 .\CortexM0p\ARM_GCC_541\Debug\00_Basic_Rx.a(CyLib.o)
 .text.CySysEnablePumpClock
                0x00000000       0x34 .\CortexM0p\ARM_GCC_541\Debug\00_Basic_Rx.a(CyLib.o)
 .text.CySysClkGetSysclkSource
                0x00000000       0x1c .\CortexM0p\ARM_GCC_541\Debug\00_Basic_Rx.a(CyLib.o)
 .text.CySysClkWriteSysclkDiv
                0x00000000       0x24 .\CortexM0p\ARM_GCC_541\Debug\00_Basic_Rx.a(CyLib.o)
 .text.CySysClkWriteHfclkDiv
                0x00000000       0x24 .\CortexM0p\ARM_GCC_541\Debug\00_Basic_Rx.a(CyLib.o)
 .text.CySysGetResetReason
                0x00000000       0x14 .\CortexM0p\ARM_GCC_541\Debug\00_Basic_Rx.a(CyLib.o)
 .text.CyDisableInts
                0x00000000       0x10 .\CortexM0p\ARM_GCC_541\Debug\00_Basic_Rx.a(CyLib.o)
 .text.CyEnableInts
                0x00000000        0xc .\CortexM0p\ARM_GCC_541\Debug\00_Basic_Rx.a(CyLib.o)
 .text.CyIntEnable
                0x00000000       0x14 .\CortexM0p\ARM_GCC_541\Debug\00_Basic_Rx.a(CyLib.o)
 .text.CyIntGetState
                0x00000000       0x18 .\CortexM0p\ARM_GCC_541\Debug\00_Basic_Rx.a(CyLib.o)
 .text.CyIntDisable
                0x00000000       0x14 .\CortexM0p\ARM_GCC_541\Debug\00_Basic_Rx.a(CyLib.o)
 .text.CyIntSetPending
                0x00000000       0x14 .\CortexM0p\ARM_GCC_541\Debug\00_Basic_Rx.a(CyLib.o)
 .text.CyIntClearPending
                0x00000000       0x14 .\CortexM0p\ARM_GCC_541\Debug\00_Basic_Rx.a(CyLib.o)
 .text.CyIntSetSysVector
                0x00000000       0x20 .\CortexM0p\ARM_GCC_541\Debug\00_Basic_Rx.a(CyLib.o)
 .text.CyIntGetSysVector
                0x00000000       0x1c .\CortexM0p\ARM_GCC_541\Debug\00_Basic_Rx.a(CyLib.o)
 .text.CyIntSetVector
                0x00000000       0x24 .\CortexM0p\ARM_GCC_541\Debug\00_Basic_Rx.a(CyLib.o)
 .text.CyIntGetVector
                0x00000000       0x20 .\CortexM0p\ARM_GCC_541\Debug\00_Basic_Rx.a(CyLib.o)
 .text.CyIntSetPriority
                0x00000000       0x4c .\CortexM0p\ARM_GCC_541\Debug\00_Basic_Rx.a(CyLib.o)
 .text.CyIntGetPriority
                0x00000000       0x2c .\CortexM0p\ARM_GCC_541\Debug\00_Basic_Rx.a(CyLib.o)
 .text.CySoftwareReset
                0x00000000       0x18 .\CortexM0p\ARM_GCC_541\Debug\00_Basic_Rx.a(CyLib.o)
 .text.CyDelayUs
                0x00000000       0x14 .\CortexM0p\ARM_GCC_541\Debug\00_Basic_Rx.a(CyLib.o)
 .text.CyDelayFreq
                0x00000000       0x4c .\CortexM0p\ARM_GCC_541\Debug\00_Basic_Rx.a(CyLib.o)
 .text.CySysTickStop
                0x00000000       0x10 .\CortexM0p\ARM_GCC_541\Debug\00_Basic_Rx.a(CyLib.o)
 .text.CySysTickEnableInterrupt
                0x00000000       0x10 .\CortexM0p\ARM_GCC_541\Debug\00_Basic_Rx.a(CyLib.o)
 .text.CySysTickEnable
                0x00000000       0x18 .\CortexM0p\ARM_GCC_541\Debug\00_Basic_Rx.a(CyLib.o)
 .text.CySysTickDisableInterrupt
                0x00000000       0x10 .\CortexM0p\ARM_GCC_541\Debug\00_Basic_Rx.a(CyLib.o)
 .text.CySysTickSetReload
                0x00000000       0x10 .\CortexM0p\ARM_GCC_541\Debug\00_Basic_Rx.a(CyLib.o)
 .text.CySysTickGetReload
                0x00000000       0x10 .\CortexM0p\ARM_GCC_541\Debug\00_Basic_Rx.a(CyLib.o)
 .text.CySysTickGetValue
                0x00000000       0x10 .\CortexM0p\ARM_GCC_541\Debug\00_Basic_Rx.a(CyLib.o)
 .text.CySysTickSetClockSource
                0x00000000       0x20 .\CortexM0p\ARM_GCC_541\Debug\00_Basic_Rx.a(CyLib.o)
 .text.CySysTickGetClockSource
                0x00000000       0x10 .\CortexM0p\ARM_GCC_541\Debug\00_Basic_Rx.a(CyLib.o)
 .text.CySysTickGetCountFlag
                0x00000000       0x10 .\CortexM0p\ARM_GCC_541\Debug\00_Basic_Rx.a(CyLib.o)
 .text.CySysTickServiceCallbacks
                0x00000000       0x28 .\CortexM0p\ARM_GCC_541\Debug\00_Basic_Rx.a(CyLib.o)
 .text.CySysTickClear
                0x00000000        0xc .\CortexM0p\ARM_GCC_541\Debug\00_Basic_Rx.a(CyLib.o)
 .text.CySysTickInit
                0x00000000       0x44 .\CortexM0p\ARM_GCC_541\Debug\00_Basic_Rx.a(CyLib.o)
 .text.CySysTickStart
                0x00000000       0x20 .\CortexM0p\ARM_GCC_541\Debug\00_Basic_Rx.a(CyLib.o)
 .text.CySysTickSetCallback
                0x00000000       0x10 .\CortexM0p\ARM_GCC_541\Debug\00_Basic_Rx.a(CyLib.o)
 .text.CySysTickGetCallback
                0x00000000        0xc .\CortexM0p\ARM_GCC_541\Debug\00_Basic_Rx.a(CyLib.o)
 .text.CyGetUniqueId
                0x00000000       0x70 .\CortexM0p\ARM_GCC_541\Debug\00_Basic_Rx.a(CyLib.o)
 .text          0x00000000        0x0 .\CortexM0p\ARM_GCC_541\Debug\00_Basic_Rx.a(CyLFClk.o)
 .data          0x00000000        0x0 .\CortexM0p\ARM_GCC_541\Debug\00_Basic_Rx.a(CyLFClk.o)
 .bss           0x00000000        0x8 .\CortexM0p\ARM_GCC_541\Debug\00_Basic_Rx.a(CyLFClk.o)
 .text.CySysClkIloStart
                0x00000000       0x14 .\CortexM0p\ARM_GCC_541\Debug\00_Basic_Rx.a(CyLFClk.o)
 .text.CySysClkIloStop
                0x00000000       0x10 .\CortexM0p\ARM_GCC_541\Debug\00_Basic_Rx.a(CyLFClk.o)
 .text.CySysClkIloStartMeasurement
                0x00000000       0x34 .\CortexM0p\ARM_GCC_541\Debug\00_Basic_Rx.a(CyLFClk.o)
 .text.CySysClkIloStopMeasurement
                0x00000000       0x28 .\CortexM0p\ARM_GCC_541\Debug\00_Basic_Rx.a(CyLFClk.o)
 .text.CySysClkIloCompensate
                0x00000000      0x10c .\CortexM0p\ARM_GCC_541\Debug\00_Basic_Rx.a(CyLFClk.o)
 .text.CySysClkWcoStart
                0x00000000       0x40 .\CortexM0p\ARM_GCC_541\Debug\00_Basic_Rx.a(CyLFClk.o)
 .text.CySysClkWcoStop
                0x00000000       0x1c .\CortexM0p\ARM_GCC_541\Debug\00_Basic_Rx.a(CyLFClk.o)
 .text.CySysClkWcoSetPowerMode
                0x00000000       0x4c .\CortexM0p\ARM_GCC_541\Debug\00_Basic_Rx.a(CyLFClk.o)
 .text.CySysClkWcoClockOutSelect
                0x00000000       0x2c .\CortexM0p\ARM_GCC_541\Debug\00_Basic_Rx.a(CyLFClk.o)
 .text.CySysWdtGetEnabledStatus
                0x00000000       0x1c .\CortexM0p\ARM_GCC_541\Debug\00_Basic_Rx.a(CyLFClk.o)
 .text.CySysWdtEnable
                0x00000000        0xc .\CortexM0p\ARM_GCC_541\Debug\00_Basic_Rx.a(CyLFClk.o)
 .text.CySysWdtSetMatch
                0x00000000       0x18 .\CortexM0p\ARM_GCC_541\Debug\00_Basic_Rx.a(CyLFClk.o)
 .text.CySysWdtGetMatch
                0x00000000       0x10 .\CortexM0p\ARM_GCC_541\Debug\00_Basic_Rx.a(CyLFClk.o)
 .text.CySysWdtGetCount
                0x00000000        0xc .\CortexM0p\ARM_GCC_541\Debug\00_Basic_Rx.a(CyLFClk.o)
 .text.CySysWdtSetIgnoreBits
                0x00000000       0x20 .\CortexM0p\ARM_GCC_541\Debug\00_Basic_Rx.a(CyLFClk.o)
 .text.CySysWdtGetIgnoreBits
                0x00000000       0x10 .\CortexM0p\ARM_GCC_541\Debug\00_Basic_Rx.a(CyLFClk.o)
 .text.CySysWdtClearInterrupt
                0x00000000       0x10 .\CortexM0p\ARM_GCC_541\Debug\00_Basic_Rx.a(CyLFClk.o)
 .text.CySysWdtMaskInterrupt
                0x00000000       0x10 .\CortexM0p\ARM_GCC_541\Debug\00_Basic_Rx.a(CyLFClk.o)
 .text.CySysWdtUnmaskInterrupt
                0x00000000       0x10 .\CortexM0p\ARM_GCC_541\Debug\00_Basic_Rx.a(CyLFClk.o)
 .text.CySysWdtSetInterruptCallback
                0x00000000       0x10 .\CortexM0p\ARM_GCC_541\Debug\00_Basic_Rx.a(CyLFClk.o)
 .text.CySysWdtGetInterruptCallback
                0x00000000        0xc .\CortexM0p\ARM_GCC_541\Debug\00_Basic_Rx.a(CyLFClk.o)
 .text.CySysWdtIsr
                0x00000000       0x18 .\CortexM0p\ARM_GCC_541\Debug\00_Basic_Rx.a(CyLFClk.o)
 .text          0x00000000        0x0 .\CortexM0p\ARM_GCC_541\Debug\00_Basic_Rx.a(LED.o)
 .data          0x00000000        0x0 .\CortexM0p\ARM_GCC_541\Debug\00_Basic_Rx.a(LED.o)
 .bss           0x00000000        0x0 .\CortexM0p\ARM_GCC_541\Debug\00_Basic_Rx.a(LED.o)
 .text.LED_SetDriveMode
                0x00000000       0x18 .\CortexM0p\ARM_GCC_541\Debug\00_Basic_Rx.a(LED.o)
 .text.LED_ReadDataReg
                0x00000000       0x10 .\CortexM0p\ARM_GCC_541\Debug\00_Basic_Rx.a(LED.o)
 .text.LED_SetInterruptMode
                0x00000000       0x14 .\CortexM0p\ARM_GCC_541\Debug\00_Basic_Rx.a(LED.o)
 .text.LED_ClearInterrupt
                0x00000000       0x14 .\CortexM0p\ARM_GCC_541\Debug\00_Basic_Rx.a(LED.o)
 .data          0x00000000        0x0 .\CortexM0p\ARM_GCC_541\Debug\00_Basic_Rx.a(UART_AsmGnu.o)
 .bss           0x00000000        0x0 .\CortexM0p\ARM_GCC_541\Debug\00_Basic_Rx.a(UART_AsmGnu.o)
 .data          0x00000000        0x0 .\CortexM0p\ARM_GCC_541\Debug\00_Basic_Rx.a(CyBootAsmGnu.o)
 .bss           0x00000000        0x0 .\CortexM0p\ARM_GCC_541\Debug\00_Basic_Rx.a(CyBootAsmGnu.o)
 .text          0x00000000        0x0 .\CortexM0p\ARM_GCC_541\Debug\00_Basic_Rx.a(CyFlash.o)
 .data          0x00000000        0x0 .\CortexM0p\ARM_GCC_541\Debug\00_Basic_Rx.a(CyFlash.o)
 .bss           0x00000000       0x18 .\CortexM0p\ARM_GCC_541\Debug\00_Basic_Rx.a(CyFlash.o)
 .text.CySysFlashClockBackup
                0x00000000       0x64 .\CortexM0p\ARM_GCC_541\Debug\00_Basic_Rx.a(CyFlash.o)
 .text.CySysFlashClockConfig
                0x00000000       0x54 .\CortexM0p\ARM_GCC_541\Debug\00_Basic_Rx.a(CyFlash.o)
 .text.CySysFlashClockRestore
                0x00000000       0x64 .\CortexM0p\ARM_GCC_541\Debug\00_Basic_Rx.a(CyFlash.o)
 .text.CySysFlashWriteRow
                0x00000000      0x118 .\CortexM0p\ARM_GCC_541\Debug\00_Basic_Rx.a(CyFlash.o)
 .text.CySysSFlashWriteUserRow
                0x00000000      0x108 .\CortexM0p\ARM_GCC_541\Debug\00_Basic_Rx.a(CyFlash.o)
 .data          0x00000000        0x0 c:/program files (x86)/cypress/psoc creator/4.1/psoc creator/import/gnu/arm/5.4.1/bin/../lib/gcc/arm-none-eabi/5.4.1/armv6-m\libgcc.a(_udivsi3.o)
 .bss           0x00000000        0x0 c:/program files (x86)/cypress/psoc creator/4.1/psoc creator/import/gnu/arm/5.4.1/bin/../lib/gcc/arm-none-eabi/5.4.1/armv6-m\libgcc.a(_udivsi3.o)
 .data          0x00000000        0x0 c:/program files (x86)/cypress/psoc creator/4.1/psoc creator/import/gnu/arm/5.4.1/bin/../lib/gcc/arm-none-eabi/5.4.1/armv6-m\libgcc.a(_dvmd_tls.o)
 .bss           0x00000000        0x0 c:/program files (x86)/cypress/psoc creator/4.1/psoc creator/import/gnu/arm/5.4.1/bin/../lib/gcc/arm-none-eabi/5.4.1/armv6-m\libgcc.a(_dvmd_tls.o)
 .text          0x00000000        0x0 c:/program files (x86)/cypress/psoc creator/4.1/psoc creator/import/gnu/arm/5.4.1/bin/../lib/gcc/arm-none-eabi/5.4.1/../../../../arm-none-eabi/lib/armv6-m\libg_nano.a(lib_a-errno.o)
 .data          0x00000000        0x0 c:/program files (x86)/cypress/psoc creator/4.1/psoc creator/import/gnu/arm/5.4.1/bin/../lib/gcc/arm-none-eabi/5.4.1/../../../../arm-none-eabi/lib/armv6-m\libg_nano.a(lib_a-errno.o)
 .bss           0x00000000        0x0 c:/program files (x86)/cypress/psoc creator/4.1/psoc creator/import/gnu/arm/5.4.1/bin/../lib/gcc/arm-none-eabi/5.4.1/../../../../arm-none-eabi/lib/armv6-m\libg_nano.a(lib_a-errno.o)
 .text          0x00000000        0x0 c:/program files (x86)/cypress/psoc creator/4.1/psoc creator/import/gnu/arm/5.4.1/bin/../lib/gcc/arm-none-eabi/5.4.1/../../../../arm-none-eabi/lib/armv6-m\libg_nano.a(lib_a-exit.o)
 .data          0x00000000        0x0 c:/program files (x86)/cypress/psoc creator/4.1/psoc creator/import/gnu/arm/5.4.1/bin/../lib/gcc/arm-none-eabi/5.4.1/../../../../arm-none-eabi/lib/armv6-m\libg_nano.a(lib_a-exit.o)
 .bss           0x00000000        0x0 c:/program files (x86)/cypress/psoc creator/4.1/psoc creator/import/gnu/arm/5.4.1/bin/../lib/gcc/arm-none-eabi/5.4.1/../../../../arm-none-eabi/lib/armv6-m\libg_nano.a(lib_a-exit.o)
 .text.exit     0x00000000       0x2c c:/program files (x86)/cypress/psoc creator/4.1/psoc creator/import/gnu/arm/5.4.1/bin/../lib/gcc/arm-none-eabi/5.4.1/../../../../arm-none-eabi/lib/armv6-m\libg_nano.a(lib_a-exit.o)
 .text          0x00000000        0x0 c:/program files (x86)/cypress/psoc creator/4.1/psoc creator/import/gnu/arm/5.4.1/bin/../lib/gcc/arm-none-eabi/5.4.1/../../../../arm-none-eabi/lib/armv6-m\libg_nano.a(lib_a-impure.o)
 .data          0x00000000        0x0 c:/program files (x86)/cypress/psoc creator/4.1/psoc creator/import/gnu/arm/5.4.1/bin/../lib/gcc/arm-none-eabi/5.4.1/../../../../arm-none-eabi/lib/armv6-m\libg_nano.a(lib_a-impure.o)
 .bss           0x00000000        0x0 c:/program files (x86)/cypress/psoc creator/4.1/psoc creator/import/gnu/arm/5.4.1/bin/../lib/gcc/arm-none-eabi/5.4.1/../../../../arm-none-eabi/lib/armv6-m\libg_nano.a(lib_a-impure.o)
 .rodata._global_impure_ptr
                0x00000000        0x4 c:/program files (x86)/cypress/psoc creator/4.1/psoc creator/import/gnu/arm/5.4.1/bin/../lib/gcc/arm-none-eabi/5.4.1/../../../../arm-none-eabi/lib/armv6-m\libg_nano.a(lib_a-impure.o)
 .text          0x00000000        0x0 c:/program files (x86)/cypress/psoc creator/4.1/psoc creator/import/gnu/arm/5.4.1/bin/../lib/gcc/arm-none-eabi/5.4.1/../../../../arm-none-eabi/lib/armv6-m\libg_nano.a(lib_a-init.o)
 .data          0x00000000        0x0 c:/program files (x86)/cypress/psoc creator/4.1/psoc creator/import/gnu/arm/5.4.1/bin/../lib/gcc/arm-none-eabi/5.4.1/../../../../arm-none-eabi/lib/armv6-m\libg_nano.a(lib_a-init.o)
 .bss           0x00000000        0x0 c:/program files (x86)/cypress/psoc creator/4.1/psoc creator/import/gnu/arm/5.4.1/bin/../lib/gcc/arm-none-eabi/5.4.1/../../../../arm-none-eabi/lib/armv6-m\libg_nano.a(lib_a-init.o)
 .text          0x00000000        0x0 c:/program files (x86)/cypress/psoc creator/4.1/psoc creator/import/gnu/arm/5.4.1/bin/../lib/gcc/arm-none-eabi/5.4.1/../../../../arm-none-eabi/lib/armv6-m\libg_nano.a(lib_a-memcpy-stub.o)
 .data          0x00000000        0x0 c:/program files (x86)/cypress/psoc creator/4.1/psoc creator/import/gnu/arm/5.4.1/bin/../lib/gcc/arm-none-eabi/5.4.1/../../../../arm-none-eabi/lib/armv6-m\libg_nano.a(lib_a-memcpy-stub.o)
 .bss           0x00000000        0x0 c:/program files (x86)/cypress/psoc creator/4.1/psoc creator/import/gnu/arm/5.4.1/bin/../lib/gcc/arm-none-eabi/5.4.1/../../../../arm-none-eabi/lib/armv6-m\libg_nano.a(lib_a-memcpy-stub.o)
 .text          0x00000000        0x0 c:/program files (x86)/cypress/psoc creator/4.1/psoc creator/import/gnu/arm/5.4.1/bin/../lib/gcc/arm-none-eabi/5.4.1/../../../../arm-none-eabi/lib/armv6-m\libg_nano.a(lib_a-memset.o)
 .data          0x00000000        0x0 c:/program files (x86)/cypress/psoc creator/4.1/psoc creator/import/gnu/arm/5.4.1/bin/../lib/gcc/arm-none-eabi/5.4.1/../../../../arm-none-eabi/lib/armv6-m\libg_nano.a(lib_a-memset.o)
 .bss           0x00000000        0x0 c:/program files (x86)/cypress/psoc creator/4.1/psoc creator/import/gnu/arm/5.4.1/bin/../lib/gcc/arm-none-eabi/5.4.1/../../../../arm-none-eabi/lib/armv6-m\libg_nano.a(lib_a-memset.o)
 .text.memset   0x00000000       0x10 c:/program files (x86)/cypress/psoc creator/4.1/psoc creator/import/gnu/arm/5.4.1/bin/../lib/gcc/arm-none-eabi/5.4.1/../../../../arm-none-eabi/lib/armv6-m\libg_nano.a(lib_a-memset.o)
 .text          0x00000000        0x0 c:/program files (x86)/cypress/psoc creator/4.1/psoc creator/import/gnu/arm/5.4.1/bin/../lib/gcc/arm-none-eabi/5.4.1/armv6-m/crtend.o
 .data          0x00000000        0x0 c:/program files (x86)/cypress/psoc creator/4.1/psoc creator/import/gnu/arm/5.4.1/bin/../lib/gcc/arm-none-eabi/5.4.1/armv6-m/crtend.o
 .bss           0x00000000        0x0 c:/program files (x86)/cypress/psoc creator/4.1/psoc creator/import/gnu/arm/5.4.1/bin/../lib/gcc/arm-none-eabi/5.4.1/armv6-m/crtend.o
 .text          0x00000000        0x0 c:/program files (x86)/cypress/psoc creator/4.1/psoc creator/import/gnu/arm/5.4.1/bin/../lib/gcc/arm-none-eabi/5.4.1/armv6-m/crtn.o
 .data          0x00000000        0x0 c:/program files (x86)/cypress/psoc creator/4.1/psoc creator/import/gnu/arm/5.4.1/bin/../lib/gcc/arm-none-eabi/5.4.1/armv6-m/crtn.o
 .bss           0x00000000        0x0 c:/program files (x86)/cypress/psoc creator/4.1/psoc creator/import/gnu/arm/5.4.1/bin/../lib/gcc/arm-none-eabi/5.4.1/armv6-m/crtn.o

Memory Configuration

Name             Origin             Length             Attributes
rom              0x00000000         0x00008000         xr
ram              0x20000000         0x00001000         xrw
*default*        0x00000000         0xffffffff

Linker script and memory map

LOAD c:/program files (x86)/cypress/psoc creator/4.1/psoc creator/import/gnu/arm/5.4.1/bin/../lib/gcc/arm-none-eabi/5.4.1/armv6-m/crti.o
LOAD c:/program files (x86)/cypress/psoc creator/4.1/psoc creator/import/gnu/arm/5.4.1/bin/../lib/gcc/arm-none-eabi/5.4.1/armv6-m/crtbegin.o
LOAD c:/program files (x86)/cypress/psoc creator/4.1/psoc creator/import/gnu/arm/5.4.1/bin/../lib/gcc/arm-none-eabi/5.4.1/../../../../arm-none-eabi/lib/armv6-m/crt0.o
START GROUP
LOAD .\CortexM0p\ARM_GCC_541\Debug\main.o
LOAD .\CortexM0p\ARM_GCC_541\Debug\cyfitter_cfg.o
LOAD .\CortexM0p\ARM_GCC_541\Debug\cymetadata.o
LOAD .\CortexM0p\ARM_GCC_541\Debug\Cm0plusStart.o
LOAD .\CortexM0p\ARM_GCC_541\Debug\00_Basic_Rx.a
END GROUP
START GROUP
LOAD c:/program files (x86)/cypress/psoc creator/4.1/psoc creator/import/gnu/arm/5.4.1/bin/../lib/gcc/arm-none-eabi/5.4.1/armv6-m\libgcc.a
LOAD c:/program files (x86)/cypress/psoc creator/4.1/psoc creator/import/gnu/arm/5.4.1/bin/../lib/gcc/arm-none-eabi/5.4.1/../../../../arm-none-eabi/lib/armv6-m\libg_nano.a
LOAD c:/program files (x86)/cypress/psoc creator/4.1/psoc creator/import/gnu/arm/5.4.1/bin/../lib/gcc/arm-none-eabi/5.4.1/../../../../arm-none-eabi/lib/armv6-m\libc_nano.a
END GROUP
START GROUP
LOAD c:/program files (x86)/cypress/psoc creator/4.1/psoc creator/import/gnu/arm/5.4.1/bin/../lib/gcc/arm-none-eabi/5.4.1/armv6-m\libgcc.a
LOAD c:/program files (x86)/cypress/psoc creator/4.1/psoc creator/import/gnu/arm/5.4.1/bin/../lib/gcc/arm-none-eabi/5.4.1/../../../../arm-none-eabi/lib/armv6-m\libc_nano.a
END GROUP
LOAD c:/program files (x86)/cypress/psoc creator/4.1/psoc creator/import/gnu/arm/5.4.1/bin/../lib/gcc/arm-none-eabi/5.4.1/armv6-m/crtend.o
LOAD c:/program files (x86)/cypress/psoc creator/4.1/psoc creator/import/gnu/arm/5.4.1/bin/../lib/gcc/arm-none-eabi/5.4.1/armv6-m/crtn.o
START GROUP
LOAD c:/program files (x86)/cypress/psoc creator/4.1/psoc creator/import/gnu/arm/5.4.1/bin/../lib/gcc/arm-none-eabi/5.4.1/armv6-m\libgcc.a
LOAD c:/program files (x86)/cypress/psoc creator/4.1/psoc creator/import/gnu/arm/5.4.1/bin/../lib/gcc/arm-none-eabi/5.4.1/../../../../arm-none-eabi/lib/armv6-m\libc.a
LOAD c:/program files (x86)/cypress/psoc creator/4.1/psoc creator/import/gnu/arm/5.4.1/bin/../lib/gcc/arm-none-eabi/5.4.1/../../../../arm-none-eabi/lib/armv6-m\libnosys.a
END GROUP
                0x00000000                CY_APPL_ORIGIN = 0x0
                0x00000080                CY_FLASH_ROW_SIZE = 0x80
                0x00000001                CY_APPL_NUM = 0x1
                0x00000001                CY_APPL_MAX = 0x1
                0x00000040                CY_METADATA_SIZE = 0x40
                0x00000000                CY_APPL_LOADABLE = 0x0
                0x00000000                CY_CHECKSUM_EXCLUDE_SIZE = ALIGN (0x0, CY_FLASH_ROW_SIZE)
                0x00000000                CY_APP_FOR_STACK_AND_COPIER = 0x0
                [!provide]                PROVIDE (__cy_heap_start, _end)
                0x00000001                PROVIDE (__cy_region_num, ((__cy_regions_end - __cy_regions) / 0x10))
                0x20001000                PROVIDE (__cy_stack, (ORIGIN (ram) + LENGTH (ram)))
                [!provide]                PROVIDE (__cy_heap_end, (__cy_stack - 0x800))

.cybootloader   0x00000000        0x0
 *(.cybootloader)
                0x00000000                appl1_start = CY_APPL_ORIGIN?CY_APPL_ORIGIN:ALIGN (CY_FLASH_ROW_SIZE)
                0x00003f80                appl2_start = (appl1_start + ALIGN ((((LENGTH (rom) - appl1_start) - (0x2 * CY_FLASH_ROW_SIZE)) / 0x2), CY_FLASH_ROW_SIZE))
                0x00000000                appl_start = (CY_APPL_NUM == 0x1)?appl1_start:appl2_start
                0x00000001                cy_project_type_bootloader = (appl_start == 0x0)?0x1:0x0
                0x00000000                cy_project_type_app_for_stack_and_copier = (CY_APP_FOR_STACK_AND_COPIER == 0x1)?0x1:0x0

.text           0x00000000      0xd4e
 CREATE_OBJECT_SYMBOLS
                0x00000000                PROVIDE (__cy_interrupt_vector, RomVectors)
 *(.romvectors)
 .romvectors    0x00000000       0x10 .\CortexM0p\ARM_GCC_541\Debug\Cm0plusStart.o
                0x00000000                RomVectors
                0x00000001                ASSERT ((. != __cy_interrupt_vector), No interrupt vector)
                0x00000001                ASSERT (CY_APPL_ORIGIN?(SIZEOF (.cybootloader) <= CY_APPL_ORIGIN):0x1, Wrong image location)
                0x00000010                PROVIDE (__cy_reset, Reset)
 *(.text.Reset)
 .text.Reset    0x00000010        0xc .\CortexM0p\ARM_GCC_541\Debug\Cm0plusStart.o
                0x00000010                Reset
                0x00000001                ASSERT ((. != __cy_reset), No reset code)
 *(.psocinit)
 .psocinit      0x0000001c       0xd4 .\CortexM0p\ARM_GCC_541\Debug\cyfitter_cfg.o
                0x00000064                cyfitter_cfg
                0x00000100                . = MAX (., 0x100)
 *fill*         0x000000f0       0x10 
 *(.text .text.* .gnu.linkonce.t.*)
 .text          0x00000100       0x60 c:/program files (x86)/cypress/psoc creator/4.1/psoc creator/import/gnu/arm/5.4.1/bin/../lib/gcc/arm-none-eabi/5.4.1/armv6-m/crtbegin.o
 .text.IRQ_Handler
                0x00000160       0x14 .\CortexM0p\ARM_GCC_541\Debug\main.o
                0x00000160                IRQ_Handler
 .text.main     0x00000174       0x8c .\CortexM0p\ARM_GCC_541\Debug\main.o
                0x00000174                main
 .text.IntDefaultHandler
                0x00000200       0x10 .\CortexM0p\ARM_GCC_541\Debug\Cm0plusStart.o
                0x00000200                IntDefaultHandler
 .text.Start_c  0x00000210       0x48 .\CortexM0p\ARM_GCC_541\Debug\Cm0plusStart.o
                0x00000210                Start_c
 .text.initialize_psoc
                0x00000258       0x40 .\CortexM0p\ARM_GCC_541\Debug\Cm0plusStart.o
                0x00000258                initialize_psoc
 .text.nRF24_init
                0x00000298       0x54 .\CortexM0p\ARM_GCC_541\Debug\00_Basic_Rx.a(nRF24_NRF_FUNCS.o)
                0x00000298                nRF24_init
 .text.nRF24_setRxPipe0Address
                0x000002ec       0x18 .\CortexM0p\ARM_GCC_541\Debug\00_Basic_Rx.a(nRF24_NRF_FUNCS.o)
                0x000002ec                nRF24_setRxPipe0Address
 .text.nRF24_setTxAddress
                0x00000304       0x18 .\CortexM0p\ARM_GCC_541\Debug\00_Basic_Rx.a(nRF24_NRF_FUNCS.o)
                0x00000304                nRF24_setTxAddress
 .text.nRF24_setPayloadSize
                0x0000031c       0x48 .\CortexM0p\ARM_GCC_541\Debug\00_Basic_Rx.a(nRF24_NRF_FUNCS.o)
                0x0000031c                nRF24_setPayloadSize
 .text.nRF24_getPayloadSize
                0x00000364       0x48 .\CortexM0p\ARM_GCC_541\Debug\00_Basic_Rx.a(nRF24_NRF_FUNCS.o)
                0x00000364                nRF24_getPayloadSize
 .text.nRF24_listen
                0x000003ac       0x18 .\CortexM0p\ARM_GCC_541\Debug\00_Basic_Rx.a(nRF24_NRF_FUNCS.o)
                0x000003ac                nRF24_listen
 .text.nRF24_startListening
                0x000003c4        0xc .\CortexM0p\ARM_GCC_541\Debug\00_Basic_Rx.a(nRF24_NRF_FUNCS.o)
                0x000003c4                nRF24_startListening
 .text.nRF24_getRxPayload
                0x000003d0        0x8 .\CortexM0p\ARM_GCC_541\Debug\00_Basic_Rx.a(nRF24_NRF_FUNCS.o)
                0x000003d0                nRF24_getRxPayload
 .text.nRF24_clearAllIRQs
                0x000003d8        0xc .\CortexM0p\ARM_GCC_541\Debug\00_Basic_Rx.a(nRF24_NRF_FUNCS.o)
                0x000003d8                nRF24_clearAllIRQs
 .text.nRF24_start
                0x000003e4       0x2c .\CortexM0p\ARM_GCC_541\Debug\00_Basic_Rx.a(nRF24_NRF_FUNCS.o)
                0x000003e4                nRF24_start
 .text.nRF24_clearIRQFlag
                0x00000410       0x10 .\CortexM0p\ARM_GCC_541\Debug\00_Basic_Rx.a(nRF24_NRF_FUNCS.o)
                0x00000410                nRF24_clearIRQFlag
 .text.nRF24_getIRQFlag
                0x00000420       0x28 .\CortexM0p\ARM_GCC_541\Debug\00_Basic_Rx.a(nRF24_NRF_FUNCS.o)
                0x00000420                nRF24_getIRQFlag
 .text.nRF24_readRegister
                0x00000448       0x38 .\CortexM0p\ARM_GCC_541\Debug\00_Basic_Rx.a(nRF24_LL_SPI.o)
                0x00000448                nRF24_readRegister
 .text.nRF24_writeRegister
                0x00000480       0x34 .\CortexM0p\ARM_GCC_541\Debug\00_Basic_Rx.a(nRF24_LL_SPI.o)
                0x00000480                nRF24_writeRegister
 .text.nRF24_writeLongRegister
                0x000004b4       0x3c .\CortexM0p\ARM_GCC_541\Debug\00_Basic_Rx.a(nRF24_LL_SPI.o)
                0x000004b4                nRF24_writeLongRegister
 .text.nRF24_sendCommand
                0x000004f0       0x28 .\CortexM0p\ARM_GCC_541\Debug\00_Basic_Rx.a(nRF24_NRF_COMMANDS.o)
                0x000004f0                nRF24_sendCommand
 .text.nRF24_FlushRxCmd
                0x00000518        0xc .\CortexM0p\ARM_GCC_541\Debug\00_Basic_Rx.a(nRF24_NRF_COMMANDS.o)
                0x00000518                nRF24_FlushRxCmd
 .text.nRF24_FlushTxCmd
                0x00000524        0xc .\CortexM0p\ARM_GCC_541\Debug\00_Basic_Rx.a(nRF24_NRF_COMMANDS.o)
                0x00000524                nRF24_FlushTxCmd
 .text.nRF24_PRX_ReadRXPayloadCmd
                0x00000530       0x58 .\CortexM0p\ARM_GCC_541\Debug\00_Basic_Rx.a(nRF24_NRF_COMMANDS.o)
                0x00000530                nRF24_PRX_ReadRXPayloadCmd
 .text.nRF24_NOPCmd
                0x00000588       0x2c .\CortexM0p\ARM_GCC_541\Debug\00_Basic_Rx.a(nRF24_NRF_COMMANDS.o)
                0x00000588                nRF24_NOPCmd
 .text.UART_Start
                0x000005b4        0x4 .\CortexM0p\ARM_GCC_541\Debug\00_Basic_Rx.a(UART.o)
                0x000005b4                UART_Start
 .text.UART_PutString
                0x000005b8       0x1c .\CortexM0p\ARM_GCC_541\Debug\00_Basic_Rx.a(UART.o)
                0x000005b8                UART_PutString
 .text.SPI_ScbModePostEnable
                0x000005d4        0x8 .\CortexM0p\ARM_GCC_541\Debug\00_Basic_Rx.a(SPI.o)
 .text.SPI_Init
                0x000005dc        0x8 .\CortexM0p\ARM_GCC_541\Debug\00_Basic_Rx.a(SPI.o)
                0x000005dc                SPI_Init
 .text.SPI_Enable
                0x000005e4       0x18 .\CortexM0p\ARM_GCC_541\Debug\00_Basic_Rx.a(SPI.o)
                0x000005e4                SPI_Enable
 .text.SPI_Start
                0x000005fc       0x20 .\CortexM0p\ARM_GCC_541\Debug\00_Basic_Rx.a(SPI.o)
                0x000005fc                SPI_Start
 .text.SPI_SpiUartReadRxData
                0x0000061c        0xc .\CortexM0p\ARM_GCC_541\Debug\00_Basic_Rx.a(SPI_SPI_UART.o)
                0x0000061c                SPI_SpiUartReadRxData
 .text.SPI_SpiUartGetRxBufferSize
                0x00000628       0x10 .\CortexM0p\ARM_GCC_541\Debug\00_Basic_Rx.a(SPI_SPI_UART.o)
                0x00000628                SPI_SpiUartGetRxBufferSize
 .text.SPI_SpiUartClearRxBuffer
                0x00000638       0x20 .\CortexM0p\ARM_GCC_541\Debug\00_Basic_Rx.a(SPI_SPI_UART.o)
                0x00000638                SPI_SpiUartClearRxBuffer
 .text.SPI_SpiUartWriteTxData
                0x00000658       0x1c .\CortexM0p\ARM_GCC_541\Debug\00_Basic_Rx.a(SPI_SPI_UART.o)
                0x00000658                SPI_SpiUartWriteTxData
 .text.SPI_SpiUartPutArray
                0x00000674       0x18 .\CortexM0p\ARM_GCC_541\Debug\00_Basic_Rx.a(SPI_SPI_UART.o)
                0x00000674                SPI_SpiUartPutArray
 .text.SPI_SpiUartClearTxBuffer
                0x0000068c       0x20 .\CortexM0p\ARM_GCC_541\Debug\00_Basic_Rx.a(SPI_SPI_UART.o)
                0x0000068c                SPI_SpiUartClearTxBuffer
 .text.SPI_SpiPostEnable
                0x000006ac       0x24 .\CortexM0p\ARM_GCC_541\Debug\00_Basic_Rx.a(SPI_SPI.o)
                0x000006ac                SPI_SpiPostEnable
 .text.SPI_SpiSetActiveSlaveSelect
                0x000006d0       0x20 .\CortexM0p\ARM_GCC_541\Debug\00_Basic_Rx.a(SPI_SPI.o)
                0x000006d0                SPI_SpiSetActiveSlaveSelect
 .text.SPI_SpiInit
                0x000006f0       0x8c .\CortexM0p\ARM_GCC_541\Debug\00_Basic_Rx.a(SPI_SPI.o)
                0x000006f0                SPI_SpiInit
 .text.IRQ_ClearInterrupt
                0x0000077c       0x14 .\CortexM0p\ARM_GCC_541\Debug\00_Basic_Rx.a(IRQ.o)
                0x0000077c                IRQ_ClearInterrupt
 .text.isr_IRQ_SetVector
                0x00000790        0xc .\CortexM0p\ARM_GCC_541\Debug\00_Basic_Rx.a(isr_IRQ.o)
                0x00000790                isr_IRQ_SetVector
 .text.isr_IRQ_SetPriority
                0x0000079c       0x24 .\CortexM0p\ARM_GCC_541\Debug\00_Basic_Rx.a(isr_IRQ.o)
                0x0000079c                isr_IRQ_SetPriority
 .text.isr_IRQ_Enable
                0x000007c0        0xc .\CortexM0p\ARM_GCC_541\Debug\00_Basic_Rx.a(isr_IRQ.o)
                0x000007c0                isr_IRQ_Enable
 .text.isr_IRQ_Disable
                0x000007cc        0xc .\CortexM0p\ARM_GCC_541\Debug\00_Basic_Rx.a(isr_IRQ.o)
                0x000007cc                isr_IRQ_Disable
 .text.isr_IRQ_StartEx
                0x000007d8       0x1c .\CortexM0p\ARM_GCC_541\Debug\00_Basic_Rx.a(isr_IRQ.o)
                0x000007d8                isr_IRQ_StartEx
 .text.SS_Write
                0x000007f4       0x18 .\CortexM0p\ARM_GCC_541\Debug\00_Basic_Rx.a(SS.o)
                0x000007f4                SS_Write
 .text.CE_Write
                0x0000080c       0x18 .\CortexM0p\ARM_GCC_541\Debug\00_Basic_Rx.a(CE.o)
                0x0000080c                CE_Write
 .text.CySysClkImoDisableWcoLock
                0x00000824       0x14 .\CortexM0p\ARM_GCC_541\Debug\00_Basic_Rx.a(CyLib.o)
                0x00000824                CySysClkImoDisableWcoLock
 .text.CySysClkImoGetWcoLock
                0x00000838       0x14 .\CortexM0p\ARM_GCC_541\Debug\00_Basic_Rx.a(CyLib.o)
                0x00000838                CySysClkImoGetWcoLock
 .text.CyHalt   0x0000084c        0x4 .\CortexM0p\ARM_GCC_541\Debug\00_Basic_Rx.a(CyLib.o)
                0x0000084c                CyHalt
 .text.CyDelay  0x00000850       0x30 .\CortexM0p\ARM_GCC_541\Debug\00_Basic_Rx.a(CyLib.o)
                0x00000850                CyDelay
 .text.CySysClkImoEnableWcoLock
                0x00000880       0xcc .\CortexM0p\ARM_GCC_541\Debug\00_Basic_Rx.a(CyLib.o)
                0x00000880                CySysClkImoEnableWcoLock
 .text.CySysClkWriteImoFreq
                0x0000094c       0xd8 .\CortexM0p\ARM_GCC_541\Debug\00_Basic_Rx.a(CyLib.o)
                0x0000094c                CySysClkWriteImoFreq
 .text.CySysClkWcoEnabled
                0x00000a24       0x14 .\CortexM0p\ARM_GCC_541\Debug\00_Basic_Rx.a(CyLFClk.o)
                0x00000a24                CySysClkWcoEnabled
 .text.CySysWdtDisable
                0x00000a38       0x10 .\CortexM0p\ARM_GCC_541\Debug\00_Basic_Rx.a(CyLFClk.o)
                0x00000a38                CySysWdtDisable
 .text.LED_Write
                0x00000a48       0x18 .\CortexM0p\ARM_GCC_541\Debug\00_Basic_Rx.a(LED.o)
                0x00000a48                LED_Write
 .text.LED_Read
                0x00000a60       0x10 .\CortexM0p\ARM_GCC_541\Debug\00_Basic_Rx.a(LED.o)
                0x00000a60                LED_Read
 *fill*         0x00000a70       0x10 
 .text          0x00000a80       0xd4 .\CortexM0p\ARM_GCC_541\Debug\00_Basic_Rx.a(UART_AsmGnu.o)
                0x00000a80                UART_PutChar
 *fill*         0x00000b54        0x4 
 .text          0x00000b58       0x20 .\CortexM0p\ARM_GCC_541\Debug\00_Basic_Rx.a(CyBootAsmGnu.o)
                0x00000b58                CyDelayCycles
                0x00000b6a                CyEnterCriticalSection
                0x00000b72                CyExitCriticalSection
 .text.CySysFlashSetWaitCycles
                0x00000b78       0x54 .\CortexM0p\ARM_GCC_541\Debug\00_Basic_Rx.a(CyFlash.o)
                0x00000b78                CySysFlashSetWaitCycles
 .text          0x00000bcc      0x114 c:/program files (x86)/cypress/psoc creator/4.1/psoc creator/import/gnu/arm/5.4.1/bin/../lib/gcc/arm-none-eabi/5.4.1/armv6-m\libgcc.a(_udivsi3.o)
                0x00000bcc                __aeabi_uidiv
                0x00000bcc                __udivsi3
                0x00000cd8                __aeabi_uidivmod
 .text          0x00000ce0        0x4 c:/program files (x86)/cypress/psoc creator/4.1/psoc creator/import/gnu/arm/5.4.1/bin/../lib/gcc/arm-none-eabi/5.4.1/armv6-m\libgcc.a(_dvmd_tls.o)
                0x00000ce0                __aeabi_idiv0
                0x00000ce0                __aeabi_ldiv0
 .text.__errno  0x00000ce4        0xc c:/program files (x86)/cypress/psoc creator/4.1/psoc creator/import/gnu/arm/5.4.1/bin/../lib/gcc/arm-none-eabi/5.4.1/../../../../arm-none-eabi/lib/armv6-m\libg_nano.a(lib_a-errno.o)
                0x00000ce4                __errno
 .text.__libc_init_array
                0x00000cf0       0x4c c:/program files (x86)/cypress/psoc creator/4.1/psoc creator/import/gnu/arm/5.4.1/bin/../lib/gcc/arm-none-eabi/5.4.1/../../../../arm-none-eabi/lib/armv6-m\libg_nano.a(lib_a-init.o)
                0x00000cf0                __libc_init_array
 .text.memcpy   0x00000d3c       0x12 c:/program files (x86)/cypress/psoc creator/4.1/psoc creator/import/gnu/arm/5.4.1/bin/../lib/gcc/arm-none-eabi/5.4.1/../../../../arm-none-eabi/lib/armv6-m\libg_nano.a(lib_a-memcpy-stub.o)
                0x00000d3c                memcpy
 *(.plt)
 *(.gnu.warning)
 *(.glue_7t)
 .glue_7t       0x00000d4e        0x0 linker stubs
 *(.glue_7)
 .glue_7        0x00000d4e        0x0 linker stubs
 *(.vfp11_veneer)
 .vfp11_veneer  0x00000d4e        0x0 linker stubs
 *(.bootloader)
 *(.ARM.extab* .gnu.linkonce.armextab.*)
 *(.gcc_except_table)

.v4_bx          0x00000d50        0x0
 .v4_bx         0x00000d50        0x0 linker stubs

.iplt           0x00000d50        0x0
 .iplt          0x00000d50        0x0 c:/program files (x86)/cypress/psoc creator/4.1/psoc creator/import/gnu/arm/5.4.1/bin/../lib/gcc/arm-none-eabi/5.4.1/armv6-m/crtbegin.o

.eh_frame_hdr
 *(.eh_frame_hdr)

.eh_frame       0x00000d50        0x4
 *(.eh_frame)
 .eh_frame      0x00000d50        0x0 c:/program files (x86)/cypress/psoc creator/4.1/psoc creator/import/gnu/arm/5.4.1/bin/../lib/gcc/arm-none-eabi/5.4.1/armv6-m/crtbegin.o
 .eh_frame      0x00000d50        0x4 c:/program files (x86)/cypress/psoc creator/4.1/psoc creator/import/gnu/arm/5.4.1/bin/../lib/gcc/arm-none-eabi/5.4.1/armv6-m/crtend.o
                [!provide]                PROVIDE (__exidx_start, .)

.ARM.exidx
 *(.ARM.exidx* .gnu.linkonce.armexidx.*)
                0x00000d54                __exidx_end = .

.rodata         0x00000d54       0x9c
 *(.rodata .rodata.* .gnu.linkonce.r.*)
 .rodata        0x00000d54        0x5 .\CortexM0p\ARM_GCC_541\Debug\main.o
 *fill*         0x00000d59        0x3 
 .rodata.str1.4
                0x00000d5c       0x14 .\CortexM0p\ARM_GCC_541\Debug\main.o
 .rodata        0x00000d70       0x30 .\CortexM0p\ARM_GCC_541\Debug\00_Basic_Rx.a(nRF24_NRF_FUNCS.o)
 .rodata        0x00000da0       0x17 .\CortexM0p\ARM_GCC_541\Debug\00_Basic_Rx.a(CyLib.o)
                0x00000da0                cyImoFreqMhz2DpllOffset
 .rodata.str1.1
                0x00000db7        0x2 c:/program files (x86)/cypress/psoc creator/4.1/psoc creator/import/gnu/arm/5.4.1/bin/../lib/gcc/arm-none-eabi/5.4.1/../../../../arm-none-eabi/lib/armv6-m\libg_nano.a(lib_a-impure.o)
                0x00000dbc                . = ALIGN (0x4)
 *fill*         0x00000db9        0x3 
 *(.init)
 .init          0x00000dbc        0x4 c:/program files (x86)/cypress/psoc creator/4.1/psoc creator/import/gnu/arm/5.4.1/bin/../lib/gcc/arm-none-eabi/5.4.1/armv6-m/crti.o
                0x00000dbc                _init
 .init          0x00000dc0        0x8 c:/program files (x86)/cypress/psoc creator/4.1/psoc creator/import/gnu/arm/5.4.1/bin/../lib/gcc/arm-none-eabi/5.4.1/armv6-m/crtn.o
                0x00000dc8                . = ALIGN (0x4)
                0x00000dc8                __preinit_array_start = .
 *(.preinit_array)
                0x00000dc8                __preinit_array_end = .
                0x00000dc8                . = ALIGN (0x4)
                0x00000dc8                __init_array_start = .
 *(SORT(.init_array.*))
 *(.init_array)
 .init_array    0x00000dc8        0x4 c:/program files (x86)/cypress/psoc creator/4.1/psoc creator/import/gnu/arm/5.4.1/bin/../lib/gcc/arm-none-eabi/5.4.1/armv6-m/crtbegin.o
 .init_array    0x00000dcc        0x4 .\CortexM0p\ARM_GCC_541\Debug\Cm0plusStart.o
                0x00000dd0                __init_array_end = .
                0x00000dd0                . = ALIGN (0x4)
 *(.fini)
 .fini          0x00000dd0        0x4 c:/program files (x86)/cypress/psoc creator/4.1/psoc creator/import/gnu/arm/5.4.1/bin/../lib/gcc/arm-none-eabi/5.4.1/armv6-m/crti.o
                0x00000dd0                _fini
 .fini          0x00000dd4        0x8 c:/program files (x86)/cypress/psoc creator/4.1/psoc creator/import/gnu/arm/5.4.1/bin/../lib/gcc/arm-none-eabi/5.4.1/armv6-m/crtn.o
                0x00000ddc                . = ALIGN (0x4)
                0x00000ddc                __fini_array_start = .
 *(.fini_array)
 .fini_array    0x00000ddc        0x4 c:/program files (x86)/cypress/psoc creator/4.1/psoc creator/import/gnu/arm/5.4.1/bin/../lib/gcc/arm-none-eabi/5.4.1/armv6-m/crtbegin.o
 *(SORT(.fini_array.*))
                0x00000de0                __fini_array_end = .
                0x00000de0                . = ALIGN (0x4)
 *crtbegin.o(.ctors)
 *(EXCLUDE_FILE(*crtend.o) .ctors)
 *(SORT(.ctors.*))
 *crtend.o(.ctors)
                0x00000de0                . = ALIGN (0x4)
 *crtbegin.o(.dtors)
 *(EXCLUDE_FILE(*crtend.o) .dtors)
 *(SORT(.dtors.*))
 *crtend.o(.dtors)
                0x00000de0                . = ALIGN (0x4)
                0x00000de0                __cy_regions = .
                0x00000de0        0x4 LONG 0xdf0 __cy_region_init_ram
                0x00000de4        0x4 LONG 0x20000080 __cy_region_start_data
                0x00000de8        0x4 LONG 0x88 __cy_region_init_size_ram
                0x00000dec        0x4 LONG 0x30 __cy_region_zero_size_ram
                0x00000df0                __cy_regions_end = .
                0x00000df0                . = ALIGN (0x8)
                0x00000df0                _etext = .

.cy_checksum_exclude
                0x00000df0        0x0
 *(.cy_checksum_exclude)

.ramvectors     0x20000000       0x80
                0x20000000                __cy_region_start_ram = .
 *(.ramvectors)
 .ramvectors    0x20000000       0x80 .\CortexM0p\ARM_GCC_541\Debug\Cm0plusStart.o
                0x20000000                CyRamVectors

.noinit
 *(.noinit)

.data           0x20000080       0x88 load address 0x00000df0
                0x20000080                __cy_region_start_data = .
 *(.jcr)
 .jcr           0x20000080        0x0 c:/program files (x86)/cypress/psoc creator/4.1/psoc creator/import/gnu/arm/5.4.1/bin/../lib/gcc/arm-none-eabi/5.4.1/armv6-m/crtbegin.o
 .jcr           0x20000080        0x4 c:/program files (x86)/cypress/psoc creator/4.1/psoc creator/import/gnu/arm/5.4.1/bin/../lib/gcc/arm-none-eabi/5.4.1/armv6-m/crtend.o
 *(.got.plt)
 *(.got)
 *(.shdata)
 *(.data .data.* .gnu.linkonce.d.*)
 .data          0x20000084        0x8 .\CortexM0p\ARM_GCC_541\Debug\00_Basic_Rx.a(UART.o)
                0x20000084                UART_pinDrAdress
                0x20000088                UART_pinNumber
 .data          0x2000008c       0x14 .\CortexM0p\ARM_GCC_541\Debug\00_Basic_Rx.a(CyLib.o)
                0x2000008c                CySysClkPumpConfig
                0x20000090                cydelay32kMs
                0x20000094                cydelayFreqKhz
                0x20000098                cydelayFreqMhz
                0x2000009c                cydelayFreqHz
 .data.impure_data
                0x200000a0       0x60 c:/program files (x86)/cypress/psoc creator/4.1/psoc creator/import/gnu/arm/5.4.1/bin/../lib/gcc/arm-none-eabi/5.4.1/../../../../arm-none-eabi/lib/armv6-m\libg_nano.a(lib_a-impure.o)
 .data._impure_ptr
                0x20000100        0x4 c:/program files (x86)/cypress/psoc creator/4.1/psoc creator/import/gnu/arm/5.4.1/bin/../lib/gcc/arm-none-eabi/5.4.1/../../../../arm-none-eabi/lib/armv6-m\libg_nano.a(lib_a-impure.o)
                0x20000100                _impure_ptr
                0x20000108                . = ALIGN (0x8)
 *fill*         0x20000104        0x4 
 *(.ram)
                0x20000108                _edata = .

.igot.plt       0x20000108        0x0 load address 0x00000e78
 .igot.plt      0x20000108        0x0 c:/program files (x86)/cypress/psoc creator/4.1/psoc creator/import/gnu/arm/5.4.1/bin/../lib/gcc/arm-none-eabi/5.4.1/armv6-m/crtbegin.o

.bss            0x20000108       0x30 load address 0x00000e78
                0x20000108                PROVIDE (__bss_start__, .)
 *(.shbss)
 *(.bss .bss.* .gnu.linkonce.b.*)
 .bss           0x20000108       0x1c c:/program files (x86)/cypress/psoc creator/4.1/psoc creator/import/gnu/arm/5.4.1/bin/../lib/gcc/arm-none-eabi/5.4.1/armv6-m/crtbegin.o
 .bss           0x20000124        0x1 .\CortexM0p\ARM_GCC_541\Debug\main.o
                0x20000124                irq_flag
 *fill*         0x20000125        0x3 
 .bss           0x20000128        0x4 .\CortexM0p\ARM_GCC_541\Debug\00_Basic_Rx.a(UART.o)
                0x20000128                UART_pinPortNumber
 .bss           0x2000012c        0x4 .\CortexM0p\ARM_GCC_541\Debug\00_Basic_Rx.a(SPI.o)
                0x2000012c                SPI_initVar
                0x2000012e                SPI_IntrTxMask
 *(COMMON)
 COMMON         0x20000130        0x1 .\CortexM0p\ARM_GCC_541\Debug\main.o
                0x20000130                data
                0x20000138                . = ALIGN (0x8)
 *fill*         0x20000131        0x7 
 *(.ram.b)
                0x20000138                _end = .
                0x20000138                __end = .
                0x20000138                PROVIDE (end, .)
                0x20000138                PROVIDE (__bss_end__, .)
                0x00000df0                __cy_region_init_ram = LOADADDR (.data)
                0x00000088                __cy_region_init_size_ram = (_edata - ADDR (.data))
                0x00000030                __cy_region_zero_size_ram = (_end - _edata)

.heap           0x20000138       0x80 load address 0x00000e78
                0x20000138                . = _end
                0x200001b8                . = (. + 0x80)
 *fill*         0x20000138       0x80 
                0x200001b8                __cy_heap_limit = .

.stack          0x20000800      0x800
                0x20000800                __cy_stack_limit = .
                0x20001000                . = (. + 0x800)
 *fill*         0x20000800      0x800 
                0x00000001                ASSERT ((__cy_stack_limit >= __cy_heap_limit), region RAM overflowed with stack)
                0x00000000                cy_checksum_exclude_size = (CY_APPL_LOADABLE == 0x1)?SIZEOF (.cy_checksum_exclude):0x0
                0x00000001                ASSERT ((cy_checksum_exclude_size <= CY_CHECKSUM_EXCLUDE_SIZE), CY_BOOT: Section .cy_checksum_exclude size exceedes specified limit.)
                0x00007fc0                cyloadermeta_start = (cy_project_type_bootloader || cy_project_type_app_for_stack_and_copier)?(LENGTH (rom) - CY_METADATA_SIZE):0xf0000000

.cyloadermeta
 *(.cyloadermeta)
                0x00007fc0                cyloadablemeta_start = cy_project_type_app_for_stack_and_copier?((LENGTH (rom) - CY_FLASH_ROW_SIZE) - CY_METADATA_SIZE):((LENGTH (rom) - (CY_FLASH_ROW_SIZE * (CY_APPL_NUM - 0x1))) - CY_METADATA_SIZE)

.cyloadablemeta
 *(.cyloadablemeta)

.cyflashprotect
                0x90400000       0x20
 *(.cyflashprotect)
 .cyflashprotect
                0x90400000       0x20 .\CortexM0p\ARM_GCC_541\Debug\cymetadata.o
                0x90400000                cy_meta_flashprotect

.cymeta         0x90500000        0xc
 *(.cymeta)
 .cymeta        0x90500000        0xc .\CortexM0p\ARM_GCC_541\Debug\cymetadata.o
                0x90500000                cy_metadata

.cychipprotect  0x90600000        0x1
 *(.cychipprotect)
 .cychipprotect
                0x90600000        0x1 .\CortexM0p\ARM_GCC_541\Debug\cymetadata.o
                0x90600000                cy_meta_chipprotect

.rel.dyn        0x00000e78        0x0 load address 0x90600004
 .rel.iplt      0x00000e78        0x0 c:/program files (x86)/cypress/psoc creator/4.1/psoc creator/import/gnu/arm/5.4.1/bin/../lib/gcc/arm-none-eabi/5.4.1/armv6-m/crtbegin.o

.stab
 *(.stab)

.stabstr
 *(.stabstr)

.debug
 *(.debug)

.line
 *(.line)

.debug_srcinfo
 *(.debug_srcinfo)

.debug_sfnames
 *(.debug_sfnames)

.debug_aranges  0x00000000      0x9b8
 *(.debug_aranges)
 .debug_aranges
                0x00000000       0x28 .\CortexM0p\ARM_GCC_541\Debug\main.o
 .debug_aranges
                0x00000028       0x28 .\CortexM0p\ARM_GCC_541\Debug\cyfitter_cfg.o
 .debug_aranges
                0x00000050       0x18 .\CortexM0p\ARM_GCC_541\Debug\cymetadata.o
 .debug_aranges
                0x00000068       0x48 .\CortexM0p\ARM_GCC_541\Debug\Cm0plusStart.o
 .debug_aranges
                0x000000b0      0x228 .\CortexM0p\ARM_GCC_541\Debug\00_Basic_Rx.a(nRF24_NRF_FUNCS.o)
 .debug_aranges
                0x000002d8       0x58 .\CortexM0p\ARM_GCC_541\Debug\00_Basic_Rx.a(nRF24_LL_SPI.o)
 .debug_aranges
                0x00000330       0x68 .\CortexM0p\ARM_GCC_541\Debug\00_Basic_Rx.a(nRF24_NRF_COMMANDS.o)
 .debug_aranges
                0x00000398       0x50 .\CortexM0p\ARM_GCC_541\Debug\00_Basic_Rx.a(UART.o)
 .debug_aranges
                0x000003e8       0x58 .\CortexM0p\ARM_GCC_541\Debug\00_Basic_Rx.a(SPI.o)
 .debug_aranges
                0x00000440       0x60 .\CortexM0p\ARM_GCC_541\Debug\00_Basic_Rx.a(SPI_SPI_UART.o)
 .debug_aranges
                0x000004a0       0x40 .\CortexM0p\ARM_GCC_541\Debug\00_Basic_Rx.a(SPI_SPI.o)
 .debug_aranges
                0x000004e0       0x48 .\CortexM0p\ARM_GCC_541\Debug\00_Basic_Rx.a(IRQ.o)
 .debug_aranges
                0x00000528       0x80 .\CortexM0p\ARM_GCC_541\Debug\00_Basic_Rx.a(isr_IRQ.o)
 .debug_aranges
                0x000005a8       0x48 .\CortexM0p\ARM_GCC_541\Debug\00_Basic_Rx.a(SS.o)
 .debug_aranges
                0x000005f0       0x48 .\CortexM0p\ARM_GCC_541\Debug\00_Basic_Rx.a(CE.o)
 .debug_aranges
                0x00000638       0x48 .\CortexM0p\ARM_GCC_541\Debug\00_Basic_Rx.a(SPI_sclk_m.o)
 .debug_aranges
                0x00000680      0x190 .\CortexM0p\ARM_GCC_541\Debug\00_Basic_Rx.a(CyLib.o)
 .debug_aranges
                0x00000810       0xd8 .\CortexM0p\ARM_GCC_541\Debug\00_Basic_Rx.a(CyLFClk.o)
 .debug_aranges
                0x000008e8       0x48 .\CortexM0p\ARM_GCC_541\Debug\00_Basic_Rx.a(LED.o)
 .debug_aranges
                0x00000930       0x20 .\CortexM0p\ARM_GCC_541\Debug\00_Basic_Rx.a(UART_AsmGnu.o)
 .debug_aranges
                0x00000950       0x20 .\CortexM0p\ARM_GCC_541\Debug\00_Basic_Rx.a(CyBootAsmGnu.o)
 .debug_aranges
                0x00000970       0x48 .\CortexM0p\ARM_GCC_541\Debug\00_Basic_Rx.a(CyFlash.o)

.debug_pubnames
 *(.debug_pubnames)

.debug_info     0x00000000     0x551e
 *(.debug_info .gnu.linkonce.wi.*)
 .debug_info    0x00000000      0x36d .\CortexM0p\ARM_GCC_541\Debug\main.o
 .debug_info    0x0000036d       0xfb .\CortexM0p\ARM_GCC_541\Debug\cyfitter_cfg.o
 .debug_info    0x00000468       0xf8 .\CortexM0p\ARM_GCC_541\Debug\cymetadata.o
 .debug_info    0x00000560      0x3a5 .\CortexM0p\ARM_GCC_541\Debug\Cm0plusStart.o
 .debug_info    0x00000905     0x164d .\CortexM0p\ARM_GCC_541\Debug\00_Basic_Rx.a(nRF24_NRF_FUNCS.o)
 .debug_info    0x00001f52      0x61a .\CortexM0p\ARM_GCC_541\Debug\00_Basic_Rx.a(nRF24_LL_SPI.o)
 .debug_info    0x0000256c      0x684 .\CortexM0p\ARM_GCC_541\Debug\00_Basic_Rx.a(nRF24_NRF_COMMANDS.o)
 .debug_info    0x00002bf0      0x2c4 .\CortexM0p\ARM_GCC_541\Debug\00_Basic_Rx.a(UART.o)
 .debug_info    0x00002eb4      0x23a .\CortexM0p\ARM_GCC_541\Debug\00_Basic_Rx.a(SPI.o)
 .debug_info    0x000030ee      0x220 .\CortexM0p\ARM_GCC_541\Debug\00_Basic_Rx.a(SPI_SPI_UART.o)
 .debug_info    0x0000330e      0x1a0 .\CortexM0p\ARM_GCC_541\Debug\00_Basic_Rx.a(SPI_SPI.o)
 .debug_info    0x000034ae      0x19d .\CortexM0p\ARM_GCC_541\Debug\00_Basic_Rx.a(IRQ.o)
 .debug_info    0x0000364b      0x305 .\CortexM0p\ARM_GCC_541\Debug\00_Basic_Rx.a(isr_IRQ.o)
 .debug_info    0x00003950      0x19d .\CortexM0p\ARM_GCC_541\Debug\00_Basic_Rx.a(SS.o)
 .debug_info    0x00003aed      0x19d .\CortexM0p\ARM_GCC_541\Debug\00_Basic_Rx.a(CE.o)
 .debug_info    0x00003c8a      0x19d .\CortexM0p\ARM_GCC_541\Debug\00_Basic_Rx.a(SPI_sclk_m.o)
 .debug_info    0x00003e27      0xbd0 .\CortexM0p\ARM_GCC_541\Debug\00_Basic_Rx.a(CyLib.o)
 .debug_info    0x000049f7      0x444 .\CortexM0p\ARM_GCC_541\Debug\00_Basic_Rx.a(CyLFClk.o)
 .debug_info    0x00004e3b      0x19d .\CortexM0p\ARM_GCC_541\Debug\00_Basic_Rx.a(LED.o)
 .debug_info    0x00004fd8       0x97 .\CortexM0p\ARM_GCC_541\Debug\00_Basic_Rx.a(UART_AsmGnu.o)
 .debug_info    0x0000506f       0x98 .\CortexM0p\ARM_GCC_541\Debug\00_Basic_Rx.a(CyBootAsmGnu.o)
 .debug_info    0x00005107      0x417 .\CortexM0p\ARM_GCC_541\Debug\00_Basic_Rx.a(CyFlash.o)

.debug_abbrev   0x00000000     0x1761
 *(.debug_abbrev)
 .debug_abbrev  0x00000000      0x124 .\CortexM0p\ARM_GCC_541\Debug\main.o
 .debug_abbrev  0x00000124       0xa3 .\CortexM0p\ARM_GCC_541\Debug\cyfitter_cfg.o
 .debug_abbrev  0x000001c7       0x5d .\CortexM0p\ARM_GCC_541\Debug\cymetadata.o
 .debug_abbrev  0x00000224      0x1d0 .\CortexM0p\ARM_GCC_541\Debug\Cm0plusStart.o
 .debug_abbrev  0x000003f4      0x152 .\CortexM0p\ARM_GCC_541\Debug\00_Basic_Rx.a(nRF24_NRF_FUNCS.o)
 .debug_abbrev  0x00000546      0x181 .\CortexM0p\ARM_GCC_541\Debug\00_Basic_Rx.a(nRF24_LL_SPI.o)
 .debug_abbrev  0x000006c7      0x172 .\CortexM0p\ARM_GCC_541\Debug\00_Basic_Rx.a(nRF24_NRF_COMMANDS.o)
 .debug_abbrev  0x00000839      0x109 .\CortexM0p\ARM_GCC_541\Debug\00_Basic_Rx.a(UART.o)
 .debug_abbrev  0x00000942       0xd5 .\CortexM0p\ARM_GCC_541\Debug\00_Basic_Rx.a(SPI.o)
 .debug_abbrev  0x00000a17      0x14f .\CortexM0p\ARM_GCC_541\Debug\00_Basic_Rx.a(SPI_SPI_UART.o)
 .debug_abbrev  0x00000b66       0xfb .\CortexM0p\ARM_GCC_541\Debug\00_Basic_Rx.a(SPI_SPI.o)
 .debug_abbrev  0x00000c61       0xc8 .\CortexM0p\ARM_GCC_541\Debug\00_Basic_Rx.a(IRQ.o)
 .debug_abbrev  0x00000d29      0x19a .\CortexM0p\ARM_GCC_541\Debug\00_Basic_Rx.a(isr_IRQ.o)
 .debug_abbrev  0x00000ec3       0xc8 .\CortexM0p\ARM_GCC_541\Debug\00_Basic_Rx.a(SS.o)
 .debug_abbrev  0x00000f8b       0xc8 .\CortexM0p\ARM_GCC_541\Debug\00_Basic_Rx.a(CE.o)
 .debug_abbrev  0x00001053       0xc8 .\CortexM0p\ARM_GCC_541\Debug\00_Basic_Rx.a(SPI_sclk_m.o)
 .debug_abbrev  0x0000111b      0x209 .\CortexM0p\ARM_GCC_541\Debug\00_Basic_Rx.a(CyLib.o)
 .debug_abbrev  0x00001324      0x1af .\CortexM0p\ARM_GCC_541\Debug\00_Basic_Rx.a(CyLFClk.o)
 .debug_abbrev  0x000014d3       0xc8 .\CortexM0p\ARM_GCC_541\Debug\00_Basic_Rx.a(LED.o)
 .debug_abbrev  0x0000159b       0x14 .\CortexM0p\ARM_GCC_541\Debug\00_Basic_Rx.a(UART_AsmGnu.o)
 .debug_abbrev  0x000015af       0x14 .\CortexM0p\ARM_GCC_541\Debug\00_Basic_Rx.a(CyBootAsmGnu.o)
 .debug_abbrev  0x000015c3      0x19e .\CortexM0p\ARM_GCC_541\Debug\00_Basic_Rx.a(CyFlash.o)

.debug_line     0x00000000     0x2643
 *(.debug_line)
 .debug_line    0x00000000      0x1c0 .\CortexM0p\ARM_GCC_541\Debug\main.o
 .debug_line    0x000001c0       0x87 .\CortexM0p\ARM_GCC_541\Debug\cyfitter_cfg.o
 .debug_line    0x00000247      0x141 .\CortexM0p\ARM_GCC_541\Debug\cymetadata.o
 .debug_line    0x00000388      0x247 .\CortexM0p\ARM_GCC_541\Debug\Cm0plusStart.o
 .debug_line    0x000005cf      0x744 .\CortexM0p\ARM_GCC_541\Debug\00_Basic_Rx.a(nRF24_NRF_FUNCS.o)
 .debug_line    0x00000d13      0x2e2 .\CortexM0p\ARM_GCC_541\Debug\00_Basic_Rx.a(nRF24_LL_SPI.o)
 .debug_line    0x00000ff5      0x32e .\CortexM0p\ARM_GCC_541\Debug\00_Basic_Rx.a(nRF24_NRF_COMMANDS.o)
 .debug_line    0x00001323       0xea .\CortexM0p\ARM_GCC_541\Debug\00_Basic_Rx.a(UART.o)
 .debug_line    0x0000140d      0x108 .\CortexM0p\ARM_GCC_541\Debug\00_Basic_Rx.a(SPI.o)
 .debug_line    0x00001515      0x119 .\CortexM0p\ARM_GCC_541\Debug\00_Basic_Rx.a(SPI_SPI_UART.o)
 .debug_line    0x0000162e       0xe7 .\CortexM0p\ARM_GCC_541\Debug\00_Basic_Rx.a(SPI_SPI.o)
 .debug_line    0x00001715       0xbb .\CortexM0p\ARM_GCC_541\Debug\00_Basic_Rx.a(IRQ.o)
 .debug_line    0x000017d0      0x153 .\CortexM0p\ARM_GCC_541\Debug\00_Basic_Rx.a(isr_IRQ.o)
 .debug_line    0x00001923       0xba .\CortexM0p\ARM_GCC_541\Debug\00_Basic_Rx.a(SS.o)
 .debug_line    0x000019dd       0xba .\CortexM0p\ARM_GCC_541\Debug\00_Basic_Rx.a(CE.o)
 .debug_line    0x00001a97       0xc2 .\CortexM0p\ARM_GCC_541\Debug\00_Basic_Rx.a(SPI_sclk_m.o)
 .debug_line    0x00001b59      0x4c5 .\CortexM0p\ARM_GCC_541\Debug\00_Basic_Rx.a(CyLib.o)
 .debug_line    0x0000201e      0x284 .\CortexM0p\ARM_GCC_541\Debug\00_Basic_Rx.a(CyLFClk.o)
 .debug_line    0x000022a2       0xbb .\CortexM0p\ARM_GCC_541\Debug\00_Basic_Rx.a(LED.o)
 .debug_line    0x0000235d       0x9d .\CortexM0p\ARM_GCC_541\Debug\00_Basic_Rx.a(UART_AsmGnu.o)
 .debug_line    0x000023fa       0x68 .\CortexM0p\ARM_GCC_541\Debug\00_Basic_Rx.a(CyBootAsmGnu.o)
 .debug_line    0x00002462      0x1e1 .\CortexM0p\ARM_GCC_541\Debug\00_Basic_Rx.a(CyFlash.o)

.debug_frame    0x00000000     0x1820
 *(.debug_frame)
 .debug_frame   0x00000000       0x48 .\CortexM0p\ARM_GCC_541\Debug\main.o
 .debug_frame   0x00000048       0x48 .\CortexM0p\ARM_GCC_541\Debug\cyfitter_cfg.o
 .debug_frame   0x00000090       0xbc .\CortexM0p\ARM_GCC_541\Debug\Cm0plusStart.o
 .debug_frame   0x0000014c      0x710 .\CortexM0p\ARM_GCC_541\Debug\00_Basic_Rx.a(nRF24_NRF_FUNCS.o)
 .debug_frame   0x0000085c      0x108 .\CortexM0p\ARM_GCC_541\Debug\00_Basic_Rx.a(nRF24_LL_SPI.o)
 .debug_frame   0x00000964      0x140 .\CortexM0p\ARM_GCC_541\Debug\00_Basic_Rx.a(nRF24_NRF_COMMANDS.o)
 .debug_frame   0x00000aa4       0xc8 .\CortexM0p\ARM_GCC_541\Debug\00_Basic_Rx.a(UART.o)
 .debug_frame   0x00000b6c       0xd8 .\CortexM0p\ARM_GCC_541\Debug\00_Basic_Rx.a(SPI.o)
 .debug_frame   0x00000c44       0xb0 .\CortexM0p\ARM_GCC_541\Debug\00_Basic_Rx.a(SPI_SPI_UART.o)
 .debug_frame   0x00000cf4       0x78 .\CortexM0p\ARM_GCC_541\Debug\00_Basic_Rx.a(SPI_SPI.o)
 .debug_frame   0x00000d6c       0x70 .\CortexM0p\ARM_GCC_541\Debug\00_Basic_Rx.a(IRQ.o)
 .debug_frame   0x00000ddc      0x110 .\CortexM0p\ARM_GCC_541\Debug\00_Basic_Rx.a(isr_IRQ.o)
 .debug_frame   0x00000eec       0x70 .\CortexM0p\ARM_GCC_541\Debug\00_Basic_Rx.a(SS.o)
 .debug_frame   0x00000f5c       0x70 .\CortexM0p\ARM_GCC_541\Debug\00_Basic_Rx.a(CE.o)
 .debug_frame   0x00000fcc       0x70 .\CortexM0p\ARM_GCC_541\Debug\00_Basic_Rx.a(SPI_sclk_m.o)
 .debug_frame   0x0000103c      0x414 .\CortexM0p\ARM_GCC_541\Debug\00_Basic_Rx.a(CyLib.o)
 .debug_frame   0x00001450      0x1dc .\CortexM0p\ARM_GCC_541\Debug\00_Basic_Rx.a(CyLFClk.o)
 .debug_frame   0x0000162c       0x70 .\CortexM0p\ARM_GCC_541\Debug\00_Basic_Rx.a(LED.o)
 .debug_frame   0x0000169c       0xa8 .\CortexM0p\ARM_GCC_541\Debug\00_Basic_Rx.a(CyFlash.o)
 .debug_frame   0x00001744       0x20 c:/program files (x86)/cypress/psoc creator/4.1/psoc creator/import/gnu/arm/5.4.1/bin/../lib/gcc/arm-none-eabi/5.4.1/armv6-m\libgcc.a(_udivsi3.o)
 .debug_frame   0x00001764       0x20 c:/program files (x86)/cypress/psoc creator/4.1/psoc creator/import/gnu/arm/5.4.1/bin/../lib/gcc/arm-none-eabi/5.4.1/../../../../arm-none-eabi/lib/armv6-m\libg_nano.a(lib_a-errno.o)
 .debug_frame   0x00001784       0x28 c:/program files (x86)/cypress/psoc creator/4.1/psoc creator/import/gnu/arm/5.4.1/bin/../lib/gcc/arm-none-eabi/5.4.1/../../../../arm-none-eabi/lib/armv6-m\libg_nano.a(lib_a-exit.o)
 .debug_frame   0x000017ac       0x2c c:/program files (x86)/cypress/psoc creator/4.1/psoc creator/import/gnu/arm/5.4.1/bin/../lib/gcc/arm-none-eabi/5.4.1/../../../../arm-none-eabi/lib/armv6-m\libg_nano.a(lib_a-init.o)
 .debug_frame   0x000017d8       0x28 c:/program files (x86)/cypress/psoc creator/4.1/psoc creator/import/gnu/arm/5.4.1/bin/../lib/gcc/arm-none-eabi/5.4.1/../../../../arm-none-eabi/lib/armv6-m\libg_nano.a(lib_a-memcpy-stub.o)
 .debug_frame   0x00001800       0x20 c:/program files (x86)/cypress/psoc creator/4.1/psoc creator/import/gnu/arm/5.4.1/bin/../lib/gcc/arm-none-eabi/5.4.1/../../../../arm-none-eabi/lib/armv6-m\libg_nano.a(lib_a-memset.o)

.debug_str      0x00000000     0x24b7
 *(.debug_str)
 .debug_str     0x00000000      0x315 .\CortexM0p\ARM_GCC_541\Debug\main.o
                                0x367 (size before relaxing)
 .debug_str     0x00000315       0x60 .\CortexM0p\ARM_GCC_541\Debug\cyfitter_cfg.o
                                0x1e7 (size before relaxing)
 .debug_str     0x00000375       0x59 .\CortexM0p\ARM_GCC_541\Debug\cymetadata.o
                                0x1d4 (size before relaxing)
 .debug_str     0x000003ce      0x15c .\CortexM0p\ARM_GCC_541\Debug\Cm0plusStart.o
                                0x31b (size before relaxing)
 .debug_str     0x0000052a      0xde7 .\CortexM0p\ARM_GCC_541\Debug\00_Basic_Rx.a(nRF24_NRF_FUNCS.o)
                               0x10d1 (size before relaxing)
 .debug_str     0x00001311      0x1b1 .\CortexM0p\ARM_GCC_541\Debug\00_Basic_Rx.a(nRF24_LL_SPI.o)
                                0x5a4 (size before relaxing)
 .debug_str     0x000014c2       0x5f .\CortexM0p\ARM_GCC_541\Debug\00_Basic_Rx.a(nRF24_NRF_COMMANDS.o)
                                0x49d (size before relaxing)
 .debug_str     0x00001521       0xee .\CortexM0p\ARM_GCC_541\Debug\00_Basic_Rx.a(UART.o)
                                0x2a3 (size before relaxing)
 .debug_str     0x0000160f       0xe7 .\CortexM0p\ARM_GCC_541\Debug\00_Basic_Rx.a(SPI.o)
                                0x292 (size before relaxing)
 .debug_str     0x000016f6       0x9d .\CortexM0p\ARM_GCC_541\Debug\00_Basic_Rx.a(SPI_SPI_UART.o)
                                0x2d0 (size before relaxing)
 .debug_str     0x00001793       0x94 .\CortexM0p\ARM_GCC_541\Debug\00_Basic_Rx.a(SPI_SPI.o)
                                0x268 (size before relaxing)
 .debug_str     0x00001827       0x8a .\CortexM0p\ARM_GCC_541\Debug\00_Basic_Rx.a(IRQ.o)
                                0x234 (size before relaxing)
 .debug_str     0x000018b1      0x146 .\CortexM0p\ARM_GCC_541\Debug\00_Basic_Rx.a(isr_IRQ.o)
                                0x312 (size before relaxing)
 .debug_str     0x000019f7       0x69 .\CortexM0p\ARM_GCC_541\Debug\00_Basic_Rx.a(SS.o)
                                0x22d (size before relaxing)
 .debug_str     0x00001a60       0x69 .\CortexM0p\ARM_GCC_541\Debug\00_Basic_Rx.a(CE.o)
                                0x22d (size before relaxing)
 .debug_str     0x00001ac9       0x99 .\CortexM0p\ARM_GCC_541\Debug\00_Basic_Rx.a(SPI_sclk_m.o)
                                0x265 (size before relaxing)
 .debug_str     0x00001b62      0x4f9 .\CortexM0p\ARM_GCC_541\Debug\00_Basic_Rx.a(CyLib.o)
                                0x72f (size before relaxing)
 .debug_str     0x0000205b      0x2d9 .\CortexM0p\ARM_GCC_541\Debug\00_Basic_Rx.a(CyLFClk.o)
                                0x4c6 (size before relaxing)
 .debug_str     0x00002334       0x66 .\CortexM0p\ARM_GCC_541\Debug\00_Basic_Rx.a(LED.o)
                                0x234 (size before relaxing)
 .debug_str     0x0000239a      0x11d .\CortexM0p\ARM_GCC_541\Debug\00_Basic_Rx.a(CyFlash.o)
                                0x32e (size before relaxing)

.debug_loc      0x00000000     0x20ec
 *(.debug_loc)
 .debug_loc     0x00000000       0x26 .\CortexM0p\ARM_GCC_541\Debug\main.o
 .debug_loc     0x00000026      0x14f .\CortexM0p\ARM_GCC_541\Debug\Cm0plusStart.o
 .debug_loc     0x00000175      0x905 .\CortexM0p\ARM_GCC_541\Debug\00_Basic_Rx.a(nRF24_NRF_FUNCS.o)
 .debug_loc     0x00000a7a      0x2c6 .\CortexM0p\ARM_GCC_541\Debug\00_Basic_Rx.a(nRF24_LL_SPI.o)
 .debug_loc     0x00000d40      0x20a .\CortexM0p\ARM_GCC_541\Debug\00_Basic_Rx.a(nRF24_NRF_COMMANDS.o)
 .debug_loc     0x00000f4a      0x12d .\CortexM0p\ARM_GCC_541\Debug\00_Basic_Rx.a(UART.o)
 .debug_loc     0x00001077       0x7e .\CortexM0p\ARM_GCC_541\Debug\00_Basic_Rx.a(SPI.o)
 .debug_loc     0x000010f5       0x96 .\CortexM0p\ARM_GCC_541\Debug\00_Basic_Rx.a(SPI_SPI_UART.o)
 .debug_loc     0x0000118b       0xc1 .\CortexM0p\ARM_GCC_541\Debug\00_Basic_Rx.a(SPI_SPI.o)
 .debug_loc     0x0000124c       0xa2 .\CortexM0p\ARM_GCC_541\Debug\00_Basic_Rx.a(IRQ.o)
 .debug_loc     0x000012ee       0x82 .\CortexM0p\ARM_GCC_541\Debug\00_Basic_Rx.a(isr_IRQ.o)
 .debug_loc     0x00001370       0xa2 .\CortexM0p\ARM_GCC_541\Debug\00_Basic_Rx.a(SS.o)
 .debug_loc     0x00001412       0xa2 .\CortexM0p\ARM_GCC_541\Debug\00_Basic_Rx.a(CE.o)
 .debug_loc     0x000014b4       0xa2 .\CortexM0p\ARM_GCC_541\Debug\00_Basic_Rx.a(SPI_sclk_m.o)
 .debug_loc     0x00001556      0x5e3 .\CortexM0p\ARM_GCC_541\Debug\00_Basic_Rx.a(CyLib.o)
 .debug_loc     0x00001b39      0x354 .\CortexM0p\ARM_GCC_541\Debug\00_Basic_Rx.a(CyLFClk.o)
 .debug_loc     0x00001e8d       0xa2 .\CortexM0p\ARM_GCC_541\Debug\00_Basic_Rx.a(LED.o)
 .debug_loc     0x00001f2f      0x1bd .\CortexM0p\ARM_GCC_541\Debug\00_Basic_Rx.a(CyFlash.o)

.debug_macinfo
 *(.debug_macinfo)

.debug_ranges   0x00000000      0x830
 *(.debug_ranges)
 .debug_ranges  0x00000000       0x18 .\CortexM0p\ARM_GCC_541\Debug\main.o
 .debug_ranges  0x00000018       0x18 .\CortexM0p\ARM_GCC_541\Debug\cyfitter_cfg.o
 .debug_ranges  0x00000030       0x38 .\CortexM0p\ARM_GCC_541\Debug\Cm0plusStart.o
 .debug_ranges  0x00000068      0x218 .\CortexM0p\ARM_GCC_541\Debug\00_Basic_Rx.a(nRF24_NRF_FUNCS.o)
 .debug_ranges  0x00000280       0x48 .\CortexM0p\ARM_GCC_541\Debug\00_Basic_Rx.a(nRF24_LL_SPI.o)
 .debug_ranges  0x000002c8       0x58 .\CortexM0p\ARM_GCC_541\Debug\00_Basic_Rx.a(nRF24_NRF_COMMANDS.o)
 .debug_ranges  0x00000320       0x40 .\CortexM0p\ARM_GCC_541\Debug\00_Basic_Rx.a(UART.o)
 .debug_ranges  0x00000360       0x48 .\CortexM0p\ARM_GCC_541\Debug\00_Basic_Rx.a(SPI.o)
 .debug_ranges  0x000003a8       0x50 .\CortexM0p\ARM_GCC_541\Debug\00_Basic_Rx.a(SPI_SPI_UART.o)
 .debug_ranges  0x000003f8       0x30 .\CortexM0p\ARM_GCC_541\Debug\00_Basic_Rx.a(SPI_SPI.o)
 .debug_ranges  0x00000428       0x38 .\CortexM0p\ARM_GCC_541\Debug\00_Basic_Rx.a(IRQ.o)
 .debug_ranges  0x00000460       0x70 .\CortexM0p\ARM_GCC_541\Debug\00_Basic_Rx.a(isr_IRQ.o)
 .debug_ranges  0x000004d0       0x38 .\CortexM0p\ARM_GCC_541\Debug\00_Basic_Rx.a(SS.o)
 .debug_ranges  0x00000508       0x38 .\CortexM0p\ARM_GCC_541\Debug\00_Basic_Rx.a(CE.o)
 .debug_ranges  0x00000540       0x38 .\CortexM0p\ARM_GCC_541\Debug\00_Basic_Rx.a(SPI_sclk_m.o)
 .debug_ranges  0x00000578      0x180 .\CortexM0p\ARM_GCC_541\Debug\00_Basic_Rx.a(CyLib.o)
 .debug_ranges  0x000006f8       0xc8 .\CortexM0p\ARM_GCC_541\Debug\00_Basic_Rx.a(CyLFClk.o)
 .debug_ranges  0x000007c0       0x38 .\CortexM0p\ARM_GCC_541\Debug\00_Basic_Rx.a(LED.o)
 .debug_ranges  0x000007f8       0x38 .\CortexM0p\ARM_GCC_541\Debug\00_Basic_Rx.a(CyFlash.o)

.comment        0x00000000       0x6e
 .comment       0x00000000       0x6e .\CortexM0p\ARM_GCC_541\Debug\main.o
                                 0x6f (size before relaxing)
 .comment       0x0000006e       0x6f .\CortexM0p\ARM_GCC_541\Debug\cyfitter_cfg.o
 .comment       0x0000006e       0x6f .\CortexM0p\ARM_GCC_541\Debug\cymetadata.o
 .comment       0x0000006e       0x6f .\CortexM0p\ARM_GCC_541\Debug\Cm0plusStart.o
 .comment       0x0000006e       0x6f .\CortexM0p\ARM_GCC_541\Debug\00_Basic_Rx.a(nRF24_NRF_FUNCS.o)
 .comment       0x0000006e       0x6f .\CortexM0p\ARM_GCC_541\Debug\00_Basic_Rx.a(nRF24_LL_SPI.o)
 .comment       0x0000006e       0x6f .\CortexM0p\ARM_GCC_541\Debug\00_Basic_Rx.a(nRF24_NRF_COMMANDS.o)
 .comment       0x0000006e       0x6f .\CortexM0p\ARM_GCC_541\Debug\00_Basic_Rx.a(UART.o)
 .comment       0x0000006e       0x6f .\CortexM0p\ARM_GCC_541\Debug\00_Basic_Rx.a(SPI.o)
 .comment       0x0000006e       0x6f .\CortexM0p\ARM_GCC_541\Debug\00_Basic_Rx.a(SPI_SPI_UART.o)
 .comment       0x0000006e       0x6f .\CortexM0p\ARM_GCC_541\Debug\00_Basic_Rx.a(SPI_SPI.o)
 .comment       0x0000006e       0x6f .\CortexM0p\ARM_GCC_541\Debug\00_Basic_Rx.a(IRQ.o)
 .comment       0x0000006e       0x6f .\CortexM0p\ARM_GCC_541\Debug\00_Basic_Rx.a(isr_IRQ.o)
 .comment       0x0000006e       0x6f .\CortexM0p\ARM_GCC_541\Debug\00_Basic_Rx.a(SS.o)
 .comment       0x0000006e       0x6f .\CortexM0p\ARM_GCC_541\Debug\00_Basic_Rx.a(CE.o)
 .comment       0x0000006e       0x6f .\CortexM0p\ARM_GCC_541\Debug\00_Basic_Rx.a(SPI_sclk_m.o)
 .comment       0x0000006e       0x6f .\CortexM0p\ARM_GCC_541\Debug\00_Basic_Rx.a(CyLib.o)
 .comment       0x0000006e       0x6f .\CortexM0p\ARM_GCC_541\Debug\00_Basic_Rx.a(CyLFClk.o)
 .comment       0x0000006e       0x6f .\CortexM0p\ARM_GCC_541\Debug\00_Basic_Rx.a(LED.o)
 .comment       0x0000006e       0x6f .\CortexM0p\ARM_GCC_541\Debug\00_Basic_Rx.a(CyFlash.o)

.debug_weaknames
 *(.debug_weaknames)

.debug_funcnames
 *(.debug_funcnames)

.debug_typenames
 *(.debug_typenames)

.debug_varnames
 *(.debug_varnames)

.note.gnu.arm.ident
 *(.note.gnu.arm.ident)

.ARM.attributes
                0x00000000       0x28
 *(.ARM.attributes)
 .ARM.attributes
                0x00000000       0x1e c:/program files (x86)/cypress/psoc creator/4.1/psoc creator/import/gnu/arm/5.4.1/bin/../lib/gcc/arm-none-eabi/5.4.1/armv6-m/crti.o
 .ARM.attributes
                0x0000001e       0x2c c:/program files (x86)/cypress/psoc creator/4.1/psoc creator/import/gnu/arm/5.4.1/bin/../lib/gcc/arm-none-eabi/5.4.1/armv6-m/crtbegin.o
 .ARM.attributes
                0x0000004a       0x1b c:/program files (x86)/cypress/psoc creator/4.1/psoc creator/import/gnu/arm/5.4.1/bin/../lib/gcc/arm-none-eabi/5.4.1/../../../../arm-none-eabi/lib/armv6-m/crt0.o
 .ARM.attributes
                0x00000065       0x32 .\CortexM0p\ARM_GCC_541\Debug\main.o
 .ARM.attributes
                0x00000097       0x32 .\CortexM0p\ARM_GCC_541\Debug\cyfitter_cfg.o
 .ARM.attributes
                0x000000c9       0x32 .\CortexM0p\ARM_GCC_541\Debug\cymetadata.o
 .ARM.attributes
                0x000000fb       0x32 .\CortexM0p\ARM_GCC_541\Debug\Cm0plusStart.o
 .ARM.attributes
                0x0000012d       0x32 .\CortexM0p\ARM_GCC_541\Debug\00_Basic_Rx.a(nRF24_NRF_FUNCS.o)
 .ARM.attributes
                0x0000015f       0x32 .\CortexM0p\ARM_GCC_541\Debug\00_Basic_Rx.a(nRF24_LL_SPI.o)
 .ARM.attributes
                0x00000191       0x32 .\CortexM0p\ARM_GCC_541\Debug\00_Basic_Rx.a(nRF24_NRF_COMMANDS.o)
 .ARM.attributes
                0x000001c3       0x32 .\CortexM0p\ARM_GCC_541\Debug\00_Basic_Rx.a(UART.o)
 .ARM.attributes
                0x000001f5       0x32 .\CortexM0p\ARM_GCC_541\Debug\00_Basic_Rx.a(SPI.o)
 .ARM.attributes
                0x00000227       0x32 .\CortexM0p\ARM_GCC_541\Debug\00_Basic_Rx.a(SPI_SPI_UART.o)
 .ARM.attributes
                0x00000259       0x32 .\CortexM0p\ARM_GCC_541\Debug\00_Basic_Rx.a(SPI_SPI.o)
 .ARM.attributes
                0x0000028b       0x32 .\CortexM0p\ARM_GCC_541\Debug\00_Basic_Rx.a(IRQ.o)
 .ARM.attributes
                0x000002bd       0x32 .\CortexM0p\ARM_GCC_541\Debug\00_Basic_Rx.a(isr_IRQ.o)
 .ARM.attributes
                0x000002ef       0x32 .\CortexM0p\ARM_GCC_541\Debug\00_Basic_Rx.a(SS.o)
 .ARM.attributes
                0x00000321       0x32 .\CortexM0p\ARM_GCC_541\Debug\00_Basic_Rx.a(CE.o)
 .ARM.attributes
                0x00000353       0x32 .\CortexM0p\ARM_GCC_541\Debug\00_Basic_Rx.a(SPI_sclk_m.o)
 .ARM.attributes
                0x00000385       0x32 .\CortexM0p\ARM_GCC_541\Debug\00_Basic_Rx.a(CyLib.o)
 .ARM.attributes
                0x000003b7       0x32 .\CortexM0p\ARM_GCC_541\Debug\00_Basic_Rx.a(CyLFClk.o)
 .ARM.attributes
                0x000003e9       0x32 .\CortexM0p\ARM_GCC_541\Debug\00_Basic_Rx.a(LED.o)
 .ARM.attributes
                0x0000041b       0x22 .\CortexM0p\ARM_GCC_541\Debug\00_Basic_Rx.a(UART_AsmGnu.o)
 .ARM.attributes
                0x0000043d       0x22 .\CortexM0p\ARM_GCC_541\Debug\00_Basic_Rx.a(CyBootAsmGnu.o)
 .ARM.attributes
                0x0000045f       0x32 .\CortexM0p\ARM_GCC_541\Debug\00_Basic_Rx.a(CyFlash.o)
 .ARM.attributes
                0x00000491       0x1e c:/program files (x86)/cypress/psoc creator/4.1/psoc creator/import/gnu/arm/5.4.1/bin/../lib/gcc/arm-none-eabi/5.4.1/armv6-m\libgcc.a(_udivsi3.o)
 .ARM.attributes
                0x000004af       0x1e c:/program files (x86)/cypress/psoc creator/4.1/psoc creator/import/gnu/arm/5.4.1/bin/../lib/gcc/arm-none-eabi/5.4.1/armv6-m\libgcc.a(_dvmd_tls.o)
 .ARM.attributes
                0x000004cd       0x2c c:/program files (x86)/cypress/psoc creator/4.1/psoc creator/import/gnu/arm/5.4.1/bin/../lib/gcc/arm-none-eabi/5.4.1/../../../../arm-none-eabi/lib/armv6-m\libg_nano.a(lib_a-errno.o)
 .ARM.attributes
                0x000004f9       0x2c c:/program files (x86)/cypress/psoc creator/4.1/psoc creator/import/gnu/arm/5.4.1/bin/../lib/gcc/arm-none-eabi/5.4.1/../../../../arm-none-eabi/lib/armv6-m\libg_nano.a(lib_a-exit.o)
 .ARM.attributes
                0x00000525       0x2c c:/program files (x86)/cypress/psoc creator/4.1/psoc creator/import/gnu/arm/5.4.1/bin/../lib/gcc/arm-none-eabi/5.4.1/../../../../arm-none-eabi/lib/armv6-m\libg_nano.a(lib_a-impure.o)
 .ARM.attributes
                0x00000551       0x2c c:/program files (x86)/cypress/psoc creator/4.1/psoc creator/import/gnu/arm/5.4.1/bin/../lib/gcc/arm-none-eabi/5.4.1/../../../../arm-none-eabi/lib/armv6-m\libg_nano.a(lib_a-init.o)
 .ARM.attributes
                0x0000057d       0x2c c:/program files (x86)/cypress/psoc creator/4.1/psoc creator/import/gnu/arm/5.4.1/bin/../lib/gcc/arm-none-eabi/5.4.1/../../../../arm-none-eabi/lib/armv6-m\libg_nano.a(lib_a-memcpy-stub.o)
 .ARM.attributes
                0x000005a9       0x2c c:/program files (x86)/cypress/psoc creator/4.1/psoc creator/import/gnu/arm/5.4.1/bin/../lib/gcc/arm-none-eabi/5.4.1/../../../../arm-none-eabi/lib/armv6-m\libg_nano.a(lib_a-memset.o)
 .ARM.attributes
                0x000005d5       0x2c c:/program files (x86)/cypress/psoc creator/4.1/psoc creator/import/gnu/arm/5.4.1/bin/../lib/gcc/arm-none-eabi/5.4.1/armv6-m/crtend.o
 .ARM.attributes
                0x00000601       0x1e c:/program files (x86)/cypress/psoc creator/4.1/psoc creator/import/gnu/arm/5.4.1/bin/../lib/gcc/arm-none-eabi/5.4.1/armv6-m/crtn.o

/DISCARD/
 *(.note.GNU-stack)
OUTPUT(C:\Users\Xwx47\Documents\Creator\nRF24_Example_Projects\00_Basic_Rx.cydsn\CortexM0p\ARM_GCC_541\Debug\00_Basic_Rx.elf elf32-littlearm)
