ARM GAS  C:\Users\d3bug\AppData\Local\Temp\ccr5sgth.s 			page 1


   1              		.syntax unified
   2              		.cpu cortex-m0plus
   3              		.fpu softvfp
   4              		.eabi_attribute 20, 1
   5              		.eabi_attribute 21, 1
   6              		.eabi_attribute 23, 3
   7              		.eabi_attribute 24, 1
   8              		.eabi_attribute 25, 1
   9              		.eabi_attribute 26, 1
  10              		.eabi_attribute 30, 1
  11              		.eabi_attribute 34, 0
  12              		.eabi_attribute 18, 4
  13              		.thumb
  14              		.syntax unified
  15              		.file	"cyfitter_cfg.c"
  16              		.text
  17              	.Ltext0:
  18              		.cfi_sections	.debug_frame
  19              		.section	.psocinit,"ax",%progbits
  20              		.align	2
  21              		.code	16
  22              		.thumb_func
  23              		.type	ClockSetup, %function
  24              	ClockSetup:
  25              	.LFB4:
  26              		.file 1 "Generated_Source\\PSoC4\\cyfitter_cfg.c"
   1:Generated_Source\PSoC4/cyfitter_cfg.c **** 
   2:Generated_Source\PSoC4/cyfitter_cfg.c **** /*******************************************************************************
   3:Generated_Source\PSoC4/cyfitter_cfg.c **** * File Name: cyfitter_cfg.c
   4:Generated_Source\PSoC4/cyfitter_cfg.c **** * 
   5:Generated_Source\PSoC4/cyfitter_cfg.c **** * PSoC Creator  4.2
   6:Generated_Source\PSoC4/cyfitter_cfg.c **** *
   7:Generated_Source\PSoC4/cyfitter_cfg.c **** * Description:
   8:Generated_Source\PSoC4/cyfitter_cfg.c **** * This file contains device initialization code.
   9:Generated_Source\PSoC4/cyfitter_cfg.c **** * Except for the user defined sections in CyClockStartupError(), this file should not be modified.
  10:Generated_Source\PSoC4/cyfitter_cfg.c **** * This file is automatically generated by PSoC Creator.
  11:Generated_Source\PSoC4/cyfitter_cfg.c **** *
  12:Generated_Source\PSoC4/cyfitter_cfg.c **** ********************************************************************************
  13:Generated_Source\PSoC4/cyfitter_cfg.c **** * Copyright (c) 2007-2018 Cypress Semiconductor.  All rights reserved.
  14:Generated_Source\PSoC4/cyfitter_cfg.c **** * You may use this file only in accordance with the license, terms, conditions, 
  15:Generated_Source\PSoC4/cyfitter_cfg.c **** * disclaimers, and limitations in the end user license agreement accompanying 
  16:Generated_Source\PSoC4/cyfitter_cfg.c **** * the software package with which this file was provided.
  17:Generated_Source\PSoC4/cyfitter_cfg.c **** ********************************************************************************/
  18:Generated_Source\PSoC4/cyfitter_cfg.c **** 
  19:Generated_Source\PSoC4/cyfitter_cfg.c **** #include <string.h>
  20:Generated_Source\PSoC4/cyfitter_cfg.c **** #include "cytypes.h"
  21:Generated_Source\PSoC4/cyfitter_cfg.c **** #include "cydevice_trm.h"
  22:Generated_Source\PSoC4/cyfitter_cfg.c **** #include "cyfitter.h"
  23:Generated_Source\PSoC4/cyfitter_cfg.c **** #include "CyLib.h"
  24:Generated_Source\PSoC4/cyfitter_cfg.c **** #include "cyfitter_cfg.h"
  25:Generated_Source\PSoC4/cyfitter_cfg.c **** #include "cyapicallbacks.h"
  26:Generated_Source\PSoC4/cyfitter_cfg.c **** 
  27:Generated_Source\PSoC4/cyfitter_cfg.c **** 
  28:Generated_Source\PSoC4/cyfitter_cfg.c **** #if defined(__GNUC__) || defined(__ARMCC_VERSION)
  29:Generated_Source\PSoC4/cyfitter_cfg.c ****     #define CYPACKED 
  30:Generated_Source\PSoC4/cyfitter_cfg.c ****     #define CYPACKED_ATTR __attribute__ ((packed))
  31:Generated_Source\PSoC4/cyfitter_cfg.c ****     #define CYALIGNED __attribute__ ((aligned))
ARM GAS  C:\Users\d3bug\AppData\Local\Temp\ccr5sgth.s 			page 2


  32:Generated_Source\PSoC4/cyfitter_cfg.c ****     #define CY_CFG_UNUSED __attribute__ ((unused))
  33:Generated_Source\PSoC4/cyfitter_cfg.c ****     #ifndef CY_CFG_SECTION
  34:Generated_Source\PSoC4/cyfitter_cfg.c ****         #define CY_CFG_SECTION __attribute__ ((section(".psocinit")))
  35:Generated_Source\PSoC4/cyfitter_cfg.c ****     #endif
  36:Generated_Source\PSoC4/cyfitter_cfg.c ****     
  37:Generated_Source\PSoC4/cyfitter_cfg.c ****     #if defined(__ARMCC_VERSION)
  38:Generated_Source\PSoC4/cyfitter_cfg.c ****         #define CY_CFG_MEMORY_BARRIER() __memory_changed()
  39:Generated_Source\PSoC4/cyfitter_cfg.c ****     #else
  40:Generated_Source\PSoC4/cyfitter_cfg.c ****         #define CY_CFG_MEMORY_BARRIER() __sync_synchronize()
  41:Generated_Source\PSoC4/cyfitter_cfg.c ****     #endif
  42:Generated_Source\PSoC4/cyfitter_cfg.c ****     
  43:Generated_Source\PSoC4/cyfitter_cfg.c **** #elif defined(__ICCARM__)
  44:Generated_Source\PSoC4/cyfitter_cfg.c ****     #include <intrinsics.h>
  45:Generated_Source\PSoC4/cyfitter_cfg.c **** 
  46:Generated_Source\PSoC4/cyfitter_cfg.c ****     #define CYPACKED __packed
  47:Generated_Source\PSoC4/cyfitter_cfg.c ****     #define CYPACKED_ATTR 
  48:Generated_Source\PSoC4/cyfitter_cfg.c ****     #define CYALIGNED _Pragma("data_alignment=4")
  49:Generated_Source\PSoC4/cyfitter_cfg.c ****     #define CY_CFG_UNUSED _Pragma("diag_suppress=Pe177")
  50:Generated_Source\PSoC4/cyfitter_cfg.c ****     #define CY_CFG_SECTION _Pragma("location=\".psocinit\"")
  51:Generated_Source\PSoC4/cyfitter_cfg.c ****     
  52:Generated_Source\PSoC4/cyfitter_cfg.c ****     #define CY_CFG_MEMORY_BARRIER() __DMB()
  53:Generated_Source\PSoC4/cyfitter_cfg.c ****     
  54:Generated_Source\PSoC4/cyfitter_cfg.c **** #else
  55:Generated_Source\PSoC4/cyfitter_cfg.c ****     #error Unsupported toolchain
  56:Generated_Source\PSoC4/cyfitter_cfg.c **** #endif
  57:Generated_Source\PSoC4/cyfitter_cfg.c **** 
  58:Generated_Source\PSoC4/cyfitter_cfg.c **** #ifndef CYCODE
  59:Generated_Source\PSoC4/cyfitter_cfg.c ****     #define CYCODE
  60:Generated_Source\PSoC4/cyfitter_cfg.c **** #endif
  61:Generated_Source\PSoC4/cyfitter_cfg.c **** #ifndef CYDATA
  62:Generated_Source\PSoC4/cyfitter_cfg.c ****     #define CYDATA
  63:Generated_Source\PSoC4/cyfitter_cfg.c **** #endif
  64:Generated_Source\PSoC4/cyfitter_cfg.c **** #ifndef CYFAR
  65:Generated_Source\PSoC4/cyfitter_cfg.c ****     #define CYFAR
  66:Generated_Source\PSoC4/cyfitter_cfg.c **** #endif
  67:Generated_Source\PSoC4/cyfitter_cfg.c **** #ifndef CYXDATA
  68:Generated_Source\PSoC4/cyfitter_cfg.c ****     #define CYXDATA
  69:Generated_Source\PSoC4/cyfitter_cfg.c **** #endif
  70:Generated_Source\PSoC4/cyfitter_cfg.c **** 
  71:Generated_Source\PSoC4/cyfitter_cfg.c **** 
  72:Generated_Source\PSoC4/cyfitter_cfg.c **** CY_CFG_UNUSED
  73:Generated_Source\PSoC4/cyfitter_cfg.c **** static void CYMEMZERO(void *s, size_t n);
  74:Generated_Source\PSoC4/cyfitter_cfg.c **** CY_CFG_UNUSED
  75:Generated_Source\PSoC4/cyfitter_cfg.c **** static void CYMEMZERO(void *s, size_t n)
  76:Generated_Source\PSoC4/cyfitter_cfg.c **** {
  77:Generated_Source\PSoC4/cyfitter_cfg.c **** 	(void)memset(s, 0, n);
  78:Generated_Source\PSoC4/cyfitter_cfg.c **** }
  79:Generated_Source\PSoC4/cyfitter_cfg.c **** CY_CFG_UNUSED
  80:Generated_Source\PSoC4/cyfitter_cfg.c **** static void CYCONFIGCPY(void *dest, const void *src, size_t n);
  81:Generated_Source\PSoC4/cyfitter_cfg.c **** CY_CFG_UNUSED
  82:Generated_Source\PSoC4/cyfitter_cfg.c **** static void CYCONFIGCPY(void *dest, const void *src, size_t n)
  83:Generated_Source\PSoC4/cyfitter_cfg.c **** {
  84:Generated_Source\PSoC4/cyfitter_cfg.c **** 	(void)memcpy(dest, src, n);
  85:Generated_Source\PSoC4/cyfitter_cfg.c **** }
  86:Generated_Source\PSoC4/cyfitter_cfg.c **** CY_CFG_UNUSED
  87:Generated_Source\PSoC4/cyfitter_cfg.c **** static void CYCONFIGCPYCODE(void *dest, const void *src, size_t n);
  88:Generated_Source\PSoC4/cyfitter_cfg.c **** CY_CFG_UNUSED
ARM GAS  C:\Users\d3bug\AppData\Local\Temp\ccr5sgth.s 			page 3


  89:Generated_Source\PSoC4/cyfitter_cfg.c **** static void CYCONFIGCPYCODE(void *dest, const void *src, size_t n)
  90:Generated_Source\PSoC4/cyfitter_cfg.c **** {
  91:Generated_Source\PSoC4/cyfitter_cfg.c **** 	(void)memcpy(dest, src, n);
  92:Generated_Source\PSoC4/cyfitter_cfg.c **** }
  93:Generated_Source\PSoC4/cyfitter_cfg.c **** 
  94:Generated_Source\PSoC4/cyfitter_cfg.c **** 
  95:Generated_Source\PSoC4/cyfitter_cfg.c **** 
  96:Generated_Source\PSoC4/cyfitter_cfg.c **** 
  97:Generated_Source\PSoC4/cyfitter_cfg.c **** /* Clock startup error codes                                                   */
  98:Generated_Source\PSoC4/cyfitter_cfg.c **** #define CYCLOCKSTART_NO_ERROR    0u
  99:Generated_Source\PSoC4/cyfitter_cfg.c **** #define CYCLOCKSTART_XTAL_ERROR  1u
 100:Generated_Source\PSoC4/cyfitter_cfg.c **** #define CYCLOCKSTART_32KHZ_ERROR 2u
 101:Generated_Source\PSoC4/cyfitter_cfg.c **** #define CYCLOCKSTART_PLL_ERROR   3u
 102:Generated_Source\PSoC4/cyfitter_cfg.c **** #define CYCLOCKSTART_FLL_ERROR   4u
 103:Generated_Source\PSoC4/cyfitter_cfg.c **** #define CYCLOCKSTART_WCO_ERROR   5u
 104:Generated_Source\PSoC4/cyfitter_cfg.c **** 
 105:Generated_Source\PSoC4/cyfitter_cfg.c **** 
 106:Generated_Source\PSoC4/cyfitter_cfg.c **** #ifdef CY_NEED_CYCLOCKSTARTUPERROR
 107:Generated_Source\PSoC4/cyfitter_cfg.c **** /*******************************************************************************
 108:Generated_Source\PSoC4/cyfitter_cfg.c **** * Function Name: CyClockStartupError
 109:Generated_Source\PSoC4/cyfitter_cfg.c **** ********************************************************************************
 110:Generated_Source\PSoC4/cyfitter_cfg.c **** * Summary:
 111:Generated_Source\PSoC4/cyfitter_cfg.c **** *  If an error is encountered during clock configuration (crystal startup error,
 112:Generated_Source\PSoC4/cyfitter_cfg.c **** *  PLL lock error, etc.), the system will end up here.  Unless reimplemented by
 113:Generated_Source\PSoC4/cyfitter_cfg.c **** *  the customer, this function will stop in an infinite loop.
 114:Generated_Source\PSoC4/cyfitter_cfg.c **** *
 115:Generated_Source\PSoC4/cyfitter_cfg.c **** * Parameters:
 116:Generated_Source\PSoC4/cyfitter_cfg.c **** *   void
 117:Generated_Source\PSoC4/cyfitter_cfg.c **** *
 118:Generated_Source\PSoC4/cyfitter_cfg.c **** * Return:
 119:Generated_Source\PSoC4/cyfitter_cfg.c **** *   void
 120:Generated_Source\PSoC4/cyfitter_cfg.c **** *
 121:Generated_Source\PSoC4/cyfitter_cfg.c **** *******************************************************************************/
 122:Generated_Source\PSoC4/cyfitter_cfg.c **** CY_CFG_UNUSED
 123:Generated_Source\PSoC4/cyfitter_cfg.c **** static void CyClockStartupError(uint8 errorCode);
 124:Generated_Source\PSoC4/cyfitter_cfg.c **** CY_CFG_UNUSED
 125:Generated_Source\PSoC4/cyfitter_cfg.c **** static void CyClockStartupError(uint8 errorCode)
 126:Generated_Source\PSoC4/cyfitter_cfg.c **** {
 127:Generated_Source\PSoC4/cyfitter_cfg.c ****     /* To remove the compiler warning if errorCode not used.                */
 128:Generated_Source\PSoC4/cyfitter_cfg.c ****     errorCode = errorCode;
 129:Generated_Source\PSoC4/cyfitter_cfg.c **** 
 130:Generated_Source\PSoC4/cyfitter_cfg.c ****     /* If we have a clock startup error (bad MHz crystal, PLL lock, etc.),  */
 131:Generated_Source\PSoC4/cyfitter_cfg.c ****     /* we will end up here to allow the customer to implement something to  */
 132:Generated_Source\PSoC4/cyfitter_cfg.c ****     /* deal with the clock condition.                                       */
 133:Generated_Source\PSoC4/cyfitter_cfg.c **** 
 134:Generated_Source\PSoC4/cyfitter_cfg.c **** #ifdef CY_CFG_CLOCK_STARTUP_ERROR_CALLBACK
 135:Generated_Source\PSoC4/cyfitter_cfg.c ****     CY_CFG_Clock_Startup_ErrorCallback();
 136:Generated_Source\PSoC4/cyfitter_cfg.c **** #else
 137:Generated_Source\PSoC4/cyfitter_cfg.c ****     /*  If not using CY_CFG_CLOCK_STARTUP_ERROR_CALLBACK, place your clock startup code here. */
 138:Generated_Source\PSoC4/cyfitter_cfg.c ****     /* `#START CyClockStartupError` */
 139:Generated_Source\PSoC4/cyfitter_cfg.c **** 
 140:Generated_Source\PSoC4/cyfitter_cfg.c **** 
 141:Generated_Source\PSoC4/cyfitter_cfg.c **** 
 142:Generated_Source\PSoC4/cyfitter_cfg.c ****     /* `#END` */
 143:Generated_Source\PSoC4/cyfitter_cfg.c **** 
 144:Generated_Source\PSoC4/cyfitter_cfg.c ****     while(1) {}
 145:Generated_Source\PSoC4/cyfitter_cfg.c **** #endif /* CY_CFG_CLOCK_STARTUP_ERROR_CALLBACK */
ARM GAS  C:\Users\d3bug\AppData\Local\Temp\ccr5sgth.s 			page 4


 146:Generated_Source\PSoC4/cyfitter_cfg.c **** }
 147:Generated_Source\PSoC4/cyfitter_cfg.c **** #endif
 148:Generated_Source\PSoC4/cyfitter_cfg.c **** 
 149:Generated_Source\PSoC4/cyfitter_cfg.c **** 
 150:Generated_Source\PSoC4/cyfitter_cfg.c **** 
 151:Generated_Source\PSoC4/cyfitter_cfg.c **** /*******************************************************************************
 152:Generated_Source\PSoC4/cyfitter_cfg.c **** * Function Name: ClockSetup
 153:Generated_Source\PSoC4/cyfitter_cfg.c **** ********************************************************************************
 154:Generated_Source\PSoC4/cyfitter_cfg.c **** *
 155:Generated_Source\PSoC4/cyfitter_cfg.c **** * Summary:
 156:Generated_Source\PSoC4/cyfitter_cfg.c **** *   Performs the initialization of all of the clocks in the device based on the
 157:Generated_Source\PSoC4/cyfitter_cfg.c **** *   settings in the Clock tab of the DWR.  This includes enabling the requested
 158:Generated_Source\PSoC4/cyfitter_cfg.c **** *   clocks and setting the necessary dividers to produce the desired frequency. 
 159:Generated_Source\PSoC4/cyfitter_cfg.c **** *
 160:Generated_Source\PSoC4/cyfitter_cfg.c **** * Parameters:
 161:Generated_Source\PSoC4/cyfitter_cfg.c **** *   void
 162:Generated_Source\PSoC4/cyfitter_cfg.c **** *
 163:Generated_Source\PSoC4/cyfitter_cfg.c **** * Return:
 164:Generated_Source\PSoC4/cyfitter_cfg.c **** *   void
 165:Generated_Source\PSoC4/cyfitter_cfg.c **** *
 166:Generated_Source\PSoC4/cyfitter_cfg.c **** *******************************************************************************/
 167:Generated_Source\PSoC4/cyfitter_cfg.c **** static void ClockSetup(void);
 168:Generated_Source\PSoC4/cyfitter_cfg.c **** CY_CFG_SECTION
 169:Generated_Source\PSoC4/cyfitter_cfg.c **** static void ClockSetup(void)
 170:Generated_Source\PSoC4/cyfitter_cfg.c **** {
  27              		.loc 1 170 0
  28              		.cfi_startproc
  29              		@ args = 0, pretend = 0, frame = 0
  30              		@ frame_needed = 0, uses_anonymous_args = 0
  31 0000 10B5     		push	{r4, lr}
  32              		.cfi_def_cfa_offset 8
  33              		.cfi_offset 4, -8
  34              		.cfi_offset 14, -4
 171:Generated_Source\PSoC4/cyfitter_cfg.c **** 
 172:Generated_Source\PSoC4/cyfitter_cfg.c **** 	/* Set Flash Cycles based on max possible frequency in case a glitch occurs during ClockSetup(). *
 173:Generated_Source\PSoC4/cyfitter_cfg.c **** 	CY_SET_REG32((void CYXDATA *)(CYREG_CPUSS_FLASH_CTL), (0x0012u));
  35              		.loc 1 173 0
  36 0002 0B4C     		ldr	r4, .L2
  37 0004 1223     		movs	r3, #18
  38 0006 2360     		str	r3, [r4]
 174:Generated_Source\PSoC4/cyfitter_cfg.c **** 	/* Update IMO to new clock speed. */
 175:Generated_Source\PSoC4/cyfitter_cfg.c **** 	CySysClkWriteImoFreq(24u);
  39              		.loc 1 175 0
  40 0008 1820     		movs	r0, #24
  41 000a FFF7FEFF 		bl	CySysClkWriteImoFreq
  42              	.LVL0:
 176:Generated_Source\PSoC4/cyfitter_cfg.c **** 
 177:Generated_Source\PSoC4/cyfitter_cfg.c **** 	/* Setup phase aligned clocks */
 178:Generated_Source\PSoC4/cyfitter_cfg.c **** 	CY_SET_REG32((void *)CYREG_PERI_DIV_16_CTL0, 0x00000100u);
  43              		.loc 1 178 0
  44 000e 8022     		movs	r2, #128
  45 0010 5200     		lsls	r2, r2, #1
  46 0012 084B     		ldr	r3, .L2+4
  47 0014 1A60     		str	r2, [r3]
 179:Generated_Source\PSoC4/cyfitter_cfg.c **** 	CY_SET_REG32((void *)CYREG_PERI_DIV_CMD, 0x8000FF40u);
  48              		.loc 1 179 0
  49 0016 084A     		ldr	r2, .L2+8
ARM GAS  C:\Users\d3bug\AppData\Local\Temp\ccr5sgth.s 			page 5


  50 0018 084B     		ldr	r3, .L2+12
  51 001a 1A60     		str	r2, [r3]
 180:Generated_Source\PSoC4/cyfitter_cfg.c **** 
 181:Generated_Source\PSoC4/cyfitter_cfg.c **** 	/* CYDEV_CLK_SELECT Starting address: CYDEV_CLK_SELECT */
 182:Generated_Source\PSoC4/cyfitter_cfg.c **** 	CY_SET_REG32((void *)(CYREG_CLK_SELECT), 0x00000000u);
  52              		.loc 1 182 0
  53 001c 0022     		movs	r2, #0
  54 001e 084B     		ldr	r3, .L2+16
  55 0020 1A60     		str	r2, [r3]
 183:Generated_Source\PSoC4/cyfitter_cfg.c **** 
 184:Generated_Source\PSoC4/cyfitter_cfg.c **** 	/* CYDEV_PERI_PCLK_CTL1 Starting address: CYDEV_PERI_PCLK_CTL1 */
 185:Generated_Source\PSoC4/cyfitter_cfg.c **** 	CY_SET_REG32((void *)(CYREG_PERI_PCLK_CTL1), 0x00000040u);
  56              		.loc 1 185 0
  57 0022 4032     		adds	r2, r2, #64
  58 0024 074B     		ldr	r3, .L2+20
  59 0026 1A60     		str	r2, [r3]
 186:Generated_Source\PSoC4/cyfitter_cfg.c **** 
 187:Generated_Source\PSoC4/cyfitter_cfg.c **** 	/* Set Flash Cycles based on newly configured 24.00MHz HFCLK. */
 188:Generated_Source\PSoC4/cyfitter_cfg.c **** 	CY_SET_REG32((void CYXDATA *)(CYREG_CPUSS_FLASH_CTL), (0x0011u));
  60              		.loc 1 188 0
  61 0028 1123     		movs	r3, #17
  62 002a 2360     		str	r3, [r4]
 189:Generated_Source\PSoC4/cyfitter_cfg.c **** }
  63              		.loc 1 189 0
  64              		@ sp needed
  65 002c 10BD     		pop	{r4, pc}
  66              	.L3:
  67 002e C046     		.align	2
  68              	.L2:
  69 0030 30001040 		.word	1074790448
  70 0034 00030140 		.word	1073808128
  71 0038 40FF0080 		.word	-2147418304
  72 003c 00000140 		.word	1073807360
  73 0040 28000340 		.word	1073938472
  74 0044 04010140 		.word	1073807620
  75              		.cfi_endproc
  76              	.LFE4:
  77              		.size	ClockSetup, .-ClockSetup
  78              		.align	2
  79              		.global	cyfitter_cfg
  80              		.code	16
  81              		.thumb_func
  82              		.type	cyfitter_cfg, %function
  83              	cyfitter_cfg:
  84              	.LFB6:
 190:Generated_Source\PSoC4/cyfitter_cfg.c **** 
 191:Generated_Source\PSoC4/cyfitter_cfg.c **** 
 192:Generated_Source\PSoC4/cyfitter_cfg.c **** /* Analog API Functions */
 193:Generated_Source\PSoC4/cyfitter_cfg.c **** 
 194:Generated_Source\PSoC4/cyfitter_cfg.c **** 
 195:Generated_Source\PSoC4/cyfitter_cfg.c **** /*******************************************************************************
 196:Generated_Source\PSoC4/cyfitter_cfg.c **** * Function Name: AnalogSetDefault
 197:Generated_Source\PSoC4/cyfitter_cfg.c **** ********************************************************************************
 198:Generated_Source\PSoC4/cyfitter_cfg.c **** *
 199:Generated_Source\PSoC4/cyfitter_cfg.c **** * Summary:
 200:Generated_Source\PSoC4/cyfitter_cfg.c **** *  Sets up the analog portions of the chip to default values based on chip
 201:Generated_Source\PSoC4/cyfitter_cfg.c **** *  configuration options from the project.
ARM GAS  C:\Users\d3bug\AppData\Local\Temp\ccr5sgth.s 			page 6


 202:Generated_Source\PSoC4/cyfitter_cfg.c **** *
 203:Generated_Source\PSoC4/cyfitter_cfg.c **** * Parameters:
 204:Generated_Source\PSoC4/cyfitter_cfg.c **** *  void
 205:Generated_Source\PSoC4/cyfitter_cfg.c **** *
 206:Generated_Source\PSoC4/cyfitter_cfg.c **** * Return:
 207:Generated_Source\PSoC4/cyfitter_cfg.c **** *  void
 208:Generated_Source\PSoC4/cyfitter_cfg.c **** *
 209:Generated_Source\PSoC4/cyfitter_cfg.c **** *******************************************************************************/
 210:Generated_Source\PSoC4/cyfitter_cfg.c **** static void AnalogSetDefault(void);
 211:Generated_Source\PSoC4/cyfitter_cfg.c **** static void AnalogSetDefault(void)
 212:Generated_Source\PSoC4/cyfitter_cfg.c **** {
 213:Generated_Source\PSoC4/cyfitter_cfg.c **** }
 214:Generated_Source\PSoC4/cyfitter_cfg.c **** 
 215:Generated_Source\PSoC4/cyfitter_cfg.c **** 
 216:Generated_Source\PSoC4/cyfitter_cfg.c **** 
 217:Generated_Source\PSoC4/cyfitter_cfg.c **** 
 218:Generated_Source\PSoC4/cyfitter_cfg.c **** /*******************************************************************************
 219:Generated_Source\PSoC4/cyfitter_cfg.c **** * Function Name: cyfitter_cfg
 220:Generated_Source\PSoC4/cyfitter_cfg.c **** ********************************************************************************
 221:Generated_Source\PSoC4/cyfitter_cfg.c **** * Summary:
 222:Generated_Source\PSoC4/cyfitter_cfg.c **** *  This function is called by the start-up code for the selected device. It
 223:Generated_Source\PSoC4/cyfitter_cfg.c **** *  performs all of the necessary device configuration based on the design
 224:Generated_Source\PSoC4/cyfitter_cfg.c **** *  settings.  This includes settings from the Design Wide Resources (DWR) such
 225:Generated_Source\PSoC4/cyfitter_cfg.c **** *  as Clocks and Pins as well as any component configuration that is necessary.
 226:Generated_Source\PSoC4/cyfitter_cfg.c **** *
 227:Generated_Source\PSoC4/cyfitter_cfg.c **** * Parameters:
 228:Generated_Source\PSoC4/cyfitter_cfg.c **** *   void
 229:Generated_Source\PSoC4/cyfitter_cfg.c **** *
 230:Generated_Source\PSoC4/cyfitter_cfg.c **** * Return:
 231:Generated_Source\PSoC4/cyfitter_cfg.c **** *   void
 232:Generated_Source\PSoC4/cyfitter_cfg.c **** *
 233:Generated_Source\PSoC4/cyfitter_cfg.c **** *******************************************************************************/
 234:Generated_Source\PSoC4/cyfitter_cfg.c **** CY_CFG_SECTION
 235:Generated_Source\PSoC4/cyfitter_cfg.c **** void cyfitter_cfg(void)
 236:Generated_Source\PSoC4/cyfitter_cfg.c **** {
  85              		.loc 1 236 0
  86              		.cfi_startproc
  87              		@ args = 0, pretend = 0, frame = 0
  88              		@ frame_needed = 0, uses_anonymous_args = 0
  89 0048 10B5     		push	{r4, lr}
  90              		.cfi_def_cfa_offset 8
  91              		.cfi_offset 4, -8
  92              		.cfi_offset 14, -4
 237:Generated_Source\PSoC4/cyfitter_cfg.c **** 	/* Disable interrupts by default. Let user enable if/when they want. */
 238:Generated_Source\PSoC4/cyfitter_cfg.c **** 	CyGlobalIntDisable;
  93              		.loc 1 238 0
  94              		.syntax divided
  95              	@ 238 "Generated_Source\PSoC4\cyfitter_cfg.c" 1
  96 004a 72B6     		CPSID   i
  97              	@ 0 "" 2
 239:Generated_Source\PSoC4/cyfitter_cfg.c **** 
 240:Generated_Source\PSoC4/cyfitter_cfg.c **** 	{
 241:Generated_Source\PSoC4/cyfitter_cfg.c **** 		/* HSIOM Starting address: CYDEV_HSIOM_BASE */
 242:Generated_Source\PSoC4/cyfitter_cfg.c **** 		CY_SET_REG32((void *)(CYREG_HSIOM_PORT_SEL2), 0x00000FFFu);
  98              		.loc 1 242 0
  99              		.thumb
 100              		.syntax unified
ARM GAS  C:\Users\d3bug\AppData\Local\Temp\ccr5sgth.s 			page 7


 101 004c 0F4A     		ldr	r2, .L5
 102 004e 104B     		ldr	r3, .L5+4
 103 0050 1A60     		str	r2, [r3]
 243:Generated_Source\PSoC4/cyfitter_cfg.c **** 		CY_SET_REG32((void *)(CYREG_HSIOM_PORT_SEL3), 0x0000EE00u);
 104              		.loc 1 243 0
 105 0052 EE22     		movs	r2, #238
 106 0054 1202     		lsls	r2, r2, #8
 107 0056 0F4B     		ldr	r3, .L5+8
 108 0058 1A60     		str	r2, [r3]
 244:Generated_Source\PSoC4/cyfitter_cfg.c **** 
 245:Generated_Source\PSoC4/cyfitter_cfg.c **** 	}
 246:Generated_Source\PSoC4/cyfitter_cfg.c **** 
 247:Generated_Source\PSoC4/cyfitter_cfg.c **** 	/* Perform second pass device configuration. These items must be configured in specific order afte
 248:Generated_Source\PSoC4/cyfitter_cfg.c **** 	/* IOPINS0_0 Starting address: CYDEV_GPIO_PRT0_BASE */
 249:Generated_Source\PSoC4/cyfitter_cfg.c **** 	CY_SET_REG32((void *)(CYDEV_GPIO_PRT0_BASE), 0x00000022u);
 109              		.loc 1 249 0
 110 005a 2222     		movs	r2, #34
 111 005c 0E4B     		ldr	r3, .L5+12
 112 005e 1A60     		str	r2, [r3]
 250:Generated_Source\PSoC4/cyfitter_cfg.c **** 	CY_SET_REG32((void *)(CYREG_GPIO_PRT0_PC), 0x001B0010u);
 113              		.loc 1 250 0
 114 0060 0E4A     		ldr	r2, .L5+16
 115 0062 0F4B     		ldr	r3, .L5+20
 116 0064 1A60     		str	r2, [r3]
 251:Generated_Source\PSoC4/cyfitter_cfg.c **** 	CY_SET_REG32((void *)(CYREG_GPIO_PRT0_INTR_CFG), 0x00000008u);
 117              		.loc 1 251 0
 118 0066 0822     		movs	r2, #8
 119 0068 0E4B     		ldr	r3, .L5+24
 120 006a 1A60     		str	r2, [r3]
 252:Generated_Source\PSoC4/cyfitter_cfg.c **** 
 253:Generated_Source\PSoC4/cyfitter_cfg.c **** 	/* IOPINS0_2 Starting address: CYDEV_GPIO_PRT2_BASE */
 254:Generated_Source\PSoC4/cyfitter_cfg.c **** 	CY_SET_REG32((void *)(CYDEV_GPIO_PRT2_BASE), 0x00000045u);
 121              		.loc 1 254 0
 122 006c 3D32     		adds	r2, r2, #61
 123 006e 0E4B     		ldr	r3, .L5+28
 124 0070 1A60     		str	r2, [r3]
 255:Generated_Source\PSoC4/cyfitter_cfg.c **** 	CY_SET_REG32((void *)(CYREG_GPIO_PRT2_PC), 0x00180D8Eu);
 125              		.loc 1 255 0
 126 0072 0E4A     		ldr	r2, .L5+32
 127 0074 0E4B     		ldr	r3, .L5+36
 128 0076 1A60     		str	r2, [r3]
 256:Generated_Source\PSoC4/cyfitter_cfg.c **** 	CY_SET_REG32((void *)(CYREG_GPIO_PRT2_PC2), 0x00000005u);
 129              		.loc 1 256 0
 130 0078 0522     		movs	r2, #5
 131 007a 0E4B     		ldr	r3, .L5+40
 132 007c 1A60     		str	r2, [r3]
 257:Generated_Source\PSoC4/cyfitter_cfg.c **** 
 258:Generated_Source\PSoC4/cyfitter_cfg.c **** 	/* IOPINS0_3 Starting address: CYDEV_GPIO_PRT3_BASE */
 259:Generated_Source\PSoC4/cyfitter_cfg.c **** 	CY_SET_REG32((void *)(CYREG_GPIO_PRT3_PC), 0x00000D80u);
 133              		.loc 1 259 0
 134 007e D822     		movs	r2, #216
 135 0080 1201     		lsls	r2, r2, #4
 136 0082 0D4B     		ldr	r3, .L5+44
 137 0084 1A60     		str	r2, [r3]
 260:Generated_Source\PSoC4/cyfitter_cfg.c **** 
 261:Generated_Source\PSoC4/cyfitter_cfg.c **** 
 262:Generated_Source\PSoC4/cyfitter_cfg.c **** 	/* Setup clocks based on selections from Clock DWR */
ARM GAS  C:\Users\d3bug\AppData\Local\Temp\ccr5sgth.s 			page 8


 263:Generated_Source\PSoC4/cyfitter_cfg.c **** 	ClockSetup();
 138              		.loc 1 263 0
 139 0086 FFF7BBFF 		bl	ClockSetup
 140              	.LVL1:
 264:Generated_Source\PSoC4/cyfitter_cfg.c **** 
 265:Generated_Source\PSoC4/cyfitter_cfg.c **** 	/* Perform basic analog initialization to defaults */
 266:Generated_Source\PSoC4/cyfitter_cfg.c **** 	AnalogSetDefault();
 267:Generated_Source\PSoC4/cyfitter_cfg.c **** 
 268:Generated_Source\PSoC4/cyfitter_cfg.c **** }
 141              		.loc 1 268 0
 142              		@ sp needed
 143 008a 10BD     		pop	{r4, pc}
 144              	.L6:
 145              		.align	2
 146              	.L5:
 147 008c FF0F0000 		.word	4095
 148 0090 00020240 		.word	1073873408
 149 0094 00030240 		.word	1073873664
 150 0098 00000440 		.word	1074003968
 151 009c 10001B00 		.word	1769488
 152 00a0 08000440 		.word	1074003976
 153 00a4 0C000440 		.word	1074003980
 154 00a8 00020440 		.word	1074004480
 155 00ac 8E0D1800 		.word	1576334
 156 00b0 08020440 		.word	1074004488
 157 00b4 18020440 		.word	1074004504
 158 00b8 08030440 		.word	1074004744
 159              		.cfi_endproc
 160              	.LFE6:
 161              		.size	cyfitter_cfg, .-cyfitter_cfg
 162              		.text
 163              	.Letext0:
 164              		.file 2 "Generated_Source\\PSoC4\\cytypes.h"
 165              		.file 3 "Generated_Source\\PSoC4\\CyLib.h"
 166              		.section	.debug_info,"",%progbits
 167              	.Ldebug_info0:
 168 0000 F7000000 		.4byte	0xf7
 169 0004 0400     		.2byte	0x4
 170 0006 00000000 		.4byte	.Ldebug_abbrev0
 171 000a 04       		.byte	0x4
 172 000b 01       		.uleb128 0x1
 173 000c 4C010000 		.4byte	.LASF16
 174 0010 0C       		.byte	0xc
 175 0011 15000000 		.4byte	.LASF17
 176 0015 48000000 		.4byte	.LASF18
 177 0019 00000000 		.4byte	.Ldebug_ranges0+0
 178 001d 00000000 		.4byte	0
 179 0021 00000000 		.4byte	.Ldebug_line0
 180 0025 02       		.uleb128 0x2
 181 0026 04       		.byte	0x4
 182 0027 05       		.byte	0x5
 183 0028 696E7400 		.ascii	"int\000"
 184 002c 03       		.uleb128 0x3
 185 002d 04       		.byte	0x4
 186 002e 07       		.byte	0x7
 187 002f 3B000000 		.4byte	.LASF0
 188 0033 03       		.uleb128 0x3
ARM GAS  C:\Users\d3bug\AppData\Local\Temp\ccr5sgth.s 			page 9


 189 0034 08       		.byte	0x8
 190 0035 05       		.byte	0x5
 191 0036 00000000 		.4byte	.LASF1
 192 003a 03       		.uleb128 0x3
 193 003b 08       		.byte	0x8
 194 003c 04       		.byte	0x4
 195 003d 36010000 		.4byte	.LASF2
 196 0041 03       		.uleb128 0x3
 197 0042 01       		.byte	0x1
 198 0043 06       		.byte	0x6
 199 0044 2A010000 		.4byte	.LASF3
 200 0048 03       		.uleb128 0x3
 201 0049 01       		.byte	0x1
 202 004a 08       		.byte	0x8
 203 004b E3000000 		.4byte	.LASF4
 204 004f 03       		.uleb128 0x3
 205 0050 02       		.byte	0x2
 206 0051 05       		.byte	0x5
 207 0052 42010000 		.4byte	.LASF5
 208 0056 03       		.uleb128 0x3
 209 0057 02       		.byte	0x2
 210 0058 07       		.byte	0x7
 211 0059 17010000 		.4byte	.LASF6
 212 005d 03       		.uleb128 0x3
 213 005e 04       		.byte	0x4
 214 005f 05       		.byte	0x5
 215 0060 F6000000 		.4byte	.LASF7
 216 0064 03       		.uleb128 0x3
 217 0065 04       		.byte	0x4
 218 0066 07       		.byte	0x7
 219 0067 A7000000 		.4byte	.LASF8
 220 006b 03       		.uleb128 0x3
 221 006c 08       		.byte	0x8
 222 006d 07       		.byte	0x7
 223 006e C6000000 		.4byte	.LASF9
 224 0072 03       		.uleb128 0x3
 225 0073 04       		.byte	0x4
 226 0074 07       		.byte	0x7
 227 0075 DE010000 		.4byte	.LASF10
 228 0079 03       		.uleb128 0x3
 229 007a 01       		.byte	0x1
 230 007b 08       		.byte	0x8
 231 007c F1000000 		.4byte	.LASF11
 232 0080 04       		.uleb128 0x4
 233 0081 0E000000 		.4byte	.LASF14
 234 0085 02       		.byte	0x2
 235 0086 E601     		.2byte	0x1e6
 236 0088 64000000 		.4byte	0x64
 237 008c 03       		.uleb128 0x3
 238 008d 04       		.byte	0x4
 239 008e 04       		.byte	0x4
 240 008f DD000000 		.4byte	.LASF12
 241 0093 03       		.uleb128 0x3
 242 0094 08       		.byte	0x8
 243 0095 04       		.byte	0x4
 244 0096 0A010000 		.4byte	.LASF13
 245 009a 04       		.uleb128 0x4
ARM GAS  C:\Users\d3bug\AppData\Local\Temp\ccr5sgth.s 			page 10


 246 009b 11010000 		.4byte	.LASF15
 247 009f 02       		.byte	0x2
 248 00a0 9002     		.2byte	0x290
 249 00a2 A6000000 		.4byte	0xa6
 250 00a6 05       		.uleb128 0x5
 251 00a7 80000000 		.4byte	0x80
 252 00ab 06       		.uleb128 0x6
 253 00ac FF000000 		.4byte	.LASF19
 254 00b0 01       		.byte	0x1
 255 00b1 A9       		.byte	0xa9
 256 00b2 00000000 		.4byte	.LFB4
 257 00b6 48000000 		.4byte	.LFE4-.LFB4
 258 00ba 01       		.uleb128 0x1
 259 00bb 9C       		.byte	0x9c
 260 00bc D0000000 		.4byte	0xd0
 261 00c0 07       		.uleb128 0x7
 262 00c1 0E000000 		.4byte	.LVL0
 263 00c5 EF000000 		.4byte	0xef
 264 00c9 08       		.uleb128 0x8
 265 00ca 01       		.uleb128 0x1
 266 00cb 50       		.byte	0x50
 267 00cc 01       		.uleb128 0x1
 268 00cd 48       		.byte	0x48
 269 00ce 00       		.byte	0
 270 00cf 00       		.byte	0
 271 00d0 09       		.uleb128 0x9
 272 00d1 B9000000 		.4byte	.LASF20
 273 00d5 01       		.byte	0x1
 274 00d6 EB       		.byte	0xeb
 275 00d7 48000000 		.4byte	.LFB6
 276 00db 74000000 		.4byte	.LFE6-.LFB6
 277 00df 01       		.uleb128 0x1
 278 00e0 9C       		.byte	0x9c
 279 00e1 EF000000 		.4byte	0xef
 280 00e5 0A       		.uleb128 0xa
 281 00e6 8A000000 		.4byte	.LVL1
 282 00ea AB000000 		.4byte	0xab
 283 00ee 00       		.byte	0
 284 00ef 0B       		.uleb128 0xb
 285 00f0 92000000 		.4byte	.LASF21
 286 00f4 92000000 		.4byte	.LASF21
 287 00f8 03       		.byte	0x3
 288 00f9 6C       		.byte	0x6c
 289 00fa 00       		.byte	0
 290              		.section	.debug_abbrev,"",%progbits
 291              	.Ldebug_abbrev0:
 292 0000 01       		.uleb128 0x1
 293 0001 11       		.uleb128 0x11
 294 0002 01       		.byte	0x1
 295 0003 25       		.uleb128 0x25
 296 0004 0E       		.uleb128 0xe
 297 0005 13       		.uleb128 0x13
 298 0006 0B       		.uleb128 0xb
 299 0007 03       		.uleb128 0x3
 300 0008 0E       		.uleb128 0xe
 301 0009 1B       		.uleb128 0x1b
 302 000a 0E       		.uleb128 0xe
ARM GAS  C:\Users\d3bug\AppData\Local\Temp\ccr5sgth.s 			page 11


 303 000b 55       		.uleb128 0x55
 304 000c 17       		.uleb128 0x17
 305 000d 11       		.uleb128 0x11
 306 000e 01       		.uleb128 0x1
 307 000f 10       		.uleb128 0x10
 308 0010 17       		.uleb128 0x17
 309 0011 00       		.byte	0
 310 0012 00       		.byte	0
 311 0013 02       		.uleb128 0x2
 312 0014 24       		.uleb128 0x24
 313 0015 00       		.byte	0
 314 0016 0B       		.uleb128 0xb
 315 0017 0B       		.uleb128 0xb
 316 0018 3E       		.uleb128 0x3e
 317 0019 0B       		.uleb128 0xb
 318 001a 03       		.uleb128 0x3
 319 001b 08       		.uleb128 0x8
 320 001c 00       		.byte	0
 321 001d 00       		.byte	0
 322 001e 03       		.uleb128 0x3
 323 001f 24       		.uleb128 0x24
 324 0020 00       		.byte	0
 325 0021 0B       		.uleb128 0xb
 326 0022 0B       		.uleb128 0xb
 327 0023 3E       		.uleb128 0x3e
 328 0024 0B       		.uleb128 0xb
 329 0025 03       		.uleb128 0x3
 330 0026 0E       		.uleb128 0xe
 331 0027 00       		.byte	0
 332 0028 00       		.byte	0
 333 0029 04       		.uleb128 0x4
 334 002a 16       		.uleb128 0x16
 335 002b 00       		.byte	0
 336 002c 03       		.uleb128 0x3
 337 002d 0E       		.uleb128 0xe
 338 002e 3A       		.uleb128 0x3a
 339 002f 0B       		.uleb128 0xb
 340 0030 3B       		.uleb128 0x3b
 341 0031 05       		.uleb128 0x5
 342 0032 49       		.uleb128 0x49
 343 0033 13       		.uleb128 0x13
 344 0034 00       		.byte	0
 345 0035 00       		.byte	0
 346 0036 05       		.uleb128 0x5
 347 0037 35       		.uleb128 0x35
 348 0038 00       		.byte	0
 349 0039 49       		.uleb128 0x49
 350 003a 13       		.uleb128 0x13
 351 003b 00       		.byte	0
 352 003c 00       		.byte	0
 353 003d 06       		.uleb128 0x6
 354 003e 2E       		.uleb128 0x2e
 355 003f 01       		.byte	0x1
 356 0040 03       		.uleb128 0x3
 357 0041 0E       		.uleb128 0xe
 358 0042 3A       		.uleb128 0x3a
 359 0043 0B       		.uleb128 0xb
ARM GAS  C:\Users\d3bug\AppData\Local\Temp\ccr5sgth.s 			page 12


 360 0044 3B       		.uleb128 0x3b
 361 0045 0B       		.uleb128 0xb
 362 0046 27       		.uleb128 0x27
 363 0047 19       		.uleb128 0x19
 364 0048 11       		.uleb128 0x11
 365 0049 01       		.uleb128 0x1
 366 004a 12       		.uleb128 0x12
 367 004b 06       		.uleb128 0x6
 368 004c 40       		.uleb128 0x40
 369 004d 18       		.uleb128 0x18
 370 004e 9742     		.uleb128 0x2117
 371 0050 19       		.uleb128 0x19
 372 0051 01       		.uleb128 0x1
 373 0052 13       		.uleb128 0x13
 374 0053 00       		.byte	0
 375 0054 00       		.byte	0
 376 0055 07       		.uleb128 0x7
 377 0056 898201   		.uleb128 0x4109
 378 0059 01       		.byte	0x1
 379 005a 11       		.uleb128 0x11
 380 005b 01       		.uleb128 0x1
 381 005c 31       		.uleb128 0x31
 382 005d 13       		.uleb128 0x13
 383 005e 00       		.byte	0
 384 005f 00       		.byte	0
 385 0060 08       		.uleb128 0x8
 386 0061 8A8201   		.uleb128 0x410a
 387 0064 00       		.byte	0
 388 0065 02       		.uleb128 0x2
 389 0066 18       		.uleb128 0x18
 390 0067 9142     		.uleb128 0x2111
 391 0069 18       		.uleb128 0x18
 392 006a 00       		.byte	0
 393 006b 00       		.byte	0
 394 006c 09       		.uleb128 0x9
 395 006d 2E       		.uleb128 0x2e
 396 006e 01       		.byte	0x1
 397 006f 3F       		.uleb128 0x3f
 398 0070 19       		.uleb128 0x19
 399 0071 03       		.uleb128 0x3
 400 0072 0E       		.uleb128 0xe
 401 0073 3A       		.uleb128 0x3a
 402 0074 0B       		.uleb128 0xb
 403 0075 3B       		.uleb128 0x3b
 404 0076 0B       		.uleb128 0xb
 405 0077 27       		.uleb128 0x27
 406 0078 19       		.uleb128 0x19
 407 0079 11       		.uleb128 0x11
 408 007a 01       		.uleb128 0x1
 409 007b 12       		.uleb128 0x12
 410 007c 06       		.uleb128 0x6
 411 007d 40       		.uleb128 0x40
 412 007e 18       		.uleb128 0x18
 413 007f 9742     		.uleb128 0x2117
 414 0081 19       		.uleb128 0x19
 415 0082 01       		.uleb128 0x1
 416 0083 13       		.uleb128 0x13
ARM GAS  C:\Users\d3bug\AppData\Local\Temp\ccr5sgth.s 			page 13


 417 0084 00       		.byte	0
 418 0085 00       		.byte	0
 419 0086 0A       		.uleb128 0xa
 420 0087 898201   		.uleb128 0x4109
 421 008a 00       		.byte	0
 422 008b 11       		.uleb128 0x11
 423 008c 01       		.uleb128 0x1
 424 008d 31       		.uleb128 0x31
 425 008e 13       		.uleb128 0x13
 426 008f 00       		.byte	0
 427 0090 00       		.byte	0
 428 0091 0B       		.uleb128 0xb
 429 0092 2E       		.uleb128 0x2e
 430 0093 00       		.byte	0
 431 0094 3F       		.uleb128 0x3f
 432 0095 19       		.uleb128 0x19
 433 0096 3C       		.uleb128 0x3c
 434 0097 19       		.uleb128 0x19
 435 0098 6E       		.uleb128 0x6e
 436 0099 0E       		.uleb128 0xe
 437 009a 03       		.uleb128 0x3
 438 009b 0E       		.uleb128 0xe
 439 009c 3A       		.uleb128 0x3a
 440 009d 0B       		.uleb128 0xb
 441 009e 3B       		.uleb128 0x3b
 442 009f 0B       		.uleb128 0xb
 443 00a0 00       		.byte	0
 444 00a1 00       		.byte	0
 445 00a2 00       		.byte	0
 446              		.section	.debug_aranges,"",%progbits
 447 0000 24000000 		.4byte	0x24
 448 0004 0200     		.2byte	0x2
 449 0006 00000000 		.4byte	.Ldebug_info0
 450 000a 04       		.byte	0x4
 451 000b 00       		.byte	0
 452 000c 0000     		.2byte	0
 453 000e 0000     		.2byte	0
 454 0010 00000000 		.4byte	.LFB4
 455 0014 48000000 		.4byte	.LFE4-.LFB4
 456 0018 48000000 		.4byte	.LFB6
 457 001c 74000000 		.4byte	.LFE6-.LFB6
 458 0020 00000000 		.4byte	0
 459 0024 00000000 		.4byte	0
 460              		.section	.debug_ranges,"",%progbits
 461              	.Ldebug_ranges0:
 462 0000 00000000 		.4byte	.LFB4
 463 0004 48000000 		.4byte	.LFE4
 464 0008 48000000 		.4byte	.LFB6
 465 000c BC000000 		.4byte	.LFE6
 466 0010 00000000 		.4byte	0
 467 0014 00000000 		.4byte	0
 468              		.section	.debug_line,"",%progbits
 469              	.Ldebug_line0:
 470 0000 81000000 		.section	.debug_str,"MS",%progbits,1
 470      02005400 
 470      00000201 
 470      FB0E0D00 
ARM GAS  C:\Users\d3bug\AppData\Local\Temp\ccr5sgth.s 			page 14


 470      01010101 
 471              	.LASF1:
 472 0000 6C6F6E67 		.ascii	"long long int\000"
 472      206C6F6E 
 472      6720696E 
 472      7400
 473              	.LASF14:
 474 000e 75696E74 		.ascii	"uint32\000"
 474      333200
 475              	.LASF17:
 476 0015 47656E65 		.ascii	"Generated_Source\\PSoC4\\cyfitter_cfg.c\000"
 476      72617465 
 476      645F536F 
 476      75726365 
 476      5C50536F 
 477              	.LASF0:
 478 003b 756E7369 		.ascii	"unsigned int\000"
 478      676E6564 
 478      20696E74 
 478      00
 479              	.LASF18:
 480 0048 433A5C55 		.ascii	"C:\\Users\\d3bug\\Documents\\Creator\\nRF24_Example"
 480      73657273 
 480      5C643362 
 480      75675C44 
 480      6F63756D 
 481 0076 5F50726F 		.ascii	"_Projects\\00_Basic_Rx.cydsn\000"
 481      6A656374 
 481      735C3030 
 481      5F426173 
 481      69635F52 
 482              	.LASF21:
 483 0092 43795379 		.ascii	"CySysClkWriteImoFreq\000"
 483      73436C6B 
 483      57726974 
 483      65496D6F 
 483      46726571 
 484              	.LASF8:
 485 00a7 6C6F6E67 		.ascii	"long unsigned int\000"
 485      20756E73 
 485      69676E65 
 485      6420696E 
 485      7400
 486              	.LASF20:
 487 00b9 63796669 		.ascii	"cyfitter_cfg\000"
 487      74746572 
 487      5F636667 
 487      00
 488              	.LASF9:
 489 00c6 6C6F6E67 		.ascii	"long long unsigned int\000"
 489      206C6F6E 
 489      6720756E 
 489      7369676E 
 489      65642069 
 490              	.LASF12:
 491 00dd 666C6F61 		.ascii	"float\000"
 491      7400
ARM GAS  C:\Users\d3bug\AppData\Local\Temp\ccr5sgth.s 			page 15


 492              	.LASF4:
 493 00e3 756E7369 		.ascii	"unsigned char\000"
 493      676E6564 
 493      20636861 
 493      7200
 494              	.LASF11:
 495 00f1 63686172 		.ascii	"char\000"
 495      00
 496              	.LASF7:
 497 00f6 6C6F6E67 		.ascii	"long int\000"
 497      20696E74 
 497      00
 498              	.LASF19:
 499 00ff 436C6F63 		.ascii	"ClockSetup\000"
 499      6B536574 
 499      757000
 500              	.LASF13:
 501 010a 646F7562 		.ascii	"double\000"
 501      6C6500
 502              	.LASF15:
 503 0111 72656733 		.ascii	"reg32\000"
 503      3200
 504              	.LASF6:
 505 0117 73686F72 		.ascii	"short unsigned int\000"
 505      7420756E 
 505      7369676E 
 505      65642069 
 505      6E7400
 506              	.LASF3:
 507 012a 7369676E 		.ascii	"signed char\000"
 507      65642063 
 507      68617200 
 508              	.LASF2:
 509 0136 6C6F6E67 		.ascii	"long double\000"
 509      20646F75 
 509      626C6500 
 510              	.LASF5:
 511 0142 73686F72 		.ascii	"short int\000"
 511      7420696E 
 511      7400
 512              	.LASF16:
 513 014c 474E5520 		.ascii	"GNU C11 5.4.1 20160609 (release) [ARM/embedded-5-br"
 513      43313120 
 513      352E342E 
 513      31203230 
 513      31363036 
 514 017f 616E6368 		.ascii	"anch revision 237715] -mcpu=cortex-m0plus -mthumb -"
 514      20726576 
 514      6973696F 
 514      6E203233 
 514      37373135 
 515 01b2 67202D4F 		.ascii	"g -Og -ffunction-sections -ffat-lto-objects\000"
 515      67202D66 
 515      66756E63 
 515      74696F6E 
 515      2D736563 
 516              	.LASF10:
ARM GAS  C:\Users\d3bug\AppData\Local\Temp\ccr5sgth.s 			page 16


 517 01de 73697A65 		.ascii	"sizetype\000"
 517      74797065 
 517      00
 518              		.ident	"GCC: (GNU Tools for ARM Embedded Processors) 5.4.1 20160609 (release) [ARM/embedded-5-bran
