Archive member included to satisfy reference by file (symbol)

.\CortexM0p\ARM_GCC_541\Debug\01_Echo_Rx_P4S.a(UART.o)
                              .\CortexM0p\ARM_GCC_541\Debug\main.o (UART_Start)
.\CortexM0p\ARM_GCC_541\Debug\01_Echo_Rx_P4S.a(IRQ.o)
                              .\CortexM0p\ARM_GCC_541\Debug\main.o (IRQ_ClearInterrupt)
.\CortexM0p\ARM_GCC_541\Debug\01_Echo_Rx_P4S.a(isr_IRQ.o)
                              .\CortexM0p\ARM_GCC_541\Debug\main.o (isr_IRQ_StartEx)
.\CortexM0p\ARM_GCC_541\Debug\01_Echo_Rx_P4S.a(LED.o)
                              .\CortexM0p\ARM_GCC_541\Debug\main.o (LED_Write)
.\CortexM0p\ARM_GCC_541\Debug\01_Echo_Rx_P4S.a(nRF24_FUNCS.o)
                              .\CortexM0p\ARM_GCC_541\Debug\main.o (nRF24_set_rx_pipe_address)
.\CortexM0p\ARM_GCC_541\Debug\01_Echo_Rx_P4S.a(nRF24_COMMANDS.o)
                              .\CortexM0p\ARM_GCC_541\Debug\01_Echo_Rx_P4S.a(nRF24_FUNCS.o) (nRF24_reuse_tx_payload_cmd)
.\CortexM0p\ARM_GCC_541\Debug\01_Echo_Rx_P4S.a(nRF24_HAL.o)
                              .\CortexM0p\ARM_GCC_541\Debug\01_Echo_Rx_P4S.a(nRF24_FUNCS.o) (nRF24_read_register)
.\CortexM0p\ARM_GCC_541\Debug\01_Echo_Rx_P4S.a(CyLib.o)
                              .\CortexM0p\ARM_GCC_541\Debug\Cm0plusStart.o (CyHalt)
.\CortexM0p\ARM_GCC_541\Debug\01_Echo_Rx_P4S.a(CyLFClk.o)
                              .\CortexM0p\ARM_GCC_541\Debug\01_Echo_Rx_P4S.a(CyLib.o) (CySysClkWcoEnabled)
.\CortexM0p\ARM_GCC_541\Debug\01_Echo_Rx_P4S.a(UART_AsmGnu.o)
                              .\CortexM0p\ARM_GCC_541\Debug\main.o (UART_PutChar)
.\CortexM0p\ARM_GCC_541\Debug\01_Echo_Rx_P4S.a(CyBootAsmGnu.o)
                              .\CortexM0p\ARM_GCC_541\Debug\01_Echo_Rx_P4S.a(CyLib.o) (CyDelayCycles)
.\CortexM0p\ARM_GCC_541\Debug\01_Echo_Rx_P4S.a(SPI.o)
                              .\CortexM0p\ARM_GCC_541\Debug\01_Echo_Rx_P4S.a(nRF24_FUNCS.o) (SPI_Start)
.\CortexM0p\ARM_GCC_541\Debug\01_Echo_Rx_P4S.a(SPI_SPI_UART.o)
                              .\CortexM0p\ARM_GCC_541\Debug\01_Echo_Rx_P4S.a(nRF24_COMMANDS.o) (SPI_SpiUartReadRxData)
.\CortexM0p\ARM_GCC_541\Debug\01_Echo_Rx_P4S.a(SPI_SPI.o)
                              .\CortexM0p\ARM_GCC_541\Debug\01_Echo_Rx_P4S.a(SPI.o) (SPI_SpiPostEnable)
.\CortexM0p\ARM_GCC_541\Debug\01_Echo_Rx_P4S.a(SS.o)
                              .\CortexM0p\ARM_GCC_541\Debug\01_Echo_Rx_P4S.a(nRF24_FUNCS.o) (SS_Write)
.\CortexM0p\ARM_GCC_541\Debug\01_Echo_Rx_P4S.a(CE.o)
                              .\CortexM0p\ARM_GCC_541\Debug\01_Echo_Rx_P4S.a(nRF24_FUNCS.o) (CE_Write)
.\CortexM0p\ARM_GCC_541\Debug\01_Echo_Rx_P4S.a(SPI_sclk_m.o)
                              .\CortexM0p\ARM_GCC_541\Debug\01_Echo_Rx_P4S.a(SPI_SPI.o) (SPI_sclk_m_Write)
.\CortexM0p\ARM_GCC_541\Debug\01_Echo_Rx_P4S.a(CyFlash.o)
                              .\CortexM0p\ARM_GCC_541\Debug\01_Echo_Rx_P4S.a(CyLib.o) (CySysFlashSetWaitCycles)
c:/program files (x86)/cypress/psoc creator/4.1/psoc creator/import/gnu/arm/5.4.1/bin/../lib/gcc/arm-none-eabi/5.4.1/armv6-m\libgcc.a(_udivsi3.o)
                              .\CortexM0p\ARM_GCC_541\Debug\01_Echo_Rx_P4S.a(CyLib.o) (__aeabi_uidiv)
c:/program files (x86)/cypress/psoc creator/4.1/psoc creator/import/gnu/arm/5.4.1/bin/../lib/gcc/arm-none-eabi/5.4.1/armv6-m\libgcc.a(_dvmd_tls.o)
                              c:/program files (x86)/cypress/psoc creator/4.1/psoc creator/import/gnu/arm/5.4.1/bin/../lib/gcc/arm-none-eabi/5.4.1/armv6-m\libgcc.a(_udivsi3.o) (__aeabi_idiv0)
c:/program files (x86)/cypress/psoc creator/4.1/psoc creator/import/gnu/arm/5.4.1/bin/../lib/gcc/arm-none-eabi/5.4.1/../../../../arm-none-eabi/lib/armv6-m\libg_nano.a(lib_a-errno.o)
                              .\CortexM0p\ARM_GCC_541\Debug\Cm0plusStart.o (__errno)
c:/program files (x86)/cypress/psoc creator/4.1/psoc creator/import/gnu/arm/5.4.1/bin/../lib/gcc/arm-none-eabi/5.4.1/../../../../arm-none-eabi/lib/armv6-m\libg_nano.a(lib_a-exit.o)
                              c:/program files (x86)/cypress/psoc creator/4.1/psoc creator/import/gnu/arm/5.4.1/bin/../lib/gcc/arm-none-eabi/5.4.1/../../../../arm-none-eabi/lib/armv6-m/crt0.o (exit)
c:/program files (x86)/cypress/psoc creator/4.1/psoc creator/import/gnu/arm/5.4.1/bin/../lib/gcc/arm-none-eabi/5.4.1/../../../../arm-none-eabi/lib/armv6-m\libg_nano.a(lib_a-impure.o)
                              c:/program files (x86)/cypress/psoc creator/4.1/psoc creator/import/gnu/arm/5.4.1/bin/../lib/gcc/arm-none-eabi/5.4.1/../../../../arm-none-eabi/lib/armv6-m\libg_nano.a(lib_a-exit.o) (_global_impure_ptr)
c:/program files (x86)/cypress/psoc creator/4.1/psoc creator/import/gnu/arm/5.4.1/bin/../lib/gcc/arm-none-eabi/5.4.1/../../../../arm-none-eabi/lib/armv6-m\libg_nano.a(lib_a-init.o)
                              c:/program files (x86)/cypress/psoc creator/4.1/psoc creator/import/gnu/arm/5.4.1/bin/../lib/gcc/arm-none-eabi/5.4.1/../../../../arm-none-eabi/lib/armv6-m/crt0.o (__libc_init_array)
[...]
Memory Configuration

Name             Origin             Length             Attributes
rom              0x00000000         0x00008000         xr
ram              0x20000000         0x00001000         xrw
*default*        0x00000000         0xffffffff

Linker script and memory map

LOAD c:/program files (x86)/cypress/psoc creator/4.1/psoc creator/import/gnu/arm/5.4.1/bin/../lib/gcc/arm-none-eabi/5.4.1/armv6-m/crti.o
LOAD c:/program files (x86)/cypress/psoc creator/4.1/psoc creator/import/gnu/arm/5.4.1/bin/../lib/gcc/arm-none-eabi/5.4.1/armv6-m/crtbegin.o
LOAD c:/program files (x86)/cypress/psoc creator/4.1/psoc creator/import/gnu/arm/5.4.1/bin/../lib/gcc/arm-none-eabi/5.4.1/../../../../arm-none-eabi/lib/armv6-m/crt0.o
START GROUP
LOAD .\CortexM0p\ARM_GCC_541\Debug\main.o
LOAD .\CortexM0p\ARM_GCC_541\Debug\cyfitter_cfg.o
LOAD .\CortexM0p\ARM_GCC_541\Debug\cymetadata.o
LOAD .\CortexM0p\ARM_GCC_541\Debug\Cm0plusStart.o
LOAD .\CortexM0p\ARM_GCC_541\Debug\01_Echo_Rx_P4S.a
END GROUP
START GROUP
LOAD c:/program files (x86)/cypress/psoc creator/4.1/psoc creator/import/gnu/arm/5.4.1/bin/../lib/gcc/arm-none-eabi/5.4.1/armv6-m\libgcc.a
LOAD c:/program files (x86)/cypress/psoc creator/4.1/psoc creator/import/gnu/arm/5.4.1/bin/../lib/gcc/arm-none-eabi/5.4.1/../../../../arm-none-eabi/lib/armv6-m\libg_nano.a
LOAD c:/program files (x86)/cypress/psoc creator/4.1/psoc creator/import/gnu/arm/5.4.1/bin/../lib/gcc/arm-none-eabi/5.4.1/../../../../arm-none-eabi/lib/armv6-m\libc_nano.a
END GROUP
START GROUP
LOAD c:/program files (x86)/cypress/psoc creator/4.1/psoc creator/import/gnu/arm/5.4.1/bin/../lib/gcc/arm-none-eabi/5.4.1/armv6-m\libgcc.a
LOAD c:/program files (x86)/cypress/psoc creator/4.1/psoc creator/import/gnu/arm/5.4.1/bin/../lib/gcc/arm-none-eabi/5.4.1/../../../../arm-none-eabi/lib/armv6-m\libc_nano.a
END GROUP
LOAD c:/program files (x86)/cypress/psoc creator/4.1/psoc creator/import/gnu/arm/5.4.1/bin/../lib/gcc/arm-none-eabi/5.4.1/armv6-m/crtend.o
LOAD c:/program files (x86)/cypress/psoc creator/4.1/psoc creator/import/gnu/arm/5.4.1/bin/../lib/gcc/arm-none-eabi/5.4.1/armv6-m/crtn.o
START GROUP
LOAD c:/program files (x86)/cypress/psoc creator/4.1/psoc creator/import/gnu/arm/5.4.1/bin/../lib/gcc/arm-none-eabi/5.4.1/armv6-m\libgcc.a
LOAD c:/program files (x86)/cypress/psoc creator/4.1/psoc creator/import/gnu/arm/5.4.1/bin/../lib/gcc/arm-none-eabi/5.4.1/../../../../arm-none-eabi/lib/armv6-m\libc.a
LOAD c:/program files (x86)/cypress/psoc creator/4.1/psoc creator/import/gnu/arm/5.4.1/bin/../lib/gcc/arm-none-eabi/5.4.1/../../../../arm-none-eabi/lib/armv6-m\libnosys.a
END GROUP
                0x00000000                CY_APPL_ORIGIN = 0x0
                0x00000080                CY_FLASH_ROW_SIZE = 0x80
                0x00000001                CY_APPL_NUM = 0x1
                0x00000001                CY_APPL_MAX = 0x1
                0x00000040                CY_METADATA_SIZE = 0x40
                0x00000000                CY_APPL_LOADABLE = 0x0
                0x00000000                CY_CHECKSUM_EXCLUDE_SIZE = ALIGN (0x0, CY_FLASH_ROW_SIZE)
                0x00000000                CY_APP_FOR_STACK_AND_COPIER = 0x0
                [!provide]                PROVIDE (__cy_heap_start, _end)
                0x00000001                PROVIDE (__cy_region_num, ((__cy_regions_end - __cy_regions) / 0x10))
                0x20001000                PROVIDE (__cy_stack, (ORIGIN (ram) + LENGTH (ram)))
                [!provide]                PROVIDE (__cy_heap_end, (__cy_stack - 0x800))

.cybootloader   0x00000000        0x0
 *(.cybootloader)
                0x00000000                appl1_start = CY_APPL_ORIGIN?CY_APPL_ORIGIN:ALIGN (CY_FLASH_ROW_SIZE)
                0x00003f80                appl2_start = (appl1_start + ALIGN ((((LENGTH (rom) - appl1_start) - (0x2 * CY_FLASH_ROW_SIZE)) / 0x2), CY_FLASH_ROW_SIZE))
                0x00000000                appl_start = (CY_APPL_NUM == 0x1)?appl1_start:appl2_start
                0x00000001                cy_project_type_bootloader = (appl_start == 0x0)?0x1:0x0
                0x00000000                cy_project_type_app_for_stack_and_copier = (CY_APP_FOR_STACK_AND_COPIER == 0x1)?0x1:0x0

.text           0x00000000      0xd26
 CREATE_OBJECT_SYMBOLS
                0x00000000                PROVIDE (__cy_interrupt_vector, RomVectors)
 *(.romvectors)
 .romvectors    0x00000000       0x10 .\CortexM0p\ARM_GCC_541\Debug\Cm0plusStart.o
                0x00000000                RomVectors
                0x00000001                ASSERT ((. != __cy_interrupt_vector), No interrupt vector)
                0x00000001                ASSERT (CY_APPL_ORIGIN?(SIZEOF (.cybootloader) <= CY_APPL_ORIGIN):0x1, Wrong image location)
                0x00000010                PROVIDE (__cy_reset, Reset)
 *(.text.Reset)
 .text.Reset    0x00000010        0xc .\CortexM0p\ARM_GCC_541\Debug\Cm0plusStart.o
                0x00000010                Reset
                0x00000001                ASSERT ((. != __cy_reset), No reset code)
 *(.psocinit)
 .psocinit      0x0000001c       0xbc .\CortexM0p\ARM_GCC_541\Debug\cyfitter_cfg.o
                0x00000064                cyfitter_cfg
                0x00000100                . = MAX (., 0x100)
 *fill*         0x000000d8       0x28 
 *(.text .text.* .gnu.linkonce.t.*)
 .text          0x00000100       0x60 c:/program files (x86)/cypress/psoc creator/4.1/psoc creator/import/gnu/arm/5.4.1/bin/../lib/gcc/arm-none-eabi/5.4.1/armv6-m/crtbegin.o
 .text.IRQ_Handler
                0x00000160       0x14 .\CortexM0p\ARM_GCC_541\Debug\main.o
                0x00000160                IRQ_Handler
 .text.main     0x00000174       0xcc .\CortexM0p\ARM_GCC_541\Debug\main.o
                0x00000174                main
 .text.IntDefaultHandler
                0x00000240       0x10 .\CortexM0p\ARM_GCC_541\Debug\Cm0plusStart.o
                0x00000240                IntDefaultHandler
 .text.Start_c  0x00000250       0x48 .\CortexM0p\ARM_GCC_541\Debug\Cm0plusStart.o
                0x00000250                Start_c
 .text.initialize_psoc
                0x00000298       0x40 .\CortexM0p\ARM_GCC_541\Debug\Cm0plusStart.o
                0x00000298                initialize_psoc
 .text.UART_Start
                0x000002d8        0x4 .\CortexM0p\ARM_GCC_541\Debug\01_Echo_Rx_P4S.a(UART.o)
                0x000002d8                UART_Start
 .text.UART_PutString
                0x000002dc       0x1c .\CortexM0p\ARM_GCC_541\Debug\01_Echo_Rx_P4S.a(UART.o)
                0x000002dc                UART_PutString
 .text.UART_PutCRLF
                0x000002f8       0x10 .\CortexM0p\ARM_GCC_541\Debug\01_Echo_Rx_P4S.a(UART.o)
                0x000002f8                UART_PutCRLF
 .text.IRQ_ClearInterrupt
                0x00000308       0x14 .\CortexM0p\ARM_GCC_541\Debug\01_Echo_Rx_P4S.a(IRQ.o)
                0x00000308                IRQ_ClearInterrupt
 .text.isr_IRQ_SetVector
                0x0000031c        0xc .\CortexM0p\ARM_GCC_541\Debug\01_Echo_Rx_P4S.a(isr_IRQ.o)
                0x0000031c                isr_IRQ_SetVector
 .text.isr_IRQ_SetPriority
                0x00000328       0x20 .\CortexM0p\ARM_GCC_541\Debug\01_Echo_Rx_P4S.a(isr_IRQ.o)
                0x00000328                isr_IRQ_SetPriority
 .text.isr_IRQ_Enable
                0x00000348        0xc .\CortexM0p\ARM_GCC_541\Debug\01_Echo_Rx_P4S.a(isr_IRQ.o)
                0x00000348                isr_IRQ_Enable
 .text.isr_IRQ_Disable
                0x00000354        0xc .\CortexM0p\ARM_GCC_541\Debug\01_Echo_Rx_P4S.a(isr_IRQ.o)
                0x00000354                isr_IRQ_Disable
 .text.isr_IRQ_StartEx
                0x00000360       0x1c .\CortexM0p\ARM_GCC_541\Debug\01_Echo_Rx_P4S.a(isr_IRQ.o)
                0x00000360                isr_IRQ_StartEx
 .text.LED_Write
                0x0000037c       0x18 .\CortexM0p\ARM_GCC_541\Debug\01_Echo_Rx_P4S.a(LED.o)
                0x0000037c                LED_Write
 .text.LED_Read
                0x00000394       0x10 .\CortexM0p\ARM_GCC_541\Debug\01_Echo_Rx_P4S.a(LED.o)
                0x00000394                LED_Read
 .text._addr_width_conf_to_bytes
                0x000003a4       0x28 .\CortexM0p\ARM_GCC_541\Debug\01_Echo_Rx_P4S.a(nRF24_FUNCS.o)
 .text.nRF24_init
                0x000003cc       0x5c .\CortexM0p\ARM_GCC_541\Debug\01_Echo_Rx_P4S.a(nRF24_FUNCS.o)
                0x000003cc                nRF24_init
 .text.nRF24_set_rx_pipe_address
                0x00000428       0x34 .\CortexM0p\ARM_GCC_541\Debug\01_Echo_Rx_P4S.a(nRF24_FUNCS.o)
                0x00000428                nRF24_set_rx_pipe_address
 .text.nRF24_set_tx_address
                0x0000045c       0x20 .\CortexM0p\ARM_GCC_541\Debug\01_Echo_Rx_P4S.a(nRF24_FUNCS.o)
                0x0000045c                nRF24_set_tx_address
 .text.nRF24_start_listening
                0x0000047c        0xc .\CortexM0p\ARM_GCC_541\Debug\01_Echo_Rx_P4S.a(nRF24_FUNCS.o)
                0x0000047c                nRF24_start_listening
 .text.nRF24_stop_listening
                0x00000488        0xc .\CortexM0p\ARM_GCC_541\Debug\01_Echo_Rx_P4S.a(nRF24_FUNCS.o)
                0x00000488                nRF24_stop_listening
 .text.nRF24_get_rx_payload
                0x00000494       0x20 .\CortexM0p\ARM_GCC_541\Debug\01_Echo_Rx_P4S.a(nRF24_FUNCS.o)
                0x00000494                nRF24_get_rx_payload
 .text.nRF24_rx_write_payload
                0x000004b4       0x14 .\CortexM0p\ARM_GCC_541\Debug\01_Echo_Rx_P4S.a(nRF24_FUNCS.o)
                0x000004b4                nRF24_rx_write_payload
 .text.nRF24_clear_all_irqs
                0x000004c8        0xc .\CortexM0p\ARM_GCC_541\Debug\01_Echo_Rx_P4S.a(nRF24_FUNCS.o)
                0x000004c8                nRF24_clear_all_irqs
 .text.nRF24_start
                0x000004d4       0x30 .\CortexM0p\ARM_GCC_541\Debug\01_Echo_Rx_P4S.a(nRF24_FUNCS.o)
                0x000004d4                nRF24_start
 .text.nRF24_send_command
                0x00000504       0x28 .\CortexM0p\ARM_GCC_541\Debug\01_Echo_Rx_P4S.a(nRF24_COMMANDS.o)
                0x00000504                nRF24_send_command
 .text.nRF24_flush_rx_cmd
                0x0000052c        0xc .\CortexM0p\ARM_GCC_541\Debug\01_Echo_Rx_P4S.a(nRF24_COMMANDS.o)
                0x0000052c                nRF24_flush_rx_cmd
 .text.nRF24_flush_tx_cmd
                0x00000538        0xc .\CortexM0p\ARM_GCC_541\Debug\01_Echo_Rx_P4S.a(nRF24_COMMANDS.o)
                0x00000538                nRF24_flush_tx_cmd
 .text.nRF24_read_rx_payload_cmd
                0x00000544       0x50 .\CortexM0p\ARM_GCC_541\Debug\01_Echo_Rx_P4S.a(nRF24_COMMANDS.o)
                0x00000544                nRF24_read_rx_payload_cmd
 .text.nRF24_write_ack_payload_cmd
                0x00000594       0x3c .\CortexM0p\ARM_GCC_541\Debug\01_Echo_Rx_P4S.a(nRF24_COMMANDS.o)
                0x00000594                nRF24_write_ack_payload_cmd
 .text.nRF24_write_register
                0x000005d0       0x34 .\CortexM0p\ARM_GCC_541\Debug\01_Echo_Rx_P4S.a(nRF24_HAL.o)
                0x000005d0                nRF24_write_register
 .text.nRF24_write_long_register
                0x00000604       0x3c .\CortexM0p\ARM_GCC_541\Debug\01_Echo_Rx_P4S.a(nRF24_HAL.o)
                0x00000604                nRF24_write_long_register
 .text.CySysClkImoDisableWcoLock
                0x00000640       0x14 .\CortexM0p\ARM_GCC_541\Debug\01_Echo_Rx_P4S.a(CyLib.o)
                0x00000640                CySysClkImoDisableWcoLock
 .text.CySysClkImoGetWcoLock
                0x00000654       0x14 .\CortexM0p\ARM_GCC_541\Debug\01_Echo_Rx_P4S.a(CyLib.o)
                0x00000654                CySysClkImoGetWcoLock
 .text.CyHalt   0x00000668        0x4 .\CortexM0p\ARM_GCC_541\Debug\01_Echo_Rx_P4S.a(CyLib.o)
                0x00000668                CyHalt
 .text.CyDelay  0x0000066c       0x30 .\CortexM0p\ARM_GCC_541\Debug\01_Echo_Rx_P4S.a(CyLib.o)
                0x0000066c                CyDelay
 .text.CySysClkImoEnableWcoLock
                0x0000069c       0xcc .\CortexM0p\ARM_GCC_541\Debug\01_Echo_Rx_P4S.a(CyLib.o)
                0x0000069c                CySysClkImoEnableWcoLock
 .text.CySysClkWriteImoFreq
                0x00000768       0xd8 .\CortexM0p\ARM_GCC_541\Debug\01_Echo_Rx_P4S.a(CyLib.o)
                0x00000768                CySysClkWriteImoFreq
 .text.CyDelayUs
                0x00000840       0x14 .\CortexM0p\ARM_GCC_541\Debug\01_Echo_Rx_P4S.a(CyLib.o)
                0x00000840                CyDelayUs
 .text.CySysClkWcoEnabled
                0x00000854       0x14 .\CortexM0p\ARM_GCC_541\Debug\01_Echo_Rx_P4S.a(CyLFClk.o)
                0x00000854                CySysClkWcoEnabled
 .text.CySysWdtDisable
                0x00000868       0x10 .\CortexM0p\ARM_GCC_541\Debug\01_Echo_Rx_P4S.a(CyLFClk.o)
                0x00000868                CySysWdtDisable
 *fill*         0x00000878        0x8 
 .text          0x00000880       0xd4 .\CortexM0p\ARM_GCC_541\Debug\01_Echo_Rx_P4S.a(UART_AsmGnu.o)
                0x00000880                UART_PutChar
 *fill*         0x00000954        0x4 
 .text          0x00000958       0x20 .\CortexM0p\ARM_GCC_541\Debug\01_Echo_Rx_P4S.a(CyBootAsmGnu.o)
                0x00000958                CyDelayCycles
                0x0000096a                CyEnterCriticalSection
                0x00000972                CyExitCriticalSection
 .text.SPI_ScbModePostEnable
                0x00000978        0x8 .\CortexM0p\ARM_GCC_541\Debug\01_Echo_Rx_P4S.a(SPI.o)
 .text.SPI_Init
                0x00000980        0x8 .\CortexM0p\ARM_GCC_541\Debug\01_Echo_Rx_P4S.a(SPI.o)
                0x00000980                SPI_Init
 .text.SPI_Enable
                0x00000988       0x18 .\CortexM0p\ARM_GCC_541\Debug\01_Echo_Rx_P4S.a(SPI.o)
                0x00000988                SPI_Enable
 .text.SPI_Start
                0x000009a0       0x20 .\CortexM0p\ARM_GCC_541\Debug\01_Echo_Rx_P4S.a(SPI.o)
                0x000009a0                SPI_Start
 .text.SPI_SpiUartReadRxData
                0x000009c0        0xc .\CortexM0p\ARM_GCC_541\Debug\01_Echo_Rx_P4S.a(SPI_SPI_UART.o)
                0x000009c0                SPI_SpiUartReadRxData
 .text.SPI_SpiUartGetRxBufferSize
                0x000009cc       0x10 .\CortexM0p\ARM_GCC_541\Debug\01_Echo_Rx_P4S.a(SPI_SPI_UART.o)
                0x000009cc                SPI_SpiUartGetRxBufferSize
 .text.SPI_SpiUartClearRxBuffer
                0x000009dc       0x20 .\CortexM0p\ARM_GCC_541\Debug\01_Echo_Rx_P4S.a(SPI_SPI_UART.o)
                0x000009dc                SPI_SpiUartClearRxBuffer
 .text.SPI_SpiUartWriteTxData
                0x000009fc       0x1c .\CortexM0p\ARM_GCC_541\Debug\01_Echo_Rx_P4S.a(SPI_SPI_UART.o)
                0x000009fc                SPI_SpiUartWriteTxData
 .text.SPI_SpiUartPutArray
                0x00000a18       0x18 .\CortexM0p\ARM_GCC_541\Debug\01_Echo_Rx_P4S.a(SPI_SPI_UART.o)
                0x00000a18                SPI_SpiUartPutArray
 .text.SPI_SpiUartClearTxBuffer
                0x00000a30       0x20 .\CortexM0p\ARM_GCC_541\Debug\01_Echo_Rx_P4S.a(SPI_SPI_UART.o)
                0x00000a30                SPI_SpiUartClearTxBuffer
 .text.SPI_SpiPostEnable
                0x00000a50       0x24 .\CortexM0p\ARM_GCC_541\Debug\01_Echo_Rx_P4S.a(SPI_SPI.o)
                0x00000a50                SPI_SpiPostEnable
 .text.SPI_SpiSetActiveSlaveSelect
                0x00000a74       0x20 .\CortexM0p\ARM_GCC_541\Debug\01_Echo_Rx_P4S.a(SPI_SPI.o)
                0x00000a74                SPI_SpiSetActiveSlaveSelect
 .text.SPI_SpiInit
                0x00000a94       0x8c .\CortexM0p\ARM_GCC_541\Debug\01_Echo_Rx_P4S.a(SPI_SPI.o)
                0x00000a94                SPI_SpiInit
 .text.SS_Write
                0x00000b20       0x18 .\CortexM0p\ARM_GCC_541\Debug\01_Echo_Rx_P4S.a(SS.o)
                0x00000b20                SS_Write
 .text.CE_Write
                0x00000b38       0x18 .\CortexM0p\ARM_GCC_541\Debug\01_Echo_Rx_P4S.a(CE.o)
                0x00000b38                CE_Write
 .text.CySysFlashSetWaitCycles
                0x00000b50       0x54 .\CortexM0p\ARM_GCC_541\Debug\01_Echo_Rx_P4S.a(CyFlash.o)
                0x00000b50                CySysFlashSetWaitCycles
 .text          0x00000ba4      0x114 c:/program files (x86)/cypress/psoc creator/4.1/psoc creator/import/gnu/arm/5.4.1/bin/../lib/gcc/arm-none-eabi/5.4.1/armv6-m\libgcc.a(_udivsi3.o)
                0x00000ba4                __aeabi_uidiv
                0x00000ba4                __udivsi3
                0x00000cb0                __aeabi_uidivmod
 .text          0x00000cb8        0x4 c:/program files (x86)/cypress/psoc creator/4.1/psoc creator/import/gnu/arm/5.4.1/bin/../lib/gcc/arm-none-eabi/5.4.1/armv6-m\libgcc.a(_dvmd_tls.o)
                0x00000cb8                __aeabi_idiv0
                0x00000cb8                __aeabi_ldiv0
 .text.__errno  0x00000cbc        0xc c:/program files (x86)/cypress/psoc creator/4.1/psoc creator/import/gnu/arm/5.4.1/bin/../lib/gcc/arm-none-eabi/5.4.1/../../../../arm-none-eabi/lib/armv6-m\libg_nano.a(lib_a-errno.o)
                0x00000cbc                __errno
 .text.__libc_init_array
                0x00000cc8       0x4c c:/program files (x86)/cypress/psoc creator/4.1/psoc creator/import/gnu/arm/5.4.1/bin/../lib/gcc/arm-none-eabi/5.4.1/../../../../arm-none-eabi/lib/armv6-m\libg_nano.a(lib_a-init.o)
                0x00000cc8                __libc_init_array
 .text.memcpy   0x00000d14       0x12 c:/program files (x86)/cypress/psoc creator/4.1/psoc creator/import/gnu/arm/5.4.1/bin/../lib/gcc/arm-none-eabi/5.4.1/../../../../arm-none-eabi/lib/armv6-m\libg_nano.a(lib_a-memcpy-stub.o)
                0x00000d14                memcpy
 *(.plt)
 *(.gnu.warning)
 *(.glue_7t)
 .glue_7t       0x00000d26        0x0 linker stubs
 *(.glue_7)
 .glue_7        0x00000d26        0x0 linker stubs
 *(.vfp11_veneer)
 .vfp11_veneer  0x00000d26        0x0 linker stubs
 *(.bootloader)
 *(.ARM.extab* .gnu.linkonce.armextab.*)
 *(.gcc_except_table)

.v4_bx          0x00000d28        0x0
 .v4_bx         0x00000d28        0x0 linker stubs

.iplt           0x00000d28        0x0
 .iplt          0x00000d28        0x0 c:/program files (x86)/cypress/psoc creator/4.1/psoc creator/import/gnu/arm/5.4.1/bin/../lib/gcc/arm-none-eabi/5.4.1/armv6-m/crtbegin.o

.eh_frame_hdr
 *(.eh_frame_hdr)

.eh_frame       0x00000d28        0x4
 *(.eh_frame)
 .eh_frame      0x00000d28        0x0 c:/program files (x86)/cypress/psoc creator/4.1/psoc creator/import/gnu/arm/5.4.1/bin/../lib/gcc/arm-none-eabi/5.4.1/armv6-m/crtbegin.o
 .eh_frame      0x00000d28        0x4 c:/program files (x86)/cypress/psoc creator/4.1/psoc creator/import/gnu/arm/5.4.1/bin/../lib/gcc/arm-none-eabi/5.4.1/armv6-m/crtend.o
                [!provide]                PROVIDE (__exidx_start, .)

.ARM.exidx
 *(.ARM.exidx* .gnu.linkonce.armexidx.*)
                0x00000d2c                __exidx_end = .

.rodata         0x00000d2c       0xa4
 *(.rodata .rodata.* .gnu.linkonce.r.*)
 .rodata        0x00000d2c        0x5 .\CortexM0p\ARM_GCC_541\Debug\main.o
 *fill*         0x00000d31        0x3 
 .rodata.str1.4
                0x00000d34       0x4c .\CortexM0p\ARM_GCC_541\Debug\main.o
                                 0x4b (size before relaxing)
 .rodata        0x00000d80       0x17 .\CortexM0p\ARM_GCC_541\Debug\01_Echo_Rx_P4S.a(CyLib.o)
                0x00000d80                cyImoFreqMhz2DpllOffset
 .rodata.str1.1
                0x00000d97        0x2 c:/program files (x86)/cypress/psoc creator/4.1/psoc creator/import/gnu/arm/5.4.1/bin/../lib/gcc/arm-none-eabi/5.4.1/../../../../arm-none-eabi/lib/armv6-m\libg_nano.a(lib_a-impure.o)
                0x00000d9c                . = ALIGN (0x4)
 *fill*         0x00000d99        0x3 
 *(.init)
 .init          0x00000d9c        0x4 c:/program files (x86)/cypress/psoc creator/4.1/psoc creator/import/gnu/arm/5.4.1/bin/../lib/gcc/arm-none-eabi/5.4.1/armv6-m/crti.o
                0x00000d9c                _init
 .init          0x00000da0        0x8 c:/program files (x86)/cypress/psoc creator/4.1/psoc creator/import/gnu/arm/5.4.1/bin/../lib/gcc/arm-none-eabi/5.4.1/armv6-m/crtn.o
                0x00000da8                . = ALIGN (0x4)
                0x00000da8                __preinit_array_start = .
 *(.preinit_array)
                0x00000da8                __preinit_array_end = .
                0x00000da8                . = ALIGN (0x4)
                0x00000da8                __init_array_start = .
 *(SORT(.init_array.*))
 *(.init_array)
 .init_array    0x00000da8        0x4 c:/program files (x86)/cypress/psoc creator/4.1/psoc creator/import/gnu/arm/5.4.1/bin/../lib/gcc/arm-none-eabi/5.4.1/armv6-m/crtbegin.o
 .init_array    0x00000dac        0x4 .\CortexM0p\ARM_GCC_541\Debug\Cm0plusStart.o
                0x00000db0                __init_array_end = .
                0x00000db0                . = ALIGN (0x4)
 *(.fini)
 .fini          0x00000db0        0x4 c:/program files (x86)/cypress/psoc creator/4.1/psoc creator/import/gnu/arm/5.4.1/bin/../lib/gcc/arm-none-eabi/5.4.1/armv6-m/crti.o
                0x00000db0                _fini
 .fini          0x00000db4        0x8 c:/program files (x86)/cypress/psoc creator/4.1/psoc creator/import/gnu/arm/5.4.1/bin/../lib/gcc/arm-none-eabi/5.4.1/armv6-m/crtn.o
                0x00000dbc                . = ALIGN (0x4)
                0x00000dbc                __fini_array_start = .
 *(.fini_array)
 .fini_array    0x00000dbc        0x4 c:/program files (x86)/cypress/psoc creator/4.1/psoc creator/import/gnu/arm/5.4.1/bin/../lib/gcc/arm-none-eabi/5.4.1/armv6-m/crtbegin.o
 *(SORT(.fini_array.*))
                0x00000dc0                __fini_array_end = .
                0x00000dc0                . = ALIGN (0x4)
 *crtbegin.o(.ctors)
 *(EXCLUDE_FILE(*crtend.o) .ctors)
 *(SORT(.ctors.*))
 *crtend.o(.ctors)
                0x00000dc0                . = ALIGN (0x4)
 *crtbegin.o(.dtors)
 *(EXCLUDE_FILE(*crtend.o) .dtors)
 *(SORT(.dtors.*))
 *crtend.o(.dtors)
                0x00000dc0                . = ALIGN (0x4)
                0x00000dc0                __cy_regions = .
                0x00000dc0        0x4 LONG 0xdd0 __cy_region_init_ram
                0x00000dc4        0x4 LONG 0x20000080 __cy_region_start_data
                0x00000dc8        0x4 LONG 0x88 __cy_region_init_size_ram
                0x00000dcc        0x4 LONG 0x28 __cy_region_zero_size_ram
                0x00000dd0                __cy_regions_end = .
                0x00000dd0                . = ALIGN (0x8)
                0x00000dd0                _etext = .

.cy_checksum_exclude
                0x00000dd0        0x0
 *(.cy_checksum_exclude)

.ramvectors     0x20000000       0x80
                0x20000000                __cy_region_start_ram = .
 *(.ramvectors)
 .ramvectors    0x20000000       0x80 .\CortexM0p\ARM_GCC_541\Debug\Cm0plusStart.o
                0x20000000                CyRamVectors

.noinit
 *(.noinit)

.data           0x20000080       0x88 load address 0x00000dd0
                0x20000080                __cy_region_start_data = .
 *(.jcr)
 .jcr           0x20000080        0x0 c:/program files (x86)/cypress/psoc creator/4.1/psoc creator/import/gnu/arm/5.4.1/bin/../lib/gcc/arm-none-eabi/5.4.1/armv6-m/crtbegin.o
 .jcr           0x20000080        0x4 c:/program files (x86)/cypress/psoc creator/4.1/psoc creator/import/gnu/arm/5.4.1/bin/../lib/gcc/arm-none-eabi/5.4.1/armv6-m/crtend.o
 *(.got.plt)
 *(.got)
 *(.shdata)
 *(.data .data.* .gnu.linkonce.d.*)
 .data          0x20000084        0x8 .\CortexM0p\ARM_GCC_541\Debug\01_Echo_Rx_P4S.a(UART.o)
                0x20000084                UART_pinDrAdress
                0x20000088                UART_pinNumber
 .data          0x2000008c        0x1 .\CortexM0p\ARM_GCC_541\Debug\01_Echo_Rx_P4S.a(nRF24_FUNCS.o)
 *fill*         0x2000008d        0x3 
 .data          0x20000090       0x14 .\CortexM0p\ARM_GCC_541\Debug\01_Echo_Rx_P4S.a(CyLib.o)
                0x20000090                CySysClkPumpConfig
                0x20000094                cydelay32kMs
                0x20000098                cydelayFreqKhz
                0x2000009c                cydelayFreqMhz
                0x200000a0                cydelayFreqHz
 .data.impure_data
                0x200000a4       0x60 c:/program files (x86)/cypress/psoc creator/4.1/psoc creator/import/gnu/arm/5.4.1/bin/../lib/gcc/arm-none-eabi/5.4.1/../../../../arm-none-eabi/lib/armv6-m\libg_nano.a(lib_a-impure.o)
 .data._impure_ptr
                0x20000104        0x4 c:/program files (x86)/cypress/psoc creator/4.1/psoc creator/import/gnu/arm/5.4.1/bin/../lib/gcc/arm-none-eabi/5.4.1/../../../../arm-none-eabi/lib/armv6-m\libg_nano.a(lib_a-impure.o)
                0x20000104                _impure_ptr
                0x20000108                . = ALIGN (0x8)
 *(.ram)
                0x20000108                _edata = .

.igot.plt       0x20000108        0x0 load address 0x00000e58
 .igot.plt      0x20000108        0x0 c:/program files (x86)/cypress/psoc creator/4.1/psoc creator/import/gnu/arm/5.4.1/bin/../lib/gcc/arm-none-eabi/5.4.1/armv6-m/crtbegin.o

.bss            0x20000108       0x28 load address 0x00000e58
                0x20000108                PROVIDE (__bss_start__, .)
 *(.shbss)
 *(.bss .bss.* .gnu.linkonce.b.*)
 .bss           0x20000108       0x1c c:/program files (x86)/cypress/psoc creator/4.1/psoc creator/import/gnu/arm/5.4.1/bin/../lib/gcc/arm-none-eabi/5.4.1/armv6-m/crtbegin.o
 .bss           0x20000124        0x1 .\CortexM0p\ARM_GCC_541\Debug\main.o
                0x20000124                irq_flag
 *fill*         0x20000125        0x3 
 .bss           0x20000128        0x4 .\CortexM0p\ARM_GCC_541\Debug\01_Echo_Rx_P4S.a(UART.o)
                0x20000128                UART_pinPortNumber
 .bss           0x2000012c        0x4 .\CortexM0p\ARM_GCC_541\Debug\01_Echo_Rx_P4S.a(SPI.o)
                0x2000012c                SPI_initVar
                0x2000012e                SPI_IntrTxMask
 *(COMMON)
                0x20000130                . = ALIGN (0x8)
 *(.ram.b)
                0x20000130                _end = .
                0x20000130                __end = .
                0x20000130                PROVIDE (end, .)
                0x20000130                PROVIDE (__bss_end__, .)
                0x00000dd0                __cy_region_init_ram = LOADADDR (.data)
                0x00000088                __cy_region_init_size_ram = (_edata - ADDR (.data))
                0x00000028                __cy_region_zero_size_ram = (_end - _edata)

.heap           0x20000130       0x80 load address 0x00000e58
                0x20000130                . = _end
                0x200001b0                . = (. + 0x80)
 *fill*         0x20000130       0x80 
                0x200001b0                __cy_heap_limit = .

.stack          0x20000800      0x800
                0x20000800                __cy_stack_limit = .
                0x20001000                . = (. + 0x800)
 *fill*         0x20000800      0x800 
                0x00000001                ASSERT ((__cy_stack_limit >= __cy_heap_limit), region RAM overflowed with stack)
                0x00000000                cy_checksum_exclude_size = (CY_APPL_LOADABLE == 0x1)?SIZEOF (.cy_checksum_exclude):0x0
                0x00000001                ASSERT ((cy_checksum_exclude_size <= CY_CHECKSUM_EXCLUDE_SIZE), CY_BOOT: Section .cy_checksum_exclude size exceedes specified limit.)
                0x00007fc0                cyloadermeta_start = (cy_project_type_bootloader || cy_project_type_app_for_stack_and_copier)?(LENGTH (rom) - CY_METADATA_SIZE):0xf0000000

.cyloadermeta
 *(.cyloadermeta)
                0x00007fc0                cyloadablemeta_start = cy_project_type_app_for_stack_and_copier?((LENGTH (rom) - CY_FLASH_ROW_SIZE) - CY_METADATA_SIZE):((LENGTH (rom) - (CY_FLASH_ROW_SIZE * (CY_APPL_NUM - 0x1))) - CY_METADATA_SIZE)

.cyloadablemeta
 *(.cyloadablemeta)

.cyflashprotect
                0x90400000       0x20
 *(.cyflashprotect)
 .cyflashprotect
                0x90400000       0x20 .\CortexM0p\ARM_GCC_541\Debug\cymetadata.o
                0x90400000                cy_meta_flashprotect

.cymeta         0x90500000        0xc
 *(.cymeta)
 .cymeta        0x90500000        0xc .\CortexM0p\ARM_GCC_541\Debug\cymetadata.o
                0x90500000                cy_metadata

.cychipprotect  0x90600000        0x1
 *(.cychipprotect)
 .cychipprotect
                0x90600000        0x1 .\CortexM0p\ARM_GCC_541\Debug\cymetadata.o
                0x90600000                cy_meta_chipprotect

.rel.dyn        0x00000e58        0x0 load address 0x90600004
 .rel.iplt      0x00000e58        0x0 c:/program files (x86)/cypress/psoc creator/4.1/psoc creator/import/gnu/arm/5.4.1/bin/../lib/gcc/arm-none-eabi/5.4.1/armv6-m/crtbegin.o

.stab
 *(.stab)

.stabstr
 *(.stabstr)

.debug
 *(.debug)

.line
 *(.line)

.debug_srcinfo
 *(.debug_srcinfo)

.debug_sfnames
 *(.debug_sfnames)

.debug_aranges  0x00000000      0x9a8
 *(.debug_aranges)
 .debug_aranges
                0x00000000       0x30 .\CortexM0p\ARM_GCC_541\Debug\main.o
 .debug_aranges
                0x00000030       0x28 .\CortexM0p\ARM_GCC_541\Debug\cyfitter_cfg.o
 .debug_aranges
                0x00000058       0x18 .\CortexM0p\ARM_GCC_541\Debug\cymetadata.o
 .debug_aranges
                0x00000070       0x48 .\CortexM0p\ARM_GCC_541\Debug\Cm0plusStart.o
 .debug_aranges
                0x000000b8       0x50 .\CortexM0p\ARM_GCC_541\Debug\01_Echo_Rx_P4S.a(UART.o)
 .debug_aranges
                0x00000108       0x48 .\CortexM0p\ARM_GCC_541\Debug\01_Echo_Rx_P4S.a(IRQ.o)
 .debug_aranges
                0x00000150       0x80 .\CortexM0p\ARM_GCC_541\Debug\01_Echo_Rx_P4S.a(isr_IRQ.o)
 .debug_aranges
                0x000001d0       0x48 .\CortexM0p\ARM_GCC_541\Debug\01_Echo_Rx_P4S.a(LED.o)
 .debug_aranges
                0x00000218      0x210 .\CortexM0p\ARM_GCC_541\Debug\01_Echo_Rx_P4S.a(nRF24_FUNCS.o)
 .debug_aranges
                0x00000428       0x68 .\CortexM0p\ARM_GCC_541\Debug\01_Echo_Rx_P4S.a(nRF24_COMMANDS.o)
 .debug_aranges
                0x00000490       0x58 .\CortexM0p\ARM_GCC_541\Debug\01_Echo_Rx_P4S.a(nRF24_HAL.o)
 .debug_aranges
                0x000004e8      0x190 .\CortexM0p\ARM_GCC_541\Debug\01_Echo_Rx_P4S.a(CyLib.o)
 .debug_aranges
                0x00000678       0xd8 .\CortexM0p\ARM_GCC_541\Debug\01_Echo_Rx_P4S.a(CyLFClk.o)
 .debug_aranges
                0x00000750       0x20 .\CortexM0p\ARM_GCC_541\Debug\01_Echo_Rx_P4S.a(UART_AsmGnu.o)
 .debug_aranges
                0x00000770       0x20 .\CortexM0p\ARM_GCC_541\Debug\01_Echo_Rx_P4S.a(CyBootAsmGnu.o)
 .debug_aranges
                0x00000790       0x58 .\CortexM0p\ARM_GCC_541\Debug\01_Echo_Rx_P4S.a(SPI.o)
 .debug_aranges
                0x000007e8       0x60 .\CortexM0p\ARM_GCC_541\Debug\01_Echo_Rx_P4S.a(SPI_SPI_UART.o)
 .debug_aranges
                0x00000848       0x40 .\CortexM0p\ARM_GCC_541\Debug\01_Echo_Rx_P4S.a(SPI_SPI.o)
 .debug_aranges
                0x00000888       0x48 .\CortexM0p\ARM_GCC_541\Debug\01_Echo_Rx_P4S.a(SS.o)
 .debug_aranges
                0x000008d0       0x48 .\CortexM0p\ARM_GCC_541\Debug\01_Echo_Rx_P4S.a(CE.o)
 .debug_aranges
                0x00000918       0x48 .\CortexM0p\ARM_GCC_541\Debug\01_Echo_Rx_P4S.a(SPI_sclk_m.o)
 .debug_aranges
                0x00000960       0x48 .\CortexM0p\ARM_GCC_541\Debug\01_Echo_Rx_P4S.a(CyFlash.o)

.debug_pubnames
 *(.debug_pubnames)

.debug_info     0x00000000     0x56b0
 *(.debug_info .gnu.linkonce.wi.*)
 .debug_info    0x00000000      0x674 .\CortexM0p\ARM_GCC_541\Debug\main.o
 .debug_info    0x00000674       0xfb .\CortexM0p\ARM_GCC_541\Debug\cyfitter_cfg.o
 .debug_info    0x0000076f       0xf8 .\CortexM0p\ARM_GCC_541\Debug\cymetadata.o
 .debug_info    0x00000867      0x3a5 .\CortexM0p\ARM_GCC_541\Debug\Cm0plusStart.o
 .debug_info    0x00000c0c      0x2c4 .\CortexM0p\ARM_GCC_541\Debug\01_Echo_Rx_P4S.a(UART.o)
 .debug_info    0x00000ed0      0x19d .\CortexM0p\ARM_GCC_541\Debug\01_Echo_Rx_P4S.a(IRQ.o)
 .debug_info    0x0000106d      0x305 .\CortexM0p\ARM_GCC_541\Debug\01_Echo_Rx_P4S.a(isr_IRQ.o)
 .debug_info    0x00001372      0x19d .\CortexM0p\ARM_GCC_541\Debug\01_Echo_Rx_P4S.a(LED.o)
 .debug_info    0x0000150f     0x14c4 .\CortexM0p\ARM_GCC_541\Debug\01_Echo_Rx_P4S.a(nRF24_FUNCS.o)
 .debug_info    0x000029d3      0x682 .\CortexM0p\ARM_GCC_541\Debug\01_Echo_Rx_P4S.a(nRF24_COMMANDS.o)
 .debug_info    0x00003055      0x62a .\CortexM0p\ARM_GCC_541\Debug\01_Echo_Rx_P4S.a(nRF24_HAL.o)
 .debug_info    0x0000367f      0xbd0 .\CortexM0p\ARM_GCC_541\Debug\01_Echo_Rx_P4S.a(CyLib.o)
 .debug_info    0x0000424f      0x444 .\CortexM0p\ARM_GCC_541\Debug\01_Echo_Rx_P4S.a(CyLFClk.o)
 .debug_info    0x00004693       0x9a .\CortexM0p\ARM_GCC_541\Debug\01_Echo_Rx_P4S.a(UART_AsmGnu.o)
 .debug_info    0x0000472d       0x9b .\CortexM0p\ARM_GCC_541\Debug\01_Echo_Rx_P4S.a(CyBootAsmGnu.o)
 .debug_info    0x000047c8      0x23a .\CortexM0p\ARM_GCC_541\Debug\01_Echo_Rx_P4S.a(SPI.o)
 .debug_info    0x00004a02      0x220 .\CortexM0p\ARM_GCC_541\Debug\01_Echo_Rx_P4S.a(SPI_SPI_UART.o)
 .debug_info    0x00004c22      0x1a0 .\CortexM0p\ARM_GCC_541\Debug\01_Echo_Rx_P4S.a(SPI_SPI.o)
 .debug_info    0x00004dc2      0x19d .\CortexM0p\ARM_GCC_541\Debug\01_Echo_Rx_P4S.a(SS.o)
 .debug_info    0x00004f5f      0x19d .\CortexM0p\ARM_GCC_541\Debug\01_Echo_Rx_P4S.a(CE.o)
 .debug_info    0x000050fc      0x19d .\CortexM0p\ARM_GCC_541\Debug\01_Echo_Rx_P4S.a(SPI_sclk_m.o)
 .debug_info    0x00005299      0x417 .\CortexM0p\ARM_GCC_541\Debug\01_Echo_Rx_P4S.a(CyFlash.o)

.debug_abbrev   0x00000000     0x1803
 *(.debug_abbrev)
 .debug_abbrev  0x00000000      0x128 .\CortexM0p\ARM_GCC_541\Debug\main.o
 .debug_abbrev  0x00000128       0xa3 .\CortexM0p\ARM_GCC_541\Debug\cyfitter_cfg.o
 .debug_abbrev  0x000001cb       0x5d .\CortexM0p\ARM_GCC_541\Debug\cymetadata.o
 .debug_abbrev  0x00000228      0x1d0 .\CortexM0p\ARM_GCC_541\Debug\Cm0plusStart.o
 .debug_abbrev  0x000003f8      0x109 .\CortexM0p\ARM_GCC_541\Debug\01_Echo_Rx_P4S.a(UART.o)
 .debug_abbrev  0x00000501       0xc8 .\CortexM0p\ARM_GCC_541\Debug\01_Echo_Rx_P4S.a(IRQ.o)
 .debug_abbrev  0x000005c9      0x19a .\CortexM0p\ARM_GCC_541\Debug\01_Echo_Rx_P4S.a(isr_IRQ.o)
 .debug_abbrev  0x00000763       0xc8 .\CortexM0p\ARM_GCC_541\Debug\01_Echo_Rx_P4S.a(LED.o)
 .debug_abbrev  0x0000082b      0x1ba .\CortexM0p\ARM_GCC_541\Debug\01_Echo_Rx_P4S.a(nRF24_FUNCS.o)
 .debug_abbrev  0x000009e5      0x181 .\CortexM0p\ARM_GCC_541\Debug\01_Echo_Rx_P4S.a(nRF24_COMMANDS.o)
 .debug_abbrev  0x00000b66      0x1a8 .\CortexM0p\ARM_GCC_541\Debug\01_Echo_Rx_P4S.a(nRF24_HAL.o)
 .debug_abbrev  0x00000d0e      0x209 .\CortexM0p\ARM_GCC_541\Debug\01_Echo_Rx_P4S.a(CyLib.o)
 .debug_abbrev  0x00000f17      0x1af .\CortexM0p\ARM_GCC_541\Debug\01_Echo_Rx_P4S.a(CyLFClk.o)
 .debug_abbrev  0x000010c6       0x14 .\CortexM0p\ARM_GCC_541\Debug\01_Echo_Rx_P4S.a(UART_AsmGnu.o)
 .debug_abbrev  0x000010da       0x14 .\CortexM0p\ARM_GCC_541\Debug\01_Echo_Rx_P4S.a(CyBootAsmGnu.o)
 .debug_abbrev  0x000010ee       0xd5 .\CortexM0p\ARM_GCC_541\Debug\01_Echo_Rx_P4S.a(SPI.o)
 .debug_abbrev  0x000011c3      0x14f .\CortexM0p\ARM_GCC_541\Debug\01_Echo_Rx_P4S.a(SPI_SPI_UART.o)
 .debug_abbrev  0x00001312       0xfb .\CortexM0p\ARM_GCC_541\Debug\01_Echo_Rx_P4S.a(SPI_SPI.o)
 .debug_abbrev  0x0000140d       0xc8 .\CortexM0p\ARM_GCC_541\Debug\01_Echo_Rx_P4S.a(SS.o)
 .debug_abbrev  0x000014d5       0xc8 .\CortexM0p\ARM_GCC_541\Debug\01_Echo_Rx_P4S.a(CE.o)
 .debug_abbrev  0x0000159d       0xc8 .\CortexM0p\ARM_GCC_541\Debug\01_Echo_Rx_P4S.a(SPI_sclk_m.o)
 .debug_abbrev  0x00001665      0x19e .\CortexM0p\ARM_GCC_541\Debug\01_Echo_Rx_P4S.a(CyFlash.o)

.debug_line     0x00000000     0x2669
 *(.debug_line)
 .debug_line    0x00000000      0x24f .\CortexM0p\ARM_GCC_541\Debug\main.o
 .debug_line    0x0000024f       0x85 .\CortexM0p\ARM_GCC_541\Debug\cyfitter_cfg.o
 .debug_line    0x000002d4      0x141 .\CortexM0p\ARM_GCC_541\Debug\cymetadata.o
 .debug_line    0x00000415      0x247 .\CortexM0p\ARM_GCC_541\Debug\Cm0plusStart.o
 .debug_line    0x0000065c       0xea .\CortexM0p\ARM_GCC_541\Debug\01_Echo_Rx_P4S.a(UART.o)
 .debug_line    0x00000746       0xbb .\CortexM0p\ARM_GCC_541\Debug\01_Echo_Rx_P4S.a(IRQ.o)
 .debug_line    0x00000801      0x14f .\CortexM0p\ARM_GCC_541\Debug\01_Echo_Rx_P4S.a(isr_IRQ.o)
 .debug_line    0x00000950       0xbb .\CortexM0p\ARM_GCC_541\Debug\01_Echo_Rx_P4S.a(LED.o)
 .debug_line    0x00000a0b      0x6ec .\CortexM0p\ARM_GCC_541\Debug\01_Echo_Rx_P4S.a(nRF24_FUNCS.o)
 .debug_line    0x000010f7      0x321 .\CortexM0p\ARM_GCC_541\Debug\01_Echo_Rx_P4S.a(nRF24_COMMANDS.o)
 .debug_line    0x00001418      0x2e4 .\CortexM0p\ARM_GCC_541\Debug\01_Echo_Rx_P4S.a(nRF24_HAL.o)
 .debug_line    0x000016fc      0x4c5 .\CortexM0p\ARM_GCC_541\Debug\01_Echo_Rx_P4S.a(CyLib.o)
 .debug_line    0x00001bc1      0x284 .\CortexM0p\ARM_GCC_541\Debug\01_Echo_Rx_P4S.a(CyLFClk.o)
 .debug_line    0x00001e45       0x9d .\CortexM0p\ARM_GCC_541\Debug\01_Echo_Rx_P4S.a(UART_AsmGnu.o)
 .debug_line    0x00001ee2       0x68 .\CortexM0p\ARM_GCC_541\Debug\01_Echo_Rx_P4S.a(CyBootAsmGnu.o)
 .debug_line    0x00001f4a      0x108 .\CortexM0p\ARM_GCC_541\Debug\01_Echo_Rx_P4S.a(SPI.o)
 .debug_line    0x00002052      0x119 .\CortexM0p\ARM_GCC_541\Debug\01_Echo_Rx_P4S.a(SPI_SPI_UART.o)
 .debug_line    0x0000216b       0xe7 .\CortexM0p\ARM_GCC_541\Debug\01_Echo_Rx_P4S.a(SPI_SPI.o)
 .debug_line    0x00002252       0xba .\CortexM0p\ARM_GCC_541\Debug\01_Echo_Rx_P4S.a(SS.o)
 .debug_line    0x0000230c       0xba .\CortexM0p\ARM_GCC_541\Debug\01_Echo_Rx_P4S.a(CE.o)
 .debug_line    0x000023c6       0xc2 .\CortexM0p\ARM_GCC_541\Debug\01_Echo_Rx_P4S.a(SPI_sclk_m.o)
 .debug_line    0x00002488      0x1e1 .\CortexM0p\ARM_GCC_541\Debug\01_Echo_Rx_P4S.a(CyFlash.o)

.debug_frame    0x00000000     0x1a80
 *(.debug_frame)
 .debug_frame   0x00000000       0x64 .\CortexM0p\ARM_GCC_541\Debug\main.o
 .debug_frame   0x00000064       0x48 .\CortexM0p\ARM_GCC_541\Debug\cyfitter_cfg.o
 .debug_frame   0x000000ac       0xbc .\CortexM0p\ARM_GCC_541\Debug\Cm0plusStart.o
 .debug_frame   0x00000168       0xc8 .\CortexM0p\ARM_GCC_541\Debug\01_Echo_Rx_P4S.a(UART.o)
 .debug_frame   0x00000230       0x70 .\CortexM0p\ARM_GCC_541\Debug\01_Echo_Rx_P4S.a(IRQ.o)
 .debug_frame   0x000002a0      0x110 .\CortexM0p\ARM_GCC_541\Debug\01_Echo_Rx_P4S.a(isr_IRQ.o)
 .debug_frame   0x000003b0       0x70 .\CortexM0p\ARM_GCC_541\Debug\01_Echo_Rx_P4S.a(LED.o)
 .debug_frame   0x00000420      0x6a8 .\CortexM0p\ARM_GCC_541\Debug\01_Echo_Rx_P4S.a(nRF24_FUNCS.o)
 .debug_frame   0x00000ac8      0x140 .\CortexM0p\ARM_GCC_541\Debug\01_Echo_Rx_P4S.a(nRF24_COMMANDS.o)
 .debug_frame   0x00000c08      0x108 .\CortexM0p\ARM_GCC_541\Debug\01_Echo_Rx_P4S.a(nRF24_HAL.o)
 .debug_frame   0x00000d10      0x414 .\CortexM0p\ARM_GCC_541\Debug\01_Echo_Rx_P4S.a(CyLib.o)
 .debug_frame   0x00001124      0x1dc .\CortexM0p\ARM_GCC_541\Debug\01_Echo_Rx_P4S.a(CyLFClk.o)
 .debug_frame   0x00001300       0xd8 .\CortexM0p\ARM_GCC_541\Debug\01_Echo_Rx_P4S.a(SPI.o)
 .debug_frame   0x000013d8       0xb0 .\CortexM0p\ARM_GCC_541\Debug\01_Echo_Rx_P4S.a(SPI_SPI_UART.o)
 .debug_frame   0x00001488       0x78 .\CortexM0p\ARM_GCC_541\Debug\01_Echo_Rx_P4S.a(SPI_SPI.o)
 .debug_frame   0x00001500       0x70 .\CortexM0p\ARM_GCC_541\Debug\01_Echo_Rx_P4S.a(SS.o)
 .debug_frame   0x00001570       0x70 .\CortexM0p\ARM_GCC_541\Debug\01_Echo_Rx_P4S.a(CE.o)
 .debug_frame   0x000015e0       0x70 .\CortexM0p\ARM_GCC_541\Debug\01_Echo_Rx_P4S.a(SPI_sclk_m.o)
 .debug_frame   0x00001650       0xa8 .\CortexM0p\ARM_GCC_541\Debug\01_Echo_Rx_P4S.a(CyFlash.o)
 .debug_frame   0x000016f8       0x20 c:/program files (x86)/cypress/psoc creator/4.1/psoc creator/import/gnu/arm/5.4.1/bin/../lib/gcc/arm-none-eabi/5.4.1/armv6-m\libgcc.a(_udivsi3.o)
 .debug_frame   0x00001718       0x20 c:/program files (x86)/cypress/psoc creator/4.1/psoc creator/import/gnu/arm/5.4.1/bin/../lib/gcc/arm-none-eabi/5.4.1/../../../../arm-none-eabi/lib/armv6-m\libg_nano.a(lib_a-errno.o)
 .debug_frame   0x00001738       0x28 c:/program files (x86)/cypress/psoc creator/4.1/psoc creator/import/gnu/arm/5.4.1/bin/../lib/gcc/arm-none-eabi/5.4.1/../../../../arm-none-eabi/lib/armv6-m\libg_nano.a(lib_a-exit.o)
 .debug_frame   0x00001760       0x2c c:/program files (x86)/cypress/psoc creator/4.1/psoc creator/import/gnu/arm/5.4.1/bin/../lib/gcc/arm-none-eabi/5.4.1/../../../../arm-none-eabi/lib/armv6-m\libg_nano.a(lib_a-init.o)
 .debug_frame   0x0000178c       0x28 c:/program files (x86)/cypress/psoc creator/4.1/psoc creator/import/gnu/arm/5.4.1/bin/../lib/gcc/arm-none-eabi/5.4.1/../../../../arm-none-eabi/lib/armv6-m\libg_nano.a(lib_a-memcpy-stub.o)
 .debug_frame   0x000017b4       0x20 c:/program files (x86)/cypress/psoc creator/4.1/psoc creator/import/gnu/arm/5.4.1/bin/../lib/gcc/arm-none-eabi/5.4.1/../../../../arm-none-eabi/lib/armv6-m\libg_nano.a(lib_a-memset.o)
 .debug_frame   0x000017d4       0x50 c:/program files (x86)/cypress/psoc creator/4.1/psoc creator/import/gnu/arm/5.4.1/bin/../lib/gcc/arm-none-eabi/5.4.1/../../../../arm-none-eabi/lib/armv6-m\libg_nano.a(lib_a-sprintf.o)
 .debug_frame   0x00001824       0x74 c:/program files (x86)/cypress/psoc creator/4.1/psoc creator/import/gnu/arm/5.4.1/bin/../lib/gcc/arm-none-eabi/5.4.1/../../../../arm-none-eabi/lib/armv6-m\libg_nano.a(lib_a-nano-svfprintf.o)
 .debug_frame   0x00001898       0x54 c:/program files (x86)/cypress/psoc creator/4.1/psoc creator/import/gnu/arm/5.4.1/bin/../lib/gcc/arm-none-eabi/5.4.1/../../../../arm-none-eabi/lib/armv6-m\libg_nano.a(lib_a-nano-vfprintf_i.o)
 .debug_frame   0x000018ec       0x20 c:/program files (x86)/cypress/psoc creator/4.1/psoc creator/import/gnu/arm/5.4.1/bin/../lib/gcc/arm-none-eabi/5.4.1/../../../../arm-none-eabi/lib/armv6-m\libg_nano.a(lib_a-memchr-stub.o)
 .debug_frame   0x0000190c       0x28 c:/program files (x86)/cypress/psoc creator/4.1/psoc creator/import/gnu/arm/5.4.1/bin/../lib/gcc/arm-none-eabi/5.4.1/../../../../arm-none-eabi/lib/armv6-m\libg_nano.a(lib_a-memmove.o)
 .debug_frame   0x00001934       0x2c c:/program files (x86)/cypress/psoc creator/4.1/psoc creator/import/gnu/arm/5.4.1/bin/../lib/gcc/arm-none-eabi/5.4.1/../../../../arm-none-eabi/lib/armv6-m\libg_nano.a(lib_a-nano-freer.o)
 .debug_frame   0x00001960       0x2c c:/program files (x86)/cypress/psoc creator/4.1/psoc creator/import/gnu/arm/5.4.1/bin/../lib/gcc/arm-none-eabi/5.4.1/../../../../arm-none-eabi/lib/armv6-m\libg_nano.a(lib_a-nano-mallocr.o)
 .debug_frame   0x0000198c       0x30 c:/program files (x86)/cypress/psoc creator/4.1/psoc creator/import/gnu/arm/5.4.1/bin/../lib/gcc/arm-none-eabi/5.4.1/../../../../arm-none-eabi/lib/armv6-m\libg_nano.a(lib_a-nano-reallocr.o)
 .debug_frame   0x000019bc       0x2c c:/program files (x86)/cypress/psoc creator/4.1/psoc creator/import/gnu/arm/5.4.1/bin/../lib/gcc/arm-none-eabi/5.4.1/../../../../arm-none-eabi/lib/armv6-m\libg_nano.a(lib_a-sbrkr.o)
 .debug_frame   0x000019e8       0x30 c:/program files (x86)/cypress/psoc creator/4.1/psoc creator/import/gnu/arm/5.4.1/bin/../lib/gcc/arm-none-eabi/5.4.1/../../../../arm-none-eabi/lib/armv6-m\libg_nano.a(lib_a-mlock.o)
 .debug_frame   0x00001a18       0x20 c:/program files (x86)/cypress/psoc creator/4.1/psoc creator/import/gnu/arm/5.4.1/bin/../lib/gcc/arm-none-eabi/5.4.1/../../../../arm-none-eabi/lib/armv6-m\libg_nano.a(lib_a-nano-msizer.o)
 .debug_frame   0x00001a38       0x48 c:/program files (x86)/cypress/psoc creator/4.1/psoc creator/import/gnu/arm/5.4.1/bin/../lib/gcc/arm-none-eabi/5.4.1/../../../../arm-none-eabi/lib/armv6-m\libg_nano.a(lib_a-reent.o)

.debug_str      0x00000000     0x2775
 *(.debug_str)
 .debug_str     0x00000000      0x850 .\CortexM0p\ARM_GCC_541\Debug\main.o
                                0x8b2 (size before relaxing)
 .debug_str     0x00000850       0x60 .\CortexM0p\ARM_GCC_541\Debug\cyfitter_cfg.o
                                0x1ea (size before relaxing)
 .debug_str     0x000008b0       0x59 .\CortexM0p\ARM_GCC_541\Debug\cymetadata.o
                                0x1d7 (size before relaxing)
 .debug_str     0x00000909      0x156 .\CortexM0p\ARM_GCC_541\Debug\Cm0plusStart.o
                                0x31e (size before relaxing)
 .debug_str     0x00000a5f       0xe1 .\CortexM0p\ARM_GCC_541\Debug\01_Echo_Rx_P4S.a(UART.o)
                                0x2a6 (size before relaxing)
 .debug_str     0x00000b40       0x90 .\CortexM0p\ARM_GCC_541\Debug\01_Echo_Rx_P4S.a(IRQ.o)
                                0x237 (size before relaxing)
 .debug_str     0x00000bd0      0x146 .\CortexM0p\ARM_GCC_541\Debug\01_Echo_Rx_P4S.a(isr_IRQ.o)
                                0x315 (size before relaxing)
 .debug_str     0x00000d16       0x66 .\CortexM0p\ARM_GCC_541\Debug\01_Echo_Rx_P4S.a(LED.o)
                                0x237 (size before relaxing)
 .debug_str     0x00000d7c      0xb7d .\CortexM0p\ARM_GCC_541\Debug\01_Echo_Rx_P4S.a(nRF24_FUNCS.o)
                               0x13bb (size before relaxing)
 .debug_str     0x000018f9      0x1c5 .\CortexM0p\ARM_GCC_541\Debug\01_Echo_Rx_P4S.a(nRF24_COMMANDS.o)
                                0x48b (size before relaxing)
 .debug_str     0x00001abe       0x45 .\CortexM0p\ARM_GCC_541\Debug\01_Echo_Rx_P4S.a(nRF24_HAL.o)
                                0x5af (size before relaxing)
 .debug_str     0x00001b03      0x4f9 .\CortexM0p\ARM_GCC_541\Debug\01_Echo_Rx_P4S.a(CyLib.o)
                                0x732 (size before relaxing)
 .debug_str     0x00001ffc      0x2d9 .\CortexM0p\ARM_GCC_541\Debug\01_Echo_Rx_P4S.a(CyLFClk.o)
                                0x4c9 (size before relaxing)
 .debug_str     0x000022d5       0xe7 .\CortexM0p\ARM_GCC_541\Debug\01_Echo_Rx_P4S.a(SPI.o)
                                0x295 (size before relaxing)
 .debug_str     0x000023bc       0x9d .\CortexM0p\ARM_GCC_541\Debug\01_Echo_Rx_P4S.a(SPI_SPI_UART.o)
                                0x2d3 (size before relaxing)
 .debug_str     0x00002459       0x94 .\CortexM0p\ARM_GCC_541\Debug\01_Echo_Rx_P4S.a(SPI_SPI.o)
                                0x26b (size before relaxing)
 .debug_str     0x000024ed       0x69 .\CortexM0p\ARM_GCC_541\Debug\01_Echo_Rx_P4S.a(SS.o)
                                0x230 (size before relaxing)
 .debug_str     0x00002556       0x69 .\CortexM0p\ARM_GCC_541\Debug\01_Echo_Rx_P4S.a(CE.o)
                                0x230 (size before relaxing)
 .debug_str     0x000025bf       0x99 .\CortexM0p\ARM_GCC_541\Debug\01_Echo_Rx_P4S.a(SPI_sclk_m.o)
                                0x268 (size before relaxing)
 .debug_str     0x00002658      0x11d .\CortexM0p\ARM_GCC_541\Debug\01_Echo_Rx_P4S.a(CyFlash.o)
                                0x331 (size before relaxing)

.debug_loc      0x00000000     0x1d84
 *(.debug_loc)
 .debug_loc     0x00000000       0x13 .\CortexM0p\ARM_GCC_541\Debug\main.o
 .debug_loc     0x00000013      0x14f .\CortexM0p\ARM_GCC_541\Debug\Cm0plusStart.o
 .debug_loc     0x00000162      0x12d .\CortexM0p\ARM_GCC_541\Debug\01_Echo_Rx_P4S.a(UART.o)
 .debug_loc     0x0000028f       0xa2 .\CortexM0p\ARM_GCC_541\Debug\01_Echo_Rx_P4S.a(IRQ.o)
 .debug_loc     0x00000331       0x82 .\CortexM0p\ARM_GCC_541\Debug\01_Echo_Rx_P4S.a(isr_IRQ.o)
 .debug_loc     0x000003b3       0xa2 .\CortexM0p\ARM_GCC_541\Debug\01_Echo_Rx_P4S.a(LED.o)
 .debug_loc     0x00000455      0x591 .\CortexM0p\ARM_GCC_541\Debug\01_Echo_Rx_P4S.a(nRF24_FUNCS.o)
 .debug_loc     0x000009e6      0x20a .\CortexM0p\ARM_GCC_541\Debug\01_Echo_Rx_P4S.a(nRF24_COMMANDS.o)
 .debug_loc     0x00000bf0      0x2e5 .\CortexM0p\ARM_GCC_541\Debug\01_Echo_Rx_P4S.a(nRF24_HAL.o)
 .debug_loc     0x00000ed5      0x5e3 .\CortexM0p\ARM_GCC_541\Debug\01_Echo_Rx_P4S.a(CyLib.o)
 .debug_loc     0x000014b8      0x354 .\CortexM0p\ARM_GCC_541\Debug\01_Echo_Rx_P4S.a(CyLFClk.o)
 .debug_loc     0x0000180c       0x7e .\CortexM0p\ARM_GCC_541\Debug\01_Echo_Rx_P4S.a(SPI.o)
 .debug_loc     0x0000188a       0x96 .\CortexM0p\ARM_GCC_541\Debug\01_Echo_Rx_P4S.a(SPI_SPI_UART.o)
 .debug_loc     0x00001920       0xc1 .\CortexM0p\ARM_GCC_541\Debug\01_Echo_Rx_P4S.a(SPI_SPI.o)
 .debug_loc     0x000019e1       0xa2 .\CortexM0p\ARM_GCC_541\Debug\01_Echo_Rx_P4S.a(SS.o)
 .debug_loc     0x00001a83       0xa2 .\CortexM0p\ARM_GCC_541\Debug\01_Echo_Rx_P4S.a(CE.o)
 .debug_loc     0x00001b25       0xa2 .\CortexM0p\ARM_GCC_541\Debug\01_Echo_Rx_P4S.a(SPI_sclk_m.o)
 .debug_loc     0x00001bc7      0x1bd .\CortexM0p\ARM_GCC_541\Debug\01_Echo_Rx_P4S.a(CyFlash.o)

.debug_macinfo
 *(.debug_macinfo)

.debug_ranges   0x00000000      0x820
 *(.debug_ranges)
 .debug_ranges  0x00000000       0x20 .\CortexM0p\ARM_GCC_541\Debug\main.o
 .debug_ranges  0x00000020       0x18 .\CortexM0p\ARM_GCC_541\Debug\cyfitter_cfg.o
 .debug_ranges  0x00000038       0x38 .\CortexM0p\ARM_GCC_541\Debug\Cm0plusStart.o
 .debug_ranges  0x00000070       0x40 .\CortexM0p\ARM_GCC_541\Debug\01_Echo_Rx_P4S.a(UART.o)
 .debug_ranges  0x000000b0       0x38 .\CortexM0p\ARM_GCC_541\Debug\01_Echo_Rx_P4S.a(IRQ.o)
 .debug_ranges  0x000000e8       0x70 .\CortexM0p\ARM_GCC_541\Debug\01_Echo_Rx_P4S.a(isr_IRQ.o)
 .debug_ranges  0x00000158       0x38 .\CortexM0p\ARM_GCC_541\Debug\01_Echo_Rx_P4S.a(LED.o)
 .debug_ranges  0x00000190      0x200 .\CortexM0p\ARM_GCC_541\Debug\01_Echo_Rx_P4S.a(nRF24_FUNCS.o)
 .debug_ranges  0x00000390       0x58 .\CortexM0p\ARM_GCC_541\Debug\01_Echo_Rx_P4S.a(nRF24_COMMANDS.o)
 .debug_ranges  0x000003e8       0x48 .\CortexM0p\ARM_GCC_541\Debug\01_Echo_Rx_P4S.a(nRF24_HAL.o)
 .debug_ranges  0x00000430      0x180 .\CortexM0p\ARM_GCC_541\Debug\01_Echo_Rx_P4S.a(CyLib.o)
 .debug_ranges  0x000005b0       0xc8 .\CortexM0p\ARM_GCC_541\Debug\01_Echo_Rx_P4S.a(CyLFClk.o)
 .debug_ranges  0x00000678       0x48 .\CortexM0p\ARM_GCC_541\Debug\01_Echo_Rx_P4S.a(SPI.o)
 .debug_ranges  0x000006c0       0x50 .\CortexM0p\ARM_GCC_541\Debug\01_Echo_Rx_P4S.a(SPI_SPI_UART.o)
 .debug_ranges  0x00000710       0x30 .\CortexM0p\ARM_GCC_541\Debug\01_Echo_Rx_P4S.a(SPI_SPI.o)
 .debug_ranges  0x00000740       0x38 .\CortexM0p\ARM_GCC_541\Debug\01_Echo_Rx_P4S.a(SS.o)
 .debug_ranges  0x00000778       0x38 .\CortexM0p\ARM_GCC_541\Debug\01_Echo_Rx_P4S.a(CE.o)
 .debug_ranges  0x000007b0       0x38 .\CortexM0p\ARM_GCC_541\Debug\01_Echo_Rx_P4S.a(SPI_sclk_m.o)
 .debug_ranges  0x000007e8       0x38 .\CortexM0p\ARM_GCC_541\Debug\01_Echo_Rx_P4S.a(CyFlash.o)

.comment        0x00000000       0x6e
 .comment       0x00000000       0x6e .\CortexM0p\ARM_GCC_541\Debug\main.o
                                 0x6f (size before relaxing)
 .comment       0x0000006e       0x6f .\CortexM0p\ARM_GCC_541\Debug\cyfitter_cfg.o
 .comment       0x0000006e       0x6f .\CortexM0p\ARM_GCC_541\Debug\cymetadata.o
 .comment       0x0000006e       0x6f .\CortexM0p\ARM_GCC_541\Debug\Cm0plusStart.o
 .comment       0x0000006e       0x6f .\CortexM0p\ARM_GCC_541\Debug\01_Echo_Rx_P4S.a(UART.o)
 .comment       0x0000006e       0x6f .\CortexM0p\ARM_GCC_541\Debug\01_Echo_Rx_P4S.a(IRQ.o)
 .comment       0x0000006e       0x6f .\CortexM0p\ARM_GCC_541\Debug\01_Echo_Rx_P4S.a(isr_IRQ.o)
 .comment       0x0000006e       0x6f .\CortexM0p\ARM_GCC_541\Debug\01_Echo_Rx_P4S.a(LED.o)
 .comment       0x0000006e       0x6f .\CortexM0p\ARM_GCC_541\Debug\01_Echo_Rx_P4S.a(nRF24_FUNCS.o)
 .comment       0x0000006e       0x6f .\CortexM0p\ARM_GCC_541\Debug\01_Echo_Rx_P4S.a(nRF24_COMMANDS.o)
 .comment       0x0000006e       0x6f .\CortexM0p\ARM_GCC_541\Debug\01_Echo_Rx_P4S.a(nRF24_HAL.o)
 .comment       0x0000006e       0x6f .\CortexM0p\ARM_GCC_541\Debug\01_Echo_Rx_P4S.a(CyLib.o)
 .comment       0x0000006e       0x6f .\CortexM0p\ARM_GCC_541\Debug\01_Echo_Rx_P4S.a(CyLFClk.o)
 .comment       0x0000006e       0x6f .\CortexM0p\ARM_GCC_541\Debug\01_Echo_Rx_P4S.a(SPI.o)
 .comment       0x0000006e       0x6f .\CortexM0p\ARM_GCC_541\Debug\01_Echo_Rx_P4S.a(SPI_SPI_UART.o)
 .comment       0x0000006e       0x6f .\CortexM0p\ARM_GCC_541\Debug\01_Echo_Rx_P4S.a(SPI_SPI.o)
 .comment       0x0000006e       0x6f .\CortexM0p\ARM_GCC_541\Debug\01_Echo_Rx_P4S.a(SS.o)
 .comment       0x0000006e       0x6f .\CortexM0p\ARM_GCC_541\Debug\01_Echo_Rx_P4S.a(CE.o)
 .comment       0x0000006e       0x6f .\CortexM0p\ARM_GCC_541\Debug\01_Echo_Rx_P4S.a(SPI_sclk_m.o)
 .comment       0x0000006e       0x6f .\CortexM0p\ARM_GCC_541\Debug\01_Echo_Rx_P4S.a(CyFlash.o)

.debug_weaknames
 *(.debug_weaknames)

.debug_funcnames
 *(.debug_funcnames)

.debug_typenames
 *(.debug_typenames)

.debug_varnames
 *(.debug_varnames)

.note.gnu.arm.ident
 *(.note.gnu.arm.ident)

.ARM.attributes
                0x00000000       0x28
 *(.ARM.attributes)
 .ARM.attributes
                0x00000000       0x1e c:/program files (x86)/cypress/psoc creator/4.1/psoc creator/import/gnu/arm/5.4.1/bin/../lib/gcc/arm-none-eabi/5.4.1/armv6-m/crti.o
 .ARM.attributes
                0x0000001e       0x2c c:/program files (x86)/cypress/psoc creator/4.1/psoc creator/import/gnu/arm/5.4.1/bin/../lib/gcc/arm-none-eabi/5.4.1/armv6-m/crtbegin.o
 .ARM.attributes
                0x0000004a       0x1b c:/program files (x86)/cypress/psoc creator/4.1/psoc creator/import/gnu/arm/5.4.1/bin/../lib/gcc/arm-none-eabi/5.4.1/../../../../arm-none-eabi/lib/armv6-m/crt0.o
 .ARM.attributes
                0x00000065       0x32 .\CortexM0p\ARM_GCC_541\Debug\main.o
 .ARM.attributes
                0x00000097       0x32 .\CortexM0p\ARM_GCC_541\Debug\cyfitter_cfg.o
 .ARM.attributes
                0x000000c9       0x32 .\CortexM0p\ARM_GCC_541\Debug\cymetadata.o
 .ARM.attributes
                0x000000fb       0x32 .\CortexM0p\ARM_GCC_541\Debug\Cm0plusStart.o
 .ARM.attributes
                0x0000012d       0x32 .\CortexM0p\ARM_GCC_541\Debug\01_Echo_Rx_P4S.a(UART.o)
 .ARM.attributes
                0x0000015f       0x32 .\CortexM0p\ARM_GCC_541\Debug\01_Echo_Rx_P4S.a(IRQ.o)
 .ARM.attributes
                0x00000191       0x32 .\CortexM0p\ARM_GCC_541\Debug\01_Echo_Rx_P4S.a(isr_IRQ.o)
 .ARM.attributes
                0x000001c3       0x32 .\CortexM0p\ARM_GCC_541\Debug\01_Echo_Rx_P4S.a(LED.o)
 .ARM.attributes
                0x000001f5       0x32 .\CortexM0p\ARM_GCC_541\Debug\01_Echo_Rx_P4S.a(nRF24_FUNCS.o)
 .ARM.attributes
                0x00000227       0x32 .\CortexM0p\ARM_GCC_541\Debug\01_Echo_Rx_P4S.a(nRF24_COMMANDS.o)
 .ARM.attributes
                0x00000259       0x32 .\CortexM0p\ARM_GCC_541\Debug\01_Echo_Rx_P4S.a(nRF24_HAL.o)
 .ARM.attributes
                0x0000028b       0x32 .\CortexM0p\ARM_GCC_541\Debug\01_Echo_Rx_P4S.a(CyLib.o)
 .ARM.attributes
                0x000002bd       0x32 .\CortexM0p\ARM_GCC_541\Debug\01_Echo_Rx_P4S.a(CyLFClk.o)
 .ARM.attributes
                0x000002ef       0x22 .\CortexM0p\ARM_GCC_541\Debug\01_Echo_Rx_P4S.a(UART_AsmGnu.o)
 .ARM.attributes
                0x00000311       0x22 .\CortexM0p\ARM_GCC_541\Debug\01_Echo_Rx_P4S.a(CyBootAsmGnu.o)
 .ARM.attributes
                0x00000333       0x32 .\CortexM0p\ARM_GCC_541\Debug\01_Echo_Rx_P4S.a(SPI.o)
 .ARM.attributes
                0x00000365       0x32 .\CortexM0p\ARM_GCC_541\Debug\01_Echo_Rx_P4S.a(SPI_SPI_UART.o)
 .ARM.attributes
                0x00000397       0x32 .\CortexM0p\ARM_GCC_541\Debug\01_Echo_Rx_P4S.a(SPI_SPI.o)
 .ARM.attributes
                0x000003c9       0x32 .\CortexM0p\ARM_GCC_541\Debug\01_Echo_Rx_P4S.a(SS.o)
 .ARM.attributes
                0x000003fb       0x32 .\CortexM0p\ARM_GCC_541\Debug\01_Echo_Rx_P4S.a(CE.o)
 .ARM.attributes
                0x0000042d       0x32 .\CortexM0p\ARM_GCC_541\Debug\01_Echo_Rx_P4S.a(SPI_sclk_m.o)
 .ARM.attributes
                0x0000045f       0x32 .\CortexM0p\ARM_GCC_541\Debug\01_Echo_Rx_P4S.a(CyFlash.o)
 .ARM.attributes
                0x00000491       0x1e c:/program files (x86)/cypress/psoc creator/4.1/psoc creator/import/gnu/arm/5.4.1/bin/../lib/gcc/arm-none-eabi/5.4.1/armv6-m\libgcc.a(_udivsi3.o)
 .ARM.attributes
                0x000004af       0x1e c:/program files (x86)/cypress/psoc creator/4.1/psoc creator/import/gnu/arm/5.4.1/bin/../lib/gcc/arm-none-eabi/5.4.1/armv6-m\libgcc.a(_dvmd_tls.o)
 .ARM.attributes
                0x000004cd       0x2c c:/program files (x86)/cypress/psoc creator/4.1/psoc creator/import/gnu/arm/5.4.1/bin/../lib/gcc/arm-none-eabi/5.4.1/../../../../arm-none-eabi/lib/armv6-m\libg_nano.a(lib_a-errno.o)
 .ARM.attributes
                0x000004f9       0x2c c:/program files (x86)/cypress/psoc creator/4.1/psoc creator/import/gnu/arm/5.4.1/bin/../lib/gcc/arm-none-eabi/5.4.1/../../../../arm-none-eabi/lib/armv6-m\libg_nano.a(lib_a-exit.o)
 .ARM.attributes
                0x00000525       0x2c c:/program files (x86)/cypress/psoc creator/4.1/psoc creator/import/gnu/arm/5.4.1/bin/../lib/gcc/arm-none-eabi/5.4.1/../../../../arm-none-eabi/lib/armv6-m\libg_nano.a(lib_a-impure.o)
 .ARM.attributes
                0x00000551       0x2c c:/program files (x86)/cypress/psoc creator/4.1/psoc creator/import/gnu/arm/5.4.1/bin/../lib/gcc/arm-none-eabi/5.4.1/../../../../arm-none-eabi/lib/armv6-m\libg_nano.a(lib_a-init.o)
 .ARM.attributes
                0x0000057d       0x2c c:/program files (x86)/cypress/psoc creator/4.1/psoc creator/import/gnu/arm/5.4.1/bin/../lib/gcc/arm-none-eabi/5.4.1/../../../../arm-none-eabi/lib/armv6-m\libg_nano.a(lib_a-memcpy-stub.o)
 .ARM.attributes
                0x000005a9       0x2c c:/program files (x86)/cypress/psoc creator/4.1/psoc creator/import/gnu/arm/5.4.1/bin/../lib/gcc/arm-none-eabi/5.4.1/../../../../arm-none-eabi/lib/armv6-m\libg_nano.a(lib_a-memset.o)
 .ARM.attributes
                0x000005d5       0x2c c:/program files (x86)/cypress/psoc creator/4.1/psoc creator/import/gnu/arm/5.4.1/bin/../lib/gcc/arm-none-eabi/5.4.1/../../../../arm-none-eabi/lib/armv6-m\libg_nano.a(lib_a-sprintf.o)
 .ARM.attributes
                0x00000601       0x2c c:/program files (x86)/cypress/psoc creator/4.1/psoc creator/import/gnu/arm/5.4.1/bin/../lib/gcc/arm-none-eabi/5.4.1/../../../../arm-none-eabi/lib/armv6-m\libg_nano.a(lib_a-nano-svfprintf.o)
 .ARM.attributes
                0x0000062d       0x2c c:/program files (x86)/cypress/psoc creator/4.1/psoc creator/import/gnu/arm/5.4.1/bin/../lib/gcc/arm-none-eabi/5.4.1/../../../../arm-none-eabi/lib/armv6-m\libg_nano.a(lib_a-nano-vfprintf_i.o)
 .ARM.attributes
                0x00000659       0x2c c:/program files (x86)/cypress/psoc creator/4.1/psoc creator/import/gnu/arm/5.4.1/bin/../lib/gcc/arm-none-eabi/5.4.1/../../../../arm-none-eabi/lib/armv6-m\libg_nano.a(lib_a-memchr-stub.o)
 .ARM.attributes
                0x00000685       0x2c c:/program files (x86)/cypress/psoc creator/4.1/psoc creator/import/gnu/arm/5.4.1/bin/../lib/gcc/arm-none-eabi/5.4.1/../../../../arm-none-eabi/lib/armv6-m\libg_nano.a(lib_a-memmove.o)
 .ARM.attributes
                0x000006b1       0x2c c:/program files (x86)/cypress/psoc creator/4.1/psoc creator/import/gnu/arm/5.4.1/bin/../lib/gcc/arm-none-eabi/5.4.1/../../../../arm-none-eabi/lib/armv6-m\libg_nano.a(lib_a-nano-freer.o)
 .ARM.attributes
                0x000006dd       0x2c c:/program files (x86)/cypress/psoc creator/4.1/psoc creator/import/gnu/arm/5.4.1/bin/../lib/gcc/arm-none-eabi/5.4.1/../../../../arm-none-eabi/lib/armv6-m\libg_nano.a(lib_a-nano-mallocr.o)
 .ARM.attributes
                0x00000709       0x2c c:/program files (x86)/cypress/psoc creator/4.1/psoc creator/import/gnu/arm/5.4.1/bin/../lib/gcc/arm-none-eabi/5.4.1/../../../../arm-none-eabi/lib/armv6-m\libg_nano.a(lib_a-nano-reallocr.o)
 .ARM.attributes
                0x00000735       0x2c c:/program files (x86)/cypress/psoc creator/4.1/psoc creator/import/gnu/arm/5.4.1/bin/../lib/gcc/arm-none-eabi/5.4.1/../../../../arm-none-eabi/lib/armv6-m\libg_nano.a(lib_a-sbrkr.o)
 .ARM.attributes
                0x00000761       0x2c c:/program files (x86)/cypress/psoc creator/4.1/psoc creator/import/gnu/arm/5.4.1/bin/../lib/gcc/arm-none-eabi/5.4.1/../../../../arm-none-eabi/lib/armv6-m\libg_nano.a(lib_a-mlock.o)
 .ARM.attributes
                0x0000078d       0x2c c:/program files (x86)/cypress/psoc creator/4.1/psoc creator/import/gnu/arm/5.4.1/bin/../lib/gcc/arm-none-eabi/5.4.1/../../../../arm-none-eabi/lib/armv6-m\libg_nano.a(lib_a-nano-msizer.o)
 .ARM.attributes
                0x000007b9       0x2c c:/program files (x86)/cypress/psoc creator/4.1/psoc creator/import/gnu/arm/5.4.1/bin/../lib/gcc/arm-none-eabi/5.4.1/../../../../arm-none-eabi/lib/armv6-m\libg_nano.a(lib_a-reent.o)
 .ARM.attributes
                0x000007e5       0x2c c:/program files (x86)/cypress/psoc creator/4.1/psoc creator/import/gnu/arm/5.4.1/bin/../lib/gcc/arm-none-eabi/5.4.1/armv6-m/crtend.o
 .ARM.attributes
                0x00000811       0x1e c:/program files (x86)/cypress/psoc creator/4.1/psoc creator/import/gnu/arm/5.4.1/bin/../lib/gcc/arm-none-eabi/5.4.1/armv6-m/crtn.o

/DISCARD/
 *(.note.GNU-stack)
OUTPUT(C:\Users\Xwx47\Documents\Creator\nRF24_Example_Projects\01_Echo_Rx_P4S.cydsn\CortexM0p\ARM_GCC_541\Debug\01_Echo_Rx_P4S.elf elf32-littlearm)
