Archive member included to satisfy reference by file (symbol)

.\CortexM0p\ARM_GCC_541\Debug\01_Echo_Rx_P4S.a(UART.o)
                              .\CortexM0p\ARM_GCC_541\Debug\main.o (UART_Start)
.\CortexM0p\ARM_GCC_541\Debug\01_Echo_Rx_P4S.a(IRQ.o)
                              .\CortexM0p\ARM_GCC_541\Debug\main.o (IRQ_ClearInterrupt)
.\CortexM0p\ARM_GCC_541\Debug\01_Echo_Rx_P4S.a(isr_IRQ.o)
                              .\CortexM0p\ARM_GCC_541\Debug\main.o (isr_IRQ_StartEx)
.\CortexM0p\ARM_GCC_541\Debug\01_Echo_Rx_P4S.a(LED.o)
                              .\CortexM0p\ARM_GCC_541\Debug\main.o (LED_Write)
.\CortexM0p\ARM_GCC_541\Debug\01_Echo_Rx_P4S.a(nRF24_FUNCS.o)
                              .\CortexM0p\ARM_GCC_541\Debug\main.o (nRF24_set_rx_pipe_address)
.\CortexM0p\ARM_GCC_541\Debug\01_Echo_Rx_P4S.a(nRF24_COMMANDS.o)
                              .\CortexM0p\ARM_GCC_541\Debug\01_Echo_Rx_P4S.a(nRF24_FUNCS.o) (nRF24_cmd_reuse_tx_payload)
.\CortexM0p\ARM_GCC_541\Debug\01_Echo_Rx_P4S.a(nRF24_HAL.o)
                              .\CortexM0p\ARM_GCC_541\Debug\01_Echo_Rx_P4S.a(nRF24_FUNCS.o) (nRF24_ss_write)
.\CortexM0p\ARM_GCC_541\Debug\01_Echo_Rx_P4S.a(CyLib.o)
                              .\CortexM0p\ARM_GCC_541\Debug\Cm0plusStart.o (CyHalt)
.\CortexM0p\ARM_GCC_541\Debug\01_Echo_Rx_P4S.a(CyLFClk.o)
                              .\CortexM0p\ARM_GCC_541\Debug\01_Echo_Rx_P4S.a(CyLib.o) (CySysClkWcoEnabled)
.\CortexM0p\ARM_GCC_541\Debug\01_Echo_Rx_P4S.a(UART_AsmGnu.o)
                              .\CortexM0p\ARM_GCC_541\Debug\main.o (UART_PutChar)
.\CortexM0p\ARM_GCC_541\Debug\01_Echo_Rx_P4S.a(CyBootAsmGnu.o)
                              .\CortexM0p\ARM_GCC_541\Debug\01_Echo_Rx_P4S.a(CyLib.o) (CyDelayCycles)
.\CortexM0p\ARM_GCC_541\Debug\01_Echo_Rx_P4S.a(SPI.o)
                              .\CortexM0p\ARM_GCC_541\Debug\01_Echo_Rx_P4S.a(nRF24_FUNCS.o) (SPI_Start)
.\CortexM0p\ARM_GCC_541\Debug\01_Echo_Rx_P4S.a(SPI_SPI_UART.o)
                              .\CortexM0p\ARM_GCC_541\Debug\01_Echo_Rx_P4S.a(nRF24_HAL.o) (SPI_SpiUartReadRxData)
.\CortexM0p\ARM_GCC_541\Debug\01_Echo_Rx_P4S.a(SPI_SPI.o)
                              .\CortexM0p\ARM_GCC_541\Debug\01_Echo_Rx_P4S.a(SPI.o) (SPI_SpiPostEnable)
.\CortexM0p\ARM_GCC_541\Debug\01_Echo_Rx_P4S.a(SS.o)
                              .\CortexM0p\ARM_GCC_541\Debug\01_Echo_Rx_P4S.a(nRF24_HAL.o) (SS_Write)
.\CortexM0p\ARM_GCC_541\Debug\01_Echo_Rx_P4S.a(CE.o)
                              .\CortexM0p\ARM_GCC_541\Debug\01_Echo_Rx_P4S.a(nRF24_HAL.o) (CE_Write)
.\CortexM0p\ARM_GCC_541\Debug\01_Echo_Rx_P4S.a(SPI_sclk_m.o)
                              .\CortexM0p\ARM_GCC_541\Debug\01_Echo_Rx_P4S.a(SPI_SPI.o) (SPI_sclk_m_Write)
.\CortexM0p\ARM_GCC_541\Debug\01_Echo_Rx_P4S.a(CyFlash.o)
                              .\CortexM0p\ARM_GCC_541\Debug\01_Echo_Rx_P4S.a(CyLib.o) (CySysFlashSetWaitCycles)
c:/program files (x86)/cypress/psoc creator/4.2/psoc creator/import/gnu/arm/5.4.1/bin/../lib/gcc/arm-none-eabi/5.4.1/armv6-m\libgcc.a(_udivsi3.o)
                              .\CortexM0p\ARM_GCC_541\Debug\01_Echo_Rx_P4S.a(CyLib.o) (__aeabi_uidiv)
c:/program files (x86)/cypress/psoc creator/4.2/psoc creator/import/gnu/arm/5.4.1/bin/../lib/gcc/arm-none-eabi/5.4.1/armv6-m\libgcc.a(_dvmd_tls.o)
                              c:/program files (x86)/cypress/psoc creator/4.2/psoc creator/import/gnu/arm/5.4.1/bin/../lib/gcc/arm-none-eabi/5.4.1/armv6-m\libgcc.a(_udivsi3.o) (__aeabi_idiv0)
c:/program files (x86)/cypress/psoc creator/4.2/psoc creator/import/gnu/arm/5.4.1/bin/../lib/gcc/arm-none-eabi/5.4.1/../../../../arm-none-eabi/lib/armv6-m\libg_nano.a(lib_a-errno.o)
                              .\CortexM0p\ARM_GCC_541\Debug\Cm0plusStart.o (__errno)
c:/program files (x86)/cypress/psoc creator/4.2/psoc creator/import/gnu/arm/5.4.1/bin/../lib/gcc/arm-none-eabi/5.4.1/../../../../arm-none-eabi/lib/armv6-m\libg_nano.a(lib_a-exit.o)
                              c:/program files (x86)/cypress/psoc creator/4.2/psoc creator/import/gnu/arm/5.4.1/bin/../lib/gcc/arm-none-eabi/5.4.1/../../../../arm-none-eabi/lib/armv6-m/crt0.o (exit)
c:/program files (x86)/cypress/psoc creator/4.2/psoc creator/import/gnu/arm/5.4.1/bin/../lib/gcc/arm-none-eabi/5.4.1/../../../../arm-none-eabi/lib/armv6-m\libg_nano.a(lib_a-impure.o)
                              c:/program files (x86)/cypress/psoc creator/4.2/psoc creator/import/gnu/arm/5.4.1/bin/../lib/gcc/arm-none-eabi/5.4.1/../../../../arm-none-eabi/lib/armv6-m\libg_nano.a(lib_a-exit.o) (_global_impure_ptr)
c:/program files (x86)/cypress/psoc creator/4.2/psoc creator/import/gnu/arm/5.4.1/bin/../lib/gcc/arm-none-eabi/5.4.1/../../../../arm-none-eabi/lib/armv6-m\libg_nano.a(lib_a-init.o)
                              c:/program files (x86)/cypress/psoc creator/4.2/psoc creator/import/gnu/arm/5.4.1/bin/../lib/gcc/arm-none-eabi/5.4.1/../../../../arm-none-eabi/lib/armv6-m/crt0.o (__libc_init_array)
[...]
Memory Configuration

Name             Origin             Length             Attributes
rom              0x00000000         0x00008000         xr
ram              0x20000000         0x00001000         xrw
*default*        0x00000000         0xffffffff

Linker script and memory map

LOAD c:/program files (x86)/cypress/psoc creator/4.2/psoc creator/import/gnu/arm/5.4.1/bin/../lib/gcc/arm-none-eabi/5.4.1/armv6-m/crti.o
LOAD c:/program files (x86)/cypress/psoc creator/4.2/psoc creator/import/gnu/arm/5.4.1/bin/../lib/gcc/arm-none-eabi/5.4.1/armv6-m/crtbegin.o
LOAD c:/program files (x86)/cypress/psoc creator/4.2/psoc creator/import/gnu/arm/5.4.1/bin/../lib/gcc/arm-none-eabi/5.4.1/../../../../arm-none-eabi/lib/armv6-m/crt0.o
START GROUP
LOAD .\CortexM0p\ARM_GCC_541\Debug\main.o
LOAD .\CortexM0p\ARM_GCC_541\Debug\cyfitter_cfg.o
LOAD .\CortexM0p\ARM_GCC_541\Debug\cymetadata.o
LOAD .\CortexM0p\ARM_GCC_541\Debug\Cm0plusStart.o
LOAD .\CortexM0p\ARM_GCC_541\Debug\01_Echo_Rx_P4S.a
END GROUP
START GROUP
LOAD c:/program files (x86)/cypress/psoc creator/4.2/psoc creator/import/gnu/arm/5.4.1/bin/../lib/gcc/arm-none-eabi/5.4.1/armv6-m\libgcc.a
LOAD c:/program files (x86)/cypress/psoc creator/4.2/psoc creator/import/gnu/arm/5.4.1/bin/../lib/gcc/arm-none-eabi/5.4.1/../../../../arm-none-eabi/lib/armv6-m\libg_nano.a
LOAD c:/program files (x86)/cypress/psoc creator/4.2/psoc creator/import/gnu/arm/5.4.1/bin/../lib/gcc/arm-none-eabi/5.4.1/../../../../arm-none-eabi/lib/armv6-m\libc_nano.a
END GROUP
START GROUP
LOAD c:/program files (x86)/cypress/psoc creator/4.2/psoc creator/import/gnu/arm/5.4.1/bin/../lib/gcc/arm-none-eabi/5.4.1/armv6-m\libgcc.a
LOAD c:/program files (x86)/cypress/psoc creator/4.2/psoc creator/import/gnu/arm/5.4.1/bin/../lib/gcc/arm-none-eabi/5.4.1/../../../../arm-none-eabi/lib/armv6-m\libc_nano.a
END GROUP
LOAD c:/program files (x86)/cypress/psoc creator/4.2/psoc creator/import/gnu/arm/5.4.1/bin/../lib/gcc/arm-none-eabi/5.4.1/armv6-m/crtend.o
LOAD c:/program files (x86)/cypress/psoc creator/4.2/psoc creator/import/gnu/arm/5.4.1/bin/../lib/gcc/arm-none-eabi/5.4.1/armv6-m/crtn.o
START GROUP
LOAD c:/program files (x86)/cypress/psoc creator/4.2/psoc creator/import/gnu/arm/5.4.1/bin/../lib/gcc/arm-none-eabi/5.4.1/armv6-m\libgcc.a
LOAD c:/program files (x86)/cypress/psoc creator/4.2/psoc creator/import/gnu/arm/5.4.1/bin/../lib/gcc/arm-none-eabi/5.4.1/../../../../arm-none-eabi/lib/armv6-m\libc.a
LOAD c:/program files (x86)/cypress/psoc creator/4.2/psoc creator/import/gnu/arm/5.4.1/bin/../lib/gcc/arm-none-eabi/5.4.1/../../../../arm-none-eabi/lib/armv6-m\libnosys.a
END GROUP
                0x00000000                CY_APPL_ORIGIN = 0x0
                0x00000080                CY_FLASH_ROW_SIZE = 0x80
                0x00000001                CY_APPL_NUM = 0x1
                0x00000001                CY_APPL_MAX = 0x1
                0x00000040                CY_METADATA_SIZE = 0x40
                0x00000000                CY_APPL_LOADABLE = 0x0
                0x00000000                CY_CHECKSUM_EXCLUDE_SIZE = ALIGN (0x0, CY_FLASH_ROW_SIZE)
                0x00000000                CY_APP_FOR_STACK_AND_COPIER = 0x0
                [!provide]                PROVIDE (__cy_heap_start, _end)
                0x00000001                PROVIDE (__cy_region_num, ((__cy_regions_end - __cy_regions) / 0x10))
                0x20001000                PROVIDE (__cy_stack, (ORIGIN (ram) + LENGTH (ram)))
                [!provide]                PROVIDE (__cy_heap_end, (__cy_stack - 0x800))

.cybootloader   0x00000000        0x0
 *(.cybootloader)
                0x00000000                appl1_start = CY_APPL_ORIGIN?CY_APPL_ORIGIN:ALIGN (CY_FLASH_ROW_SIZE)
                0x00003f80                appl2_start = (appl1_start + ALIGN ((((LENGTH (rom) - appl1_start) - (0x2 * CY_FLASH_ROW_SIZE)) / 0x2), CY_FLASH_ROW_SIZE))
                0x00000000                appl_start = (CY_APPL_NUM == 0x1)?appl1_start:appl2_start
                0x00000001                cy_project_type_bootloader = (appl_start == 0x0)?0x1:0x0
                0x00000000                cy_project_type_app_for_stack_and_copier = (CY_APP_FOR_STACK_AND_COPIER == 0x1)?0x1:0x0

.text           0x00000000      0xdae
 CREATE_OBJECT_SYMBOLS
                0x00000000                PROVIDE (__cy_interrupt_vector, RomVectors)
 *(.romvectors)
 .romvectors    0x00000000       0x10 .\CortexM0p\ARM_GCC_541\Debug\Cm0plusStart.o
                0x00000000                RomVectors
                0x00000001                ASSERT ((. != __cy_interrupt_vector), No interrupt vector)
                0x00000001                ASSERT (CY_APPL_ORIGIN?(SIZEOF (.cybootloader) <= CY_APPL_ORIGIN):0x1, Wrong image location)
                0x00000010                PROVIDE (__cy_reset, Reset)
 *(.text.Reset)
 .text.Reset    0x00000010        0xc .\CortexM0p\ARM_GCC_541\Debug\Cm0plusStart.o
                0x00000010                Reset
                0x00000001                ASSERT ((. != __cy_reset), No reset code)
 *(.psocinit)
 .psocinit      0x0000001c       0xbc .\CortexM0p\ARM_GCC_541\Debug\cyfitter_cfg.o
                0x00000064                cyfitter_cfg
                0x00000100                . = MAX (., 0x100)
 *fill*         0x000000d8       0x28 
 *(.text .text.* .gnu.linkonce.t.*)
 .text          0x00000100       0x60 c:/program files (x86)/cypress/psoc creator/4.2/psoc creator/import/gnu/arm/5.4.1/bin/../lib/gcc/arm-none-eabi/5.4.1/armv6-m/crtbegin.o
 .text.IRQ_Handler
                0x00000160       0x14 .\CortexM0p\ARM_GCC_541\Debug\main.o
                0x00000160                IRQ_Handler
 .text.main     0x00000174       0xcc .\CortexM0p\ARM_GCC_541\Debug\main.o
                0x00000174                main
 .text.IntDefaultHandler
                0x00000240       0x10 .\CortexM0p\ARM_GCC_541\Debug\Cm0plusStart.o
                0x00000240                IntDefaultHandler
 .text.Start_c  0x00000250       0x48 .\CortexM0p\ARM_GCC_541\Debug\Cm0plusStart.o
                0x00000250                Start_c
 .text.initialize_psoc
                0x00000298       0x40 .\CortexM0p\ARM_GCC_541\Debug\Cm0plusStart.o
                0x00000298                initialize_psoc
 .text.UART_Start
                0x000002d8        0x4 .\CortexM0p\ARM_GCC_541\Debug\01_Echo_Rx_P4S.a(UART.o)
                0x000002d8                UART_Start
 .text.UART_PutString
                0x000002dc       0x1c .\CortexM0p\ARM_GCC_541\Debug\01_Echo_Rx_P4S.a(UART.o)
                0x000002dc                UART_PutString
 .text.UART_PutCRLF
                0x000002f8       0x10 .\CortexM0p\ARM_GCC_541\Debug\01_Echo_Rx_P4S.a(UART.o)
                0x000002f8                UART_PutCRLF
 .text.IRQ_ClearInterrupt
                0x00000308       0x14 .\CortexM0p\ARM_GCC_541\Debug\01_Echo_Rx_P4S.a(IRQ.o)
                0x00000308                IRQ_ClearInterrupt
 .text.isr_IRQ_SetVector
                0x0000031c        0xc .\CortexM0p\ARM_GCC_541\Debug\01_Echo_Rx_P4S.a(isr_IRQ.o)
                0x0000031c                isr_IRQ_SetVector
 .text.isr_IRQ_SetPriority
                0x00000328       0x20 .\CortexM0p\ARM_GCC_541\Debug\01_Echo_Rx_P4S.a(isr_IRQ.o)
                0x00000328                isr_IRQ_SetPriority
 .text.isr_IRQ_Enable
                0x00000348        0xc .\CortexM0p\ARM_GCC_541\Debug\01_Echo_Rx_P4S.a(isr_IRQ.o)
                0x00000348                isr_IRQ_Enable
 .text.isr_IRQ_Disable
                0x00000354        0xc .\CortexM0p\ARM_GCC_541\Debug\01_Echo_Rx_P4S.a(isr_IRQ.o)
                0x00000354                isr_IRQ_Disable
 .text.isr_IRQ_StartEx
                0x00000360       0x1c .\CortexM0p\ARM_GCC_541\Debug\01_Echo_Rx_P4S.a(isr_IRQ.o)
                0x00000360                isr_IRQ_StartEx
 .text.LED_Write
                0x0000037c       0x18 .\CortexM0p\ARM_GCC_541\Debug\01_Echo_Rx_P4S.a(LED.o)
                0x0000037c                LED_Write
 .text.LED_Read
                0x00000394       0x10 .\CortexM0p\ARM_GCC_541\Debug\01_Echo_Rx_P4S.a(LED.o)
                0x00000394                LED_Read
 .text._addr_width_conf_to_bytes
                0x000003a4       0x28 .\CortexM0p\ARM_GCC_541\Debug\01_Echo_Rx_P4S.a(nRF24_FUNCS.o)
 .text.nRF24_init
                0x000003cc       0x94 .\CortexM0p\ARM_GCC_541\Debug\01_Echo_Rx_P4S.a(nRF24_FUNCS.o)
                0x000003cc                nRF24_init
 .text.nRF24_set_rx_pipe_address
                0x00000460       0x34 .\CortexM0p\ARM_GCC_541\Debug\01_Echo_Rx_P4S.a(nRF24_FUNCS.o)
                0x00000460                nRF24_set_rx_pipe_address
 .text.nRF24_set_tx_address
                0x00000494       0x20 .\CortexM0p\ARM_GCC_541\Debug\01_Echo_Rx_P4S.a(nRF24_FUNCS.o)
                0x00000494                nRF24_set_tx_address
 .text.nRF24_start_listening
                0x000004b4        0xc .\CortexM0p\ARM_GCC_541\Debug\01_Echo_Rx_P4S.a(nRF24_FUNCS.o)
                0x000004b4                nRF24_start_listening
 .text.nRF24_stop_listening
                0x000004c0        0xc .\CortexM0p\ARM_GCC_541\Debug\01_Echo_Rx_P4S.a(nRF24_FUNCS.o)
                0x000004c0                nRF24_stop_listening
 .text.nRF24_get_rx_payload
                0x000004cc       0x20 .\CortexM0p\ARM_GCC_541\Debug\01_Echo_Rx_P4S.a(nRF24_FUNCS.o)
                0x000004cc                nRF24_get_rx_payload
 .text.nRF24_rx_write_payload
                0x000004ec       0x14 .\CortexM0p\ARM_GCC_541\Debug\01_Echo_Rx_P4S.a(nRF24_FUNCS.o)
                0x000004ec                nRF24_rx_write_payload
 .text.nRF24_clear_all_irqs
                0x00000500       0x18 .\CortexM0p\ARM_GCC_541\Debug\01_Echo_Rx_P4S.a(nRF24_FUNCS.o)
                0x00000500                nRF24_clear_all_irqs
 .text.nRF24_start
                0x00000518       0x30 .\CortexM0p\ARM_GCC_541\Debug\01_Echo_Rx_P4S.a(nRF24_FUNCS.o)
                0x00000518                nRF24_start
 .text.nRF24_send_cmd
                0x00000548       0x24 .\CortexM0p\ARM_GCC_541\Debug\01_Echo_Rx_P4S.a(nRF24_COMMANDS.o)
 .text.nRF24_cmd_flush_rx
                0x0000056c        0xc .\CortexM0p\ARM_GCC_541\Debug\01_Echo_Rx_P4S.a(nRF24_COMMANDS.o)
                0x0000056c                nRF24_cmd_flush_rx
 .text.nRF24_cmd_flush_tx
                0x00000578        0xc .\CortexM0p\ARM_GCC_541\Debug\01_Echo_Rx_P4S.a(nRF24_COMMANDS.o)
                0x00000578                nRF24_cmd_flush_tx
 .text.nRF24_cmd_read_rx_payload
                0x00000584       0x38 .\CortexM0p\ARM_GCC_541\Debug\01_Echo_Rx_P4S.a(nRF24_COMMANDS.o)
                0x00000584                nRF24_cmd_read_rx_payload
 .text.nRF24_cmd_write_ack_payload
                0x000005bc       0x38 .\CortexM0p\ARM_GCC_541\Debug\01_Echo_Rx_P4S.a(nRF24_COMMANDS.o)
                0x000005bc                nRF24_cmd_write_ack_payload
 .text.nRF24_spi_clear_fifo
                0x000005f4        0xc .\CortexM0p\ARM_GCC_541\Debug\01_Echo_Rx_P4S.a(nRF24_HAL.o)
 .text.nRF24_ss_write
                0x00000600       0x14 .\CortexM0p\ARM_GCC_541\Debug\01_Echo_Rx_P4S.a(nRF24_HAL.o)
                0x00000600                nRF24_ss_write
 .text.nRF24_ce_write
                0x00000614       0x14 .\CortexM0p\ARM_GCC_541\Debug\01_Echo_Rx_P4S.a(nRF24_HAL.o)
                0x00000614                nRF24_ce_write
 .text.nRF24_spi_xfer
                0x00000628       0x44 .\CortexM0p\ARM_GCC_541\Debug\01_Echo_Rx_P4S.a(nRF24_HAL.o)
                0x00000628                nRF24_spi_xfer
 .text.nRF24_write_reg
                0x0000066c       0x38 .\CortexM0p\ARM_GCC_541\Debug\01_Echo_Rx_P4S.a(nRF24_HAL.o)
                0x0000066c                nRF24_write_reg
 .text.CySysClkImoDisableWcoLock
                0x000006a4       0x4c .\CortexM0p\ARM_GCC_541\Debug\01_Echo_Rx_P4S.a(CyLib.o)
                0x000006a4                CySysClkImoDisableWcoLock
 .text.CySysClkImoGetWcoLock
                0x000006f0       0x14 .\CortexM0p\ARM_GCC_541\Debug\01_Echo_Rx_P4S.a(CyLib.o)
                0x000006f0                CySysClkImoGetWcoLock
 .text.CyHalt   0x00000704        0x4 .\CortexM0p\ARM_GCC_541\Debug\01_Echo_Rx_P4S.a(CyLib.o)
                0x00000704                CyHalt
 .text.CyDelay  0x00000708       0x30 .\CortexM0p\ARM_GCC_541\Debug\01_Echo_Rx_P4S.a(CyLib.o)
                0x00000708                CyDelay
 .text.CySysClkImoEnableWcoLock
                0x00000738       0xd0 .\CortexM0p\ARM_GCC_541\Debug\01_Echo_Rx_P4S.a(CyLib.o)
                0x00000738                CySysClkImoEnableWcoLock
 .text.CySysClkWriteImoFreq
                0x00000808       0xd8 .\CortexM0p\ARM_GCC_541\Debug\01_Echo_Rx_P4S.a(CyLib.o)
                0x00000808                CySysClkWriteImoFreq
 .text.CyDelayUs
                0x000008e0       0x14 .\CortexM0p\ARM_GCC_541\Debug\01_Echo_Rx_P4S.a(CyLib.o)
                0x000008e0                CyDelayUs
 .text.CySysClkWcoEnabled
                0x000008f4       0x14 .\CortexM0p\ARM_GCC_541\Debug\01_Echo_Rx_P4S.a(CyLFClk.o)
                0x000008f4                CySysClkWcoEnabled
 .text.CySysWdtDisable
                0x00000908       0x10 .\CortexM0p\ARM_GCC_541\Debug\01_Echo_Rx_P4S.a(CyLFClk.o)
                0x00000908                CySysWdtDisable
 *fill*         0x00000918        0x8 
 .text          0x00000920       0xd4 .\CortexM0p\ARM_GCC_541\Debug\01_Echo_Rx_P4S.a(UART_AsmGnu.o)
                0x00000920                UART_PutChar
 *fill*         0x000009f4        0x4 
 .text          0x000009f8       0x20 .\CortexM0p\ARM_GCC_541\Debug\01_Echo_Rx_P4S.a(CyBootAsmGnu.o)
                0x000009f8                CyDelayCycles
                0x00000a0a                CyEnterCriticalSection
                0x00000a12                CyExitCriticalSection
 .text.SPI_ScbModePostEnable
                0x00000a18        0x8 .\CortexM0p\ARM_GCC_541\Debug\01_Echo_Rx_P4S.a(SPI.o)
 .text.SPI_Init
                0x00000a20        0x8 .\CortexM0p\ARM_GCC_541\Debug\01_Echo_Rx_P4S.a(SPI.o)
                0x00000a20                SPI_Init
 .text.SPI_Enable
                0x00000a28       0x18 .\CortexM0p\ARM_GCC_541\Debug\01_Echo_Rx_P4S.a(SPI.o)
                0x00000a28                SPI_Enable
 .text.SPI_Start
                0x00000a40       0x20 .\CortexM0p\ARM_GCC_541\Debug\01_Echo_Rx_P4S.a(SPI.o)
                0x00000a40                SPI_Start
 .text.SPI_SpiUartReadRxData
                0x00000a60        0xc .\CortexM0p\ARM_GCC_541\Debug\01_Echo_Rx_P4S.a(SPI_SPI_UART.o)
                0x00000a60                SPI_SpiUartReadRxData
 .text.SPI_SpiUartGetRxBufferSize
                0x00000a6c       0x10 .\CortexM0p\ARM_GCC_541\Debug\01_Echo_Rx_P4S.a(SPI_SPI_UART.o)
                0x00000a6c                SPI_SpiUartGetRxBufferSize
 .text.SPI_SpiUartClearRxBuffer
                0x00000a7c       0x20 .\CortexM0p\ARM_GCC_541\Debug\01_Echo_Rx_P4S.a(SPI_SPI_UART.o)
                0x00000a7c                SPI_SpiUartClearRxBuffer
 .text.SPI_SpiUartWriteTxData
                0x00000a9c       0x1c .\CortexM0p\ARM_GCC_541\Debug\01_Echo_Rx_P4S.a(SPI_SPI_UART.o)
                0x00000a9c                SPI_SpiUartWriteTxData
 .text.SPI_SpiUartClearTxBuffer
                0x00000ab8       0x20 .\CortexM0p\ARM_GCC_541\Debug\01_Echo_Rx_P4S.a(SPI_SPI_UART.o)
                0x00000ab8                SPI_SpiUartClearTxBuffer
 .text.SPI_SpiPostEnable
                0x00000ad8       0x24 .\CortexM0p\ARM_GCC_541\Debug\01_Echo_Rx_P4S.a(SPI_SPI.o)
                0x00000ad8                SPI_SpiPostEnable
 .text.SPI_SpiSetActiveSlaveSelect
                0x00000afc       0x20 .\CortexM0p\ARM_GCC_541\Debug\01_Echo_Rx_P4S.a(SPI_SPI.o)
                0x00000afc                SPI_SpiSetActiveSlaveSelect
 .text.SPI_SpiInit
                0x00000b1c       0x8c .\CortexM0p\ARM_GCC_541\Debug\01_Echo_Rx_P4S.a(SPI_SPI.o)
                0x00000b1c                SPI_SpiInit
 .text.SS_Write
                0x00000ba8       0x18 .\CortexM0p\ARM_GCC_541\Debug\01_Echo_Rx_P4S.a(SS.o)
                0x00000ba8                SS_Write
 .text.CE_Write
                0x00000bc0       0x18 .\CortexM0p\ARM_GCC_541\Debug\01_Echo_Rx_P4S.a(CE.o)
                0x00000bc0                CE_Write
 .text.CySysFlashSetWaitCycles
                0x00000bd8       0x54 .\CortexM0p\ARM_GCC_541\Debug\01_Echo_Rx_P4S.a(CyFlash.o)
                0x00000bd8                CySysFlashSetWaitCycles
 .text          0x00000c2c      0x114 c:/program files (x86)/cypress/psoc creator/4.2/psoc creator/import/gnu/arm/5.4.1/bin/../lib/gcc/arm-none-eabi/5.4.1/armv6-m\libgcc.a(_udivsi3.o)
                0x00000c2c                __aeabi_uidiv
                0x00000c2c                __udivsi3
                0x00000d38                __aeabi_uidivmod
 .text          0x00000d40        0x4 c:/program files (x86)/cypress/psoc creator/4.2/psoc creator/import/gnu/arm/5.4.1/bin/../lib/gcc/arm-none-eabi/5.4.1/armv6-m\libgcc.a(_dvmd_tls.o)
                0x00000d40                __aeabi_idiv0
                0x00000d40                __aeabi_ldiv0
 .text.__errno  0x00000d44        0xc c:/program files (x86)/cypress/psoc creator/4.2/psoc creator/import/gnu/arm/5.4.1/bin/../lib/gcc/arm-none-eabi/5.4.1/../../../../arm-none-eabi/lib/armv6-m\libg_nano.a(lib_a-errno.o)
                0x00000d44                __errno
 .text.__libc_init_array
                0x00000d50       0x4c c:/program files (x86)/cypress/psoc creator/4.2/psoc creator/import/gnu/arm/5.4.1/bin/../lib/gcc/arm-none-eabi/5.4.1/../../../../arm-none-eabi/lib/armv6-m\libg_nano.a(lib_a-init.o)
                0x00000d50                __libc_init_array
 .text.memcpy   0x00000d9c       0x12 c:/program files (x86)/cypress/psoc creator/4.2/psoc creator/import/gnu/arm/5.4.1/bin/../lib/gcc/arm-none-eabi/5.4.1/../../../../arm-none-eabi/lib/armv6-m\libg_nano.a(lib_a-memcpy-stub.o)
                0x00000d9c                memcpy
 *(.plt)
 *(.gnu.warning)
 *(.glue_7t)
 .glue_7t       0x00000dae        0x0 linker stubs
 *(.glue_7)
 .glue_7        0x00000dae        0x0 linker stubs
 *(.vfp11_veneer)
 .vfp11_veneer  0x00000dae        0x0 linker stubs
 *(.bootloader)
 *(.ARM.extab* .gnu.linkonce.armextab.*)
 *(.gcc_except_table)

.v4_bx          0x00000db0        0x0
 .v4_bx         0x00000db0        0x0 linker stubs

.iplt           0x00000db0        0x0
 .iplt          0x00000db0        0x0 c:/program files (x86)/cypress/psoc creator/4.2/psoc creator/import/gnu/arm/5.4.1/bin/../lib/gcc/arm-none-eabi/5.4.1/armv6-m/crtbegin.o

.eh_frame_hdr
 *(.eh_frame_hdr)

.eh_frame       0x00000db0        0x4
 *(.eh_frame)
 .eh_frame      0x00000db0        0x0 c:/program files (x86)/cypress/psoc creator/4.2/psoc creator/import/gnu/arm/5.4.1/bin/../lib/gcc/arm-none-eabi/5.4.1/armv6-m/crtbegin.o
 .eh_frame      0x00000db0        0x4 c:/program files (x86)/cypress/psoc creator/4.2/psoc creator/import/gnu/arm/5.4.1/bin/../lib/gcc/arm-none-eabi/5.4.1/armv6-m/crtend.o
                [!provide]                PROVIDE (__exidx_start, .)

.ARM.exidx
 *(.ARM.exidx* .gnu.linkonce.armexidx.*)
                0x00000db4                __exidx_end = .

.rodata         0x00000db4       0x8c
 *(.rodata .rodata.* .gnu.linkonce.r.*)
 .rodata        0x00000db4        0x5 .\CortexM0p\ARM_GCC_541\Debug\main.o
 *fill*         0x00000db9        0x3 
 .rodata.str1.4
                0x00000dbc       0x4c .\CortexM0p\ARM_GCC_541\Debug\main.o
                                 0x4b (size before relaxing)
 .rodata.str1.1
                0x00000e08        0x2 c:/program files (x86)/cypress/psoc creator/4.2/psoc creator/import/gnu/arm/5.4.1/bin/../lib/gcc/arm-none-eabi/5.4.1/../../../../arm-none-eabi/lib/armv6-m\libg_nano.a(lib_a-impure.o)
                0x00000e0c                . = ALIGN (0x4)
 *fill*         0x00000e0a        0x2 
 *(.init)
 .init          0x00000e0c        0x4 c:/program files (x86)/cypress/psoc creator/4.2/psoc creator/import/gnu/arm/5.4.1/bin/../lib/gcc/arm-none-eabi/5.4.1/armv6-m/crti.o
                0x00000e0c                _init
 .init          0x00000e10        0x8 c:/program files (x86)/cypress/psoc creator/4.2/psoc creator/import/gnu/arm/5.4.1/bin/../lib/gcc/arm-none-eabi/5.4.1/armv6-m/crtn.o
                0x00000e18                . = ALIGN (0x4)
                0x00000e18                __preinit_array_start = .
 *(.preinit_array)
                0x00000e18                __preinit_array_end = .
                0x00000e18                . = ALIGN (0x4)
                0x00000e18                __init_array_start = .
 *(SORT(.init_array.*))
 *(.init_array)
 .init_array    0x00000e18        0x4 c:/program files (x86)/cypress/psoc creator/4.2/psoc creator/import/gnu/arm/5.4.1/bin/../lib/gcc/arm-none-eabi/5.4.1/armv6-m/crtbegin.o
 .init_array    0x00000e1c        0x4 .\CortexM0p\ARM_GCC_541\Debug\Cm0plusStart.o
                0x00000e20                __init_array_end = .
                0x00000e20                . = ALIGN (0x4)
 *(.fini)
 .fini          0x00000e20        0x4 c:/program files (x86)/cypress/psoc creator/4.2/psoc creator/import/gnu/arm/5.4.1/bin/../lib/gcc/arm-none-eabi/5.4.1/armv6-m/crti.o
                0x00000e20                _fini
 .fini          0x00000e24        0x8 c:/program files (x86)/cypress/psoc creator/4.2/psoc creator/import/gnu/arm/5.4.1/bin/../lib/gcc/arm-none-eabi/5.4.1/armv6-m/crtn.o
                0x00000e2c                . = ALIGN (0x4)
                0x00000e2c                __fini_array_start = .
 *(.fini_array)
 .fini_array    0x00000e2c        0x4 c:/program files (x86)/cypress/psoc creator/4.2/psoc creator/import/gnu/arm/5.4.1/bin/../lib/gcc/arm-none-eabi/5.4.1/armv6-m/crtbegin.o
 *(SORT(.fini_array.*))
                0x00000e30                __fini_array_end = .
                0x00000e30                . = ALIGN (0x4)
 *crtbegin.o(.ctors)
 *(EXCLUDE_FILE(*crtend.o) .ctors)
 *(SORT(.ctors.*))
 *crtend.o(.ctors)
                0x00000e30                . = ALIGN (0x4)
 *crtbegin.o(.dtors)
 *(EXCLUDE_FILE(*crtend.o) .dtors)
 *(SORT(.dtors.*))
 *crtend.o(.dtors)
                0x00000e30                . = ALIGN (0x4)
                0x00000e30                __cy_regions = .
                0x00000e30        0x4 LONG 0xe40 __cy_region_init_ram
                0x00000e34        0x4 LONG 0x20000080 __cy_region_start_data
                0x00000e38        0x4 LONG 0x88 __cy_region_init_size_ram
                0x00000e3c        0x4 LONG 0x28 __cy_region_zero_size_ram
                0x00000e40                __cy_regions_end = .
                0x00000e40                . = ALIGN (0x8)
                0x00000e40                _etext = .

.cy_checksum_exclude
                0x00000e40        0x0
 *(.cy_checksum_exclude)

.ramvectors     0x20000000       0x80
                0x20000000                __cy_region_start_ram = .
 *(.ramvectors)
 .ramvectors    0x20000000       0x80 .\CortexM0p\ARM_GCC_541\Debug\Cm0plusStart.o
                0x20000000                CyRamVectors

.noinit
 *(.noinit)

.data           0x20000080       0x88 load address 0x00000e40
                0x20000080                __cy_region_start_data = .
 *(.jcr)
 .jcr           0x20000080        0x0 c:/program files (x86)/cypress/psoc creator/4.2/psoc creator/import/gnu/arm/5.4.1/bin/../lib/gcc/arm-none-eabi/5.4.1/armv6-m/crtbegin.o
 .jcr           0x20000080        0x4 c:/program files (x86)/cypress/psoc creator/4.2/psoc creator/import/gnu/arm/5.4.1/bin/../lib/gcc/arm-none-eabi/5.4.1/armv6-m/crtend.o
 *(.got.plt)
 *(.got)
 *(.shdata)
 *(.data .data.* .gnu.linkonce.d.*)
 .data          0x20000084        0x8 .\CortexM0p\ARM_GCC_541\Debug\01_Echo_Rx_P4S.a(UART.o)
                0x20000084                UART_pinDrAdress
                0x20000088                UART_pinNumber
 .data          0x2000008c        0x1 .\CortexM0p\ARM_GCC_541\Debug\01_Echo_Rx_P4S.a(nRF24_FUNCS.o)
 *fill*         0x2000008d        0x3 
 .data          0x20000090       0x14 .\CortexM0p\ARM_GCC_541\Debug\01_Echo_Rx_P4S.a(CyLib.o)
                0x20000090                CySysClkPumpConfig
                0x20000094                cydelay32kMs
                0x20000098                cydelayFreqKhz
                0x2000009c                cydelayFreqMhz
                0x200000a0                cydelayFreqHz
 .data.impure_data
                0x200000a4       0x60 c:/program files (x86)/cypress/psoc creator/4.2/psoc creator/import/gnu/arm/5.4.1/bin/../lib/gcc/arm-none-eabi/5.4.1/../../../../arm-none-eabi/lib/armv6-m\libg_nano.a(lib_a-impure.o)
 .data._impure_ptr
                0x20000104        0x4 c:/program files (x86)/cypress/psoc creator/4.2/psoc creator/import/gnu/arm/5.4.1/bin/../lib/gcc/arm-none-eabi/5.4.1/../../../../arm-none-eabi/lib/armv6-m\libg_nano.a(lib_a-impure.o)
                0x20000104                _impure_ptr
                0x20000108                . = ALIGN (0x8)
 *(.ram)
                0x20000108                _edata = .

.igot.plt       0x20000108        0x0 load address 0x00000ec8
 .igot.plt      0x20000108        0x0 c:/program files (x86)/cypress/psoc creator/4.2/psoc creator/import/gnu/arm/5.4.1/bin/../lib/gcc/arm-none-eabi/5.4.1/armv6-m/crtbegin.o

.bss            0x20000108       0x28 load address 0x00000ec8
                0x20000108                PROVIDE (__bss_start__, .)
 *(.shbss)
 *(.bss .bss.* .gnu.linkonce.b.*)
 .bss           0x20000108       0x1c c:/program files (x86)/cypress/psoc creator/4.2/psoc creator/import/gnu/arm/5.4.1/bin/../lib/gcc/arm-none-eabi/5.4.1/armv6-m/crtbegin.o
 .bss           0x20000124        0x1 .\CortexM0p\ARM_GCC_541\Debug\main.o
                0x20000124                irq_flag
 *fill*         0x20000125        0x3 
 .bss           0x20000128        0x4 .\CortexM0p\ARM_GCC_541\Debug\01_Echo_Rx_P4S.a(UART.o)
                0x20000128                UART_pinPortNumber
 .bss           0x2000012c        0x4 .\CortexM0p\ARM_GCC_541\Debug\01_Echo_Rx_P4S.a(SPI.o)
                0x2000012c                SPI_initVar
                0x2000012e                SPI_IntrTxMask
 *(COMMON)
                0x20000130                . = ALIGN (0x8)
 *(.ram.b)
                0x20000130                _end = .
                0x20000130                __end = .
                0x20000130                PROVIDE (end, .)
                0x20000130                PROVIDE (__bss_end__, .)
                0x00000e40                __cy_region_init_ram = LOADADDR (.data)
                0x00000088                __cy_region_init_size_ram = (_edata - ADDR (.data))
                0x00000028                __cy_region_zero_size_ram = (_end - _edata)

.heap           0x20000130       0x80 load address 0x00000ec8
                0x20000130                . = _end
                0x200001b0                . = (. + 0x80)
 *fill*         0x20000130       0x80 
                0x200001b0                __cy_heap_limit = .

.stack          0x20000800      0x800
                0x20000800                __cy_stack_limit = .
                0x20001000                . = (. + 0x800)
 *fill*         0x20000800      0x800 
                0x00000001                ASSERT ((__cy_stack_limit >= __cy_heap_limit), region RAM overflowed with stack)
                0x00000000                cy_checksum_exclude_size = (CY_APPL_LOADABLE == 0x1)?SIZEOF (.cy_checksum_exclude):0x0
                0x00000001                ASSERT ((cy_checksum_exclude_size <= CY_CHECKSUM_EXCLUDE_SIZE), CY_BOOT: Section .cy_checksum_exclude size exceedes specified limit.)
                0x00007fc0                cyloadermeta_start = (cy_project_type_bootloader || cy_project_type_app_for_stack_and_copier)?(LENGTH (rom) - CY_METADATA_SIZE):0xf0000000

.cyloadermeta
 *(.cyloadermeta)
                0x00007fc0                cyloadablemeta_start = cy_project_type_app_for_stack_and_copier?((LENGTH (rom) - CY_FLASH_ROW_SIZE) - CY_METADATA_SIZE):((LENGTH (rom) - (CY_FLASH_ROW_SIZE * (CY_APPL_NUM - 0x1))) - CY_METADATA_SIZE)

.cyloadablemeta
 *(.cyloadablemeta)

.cyflashprotect
                0x90400000       0x20
 *(.cyflashprotect)
 .cyflashprotect
                0x90400000       0x20 .\CortexM0p\ARM_GCC_541\Debug\cymetadata.o
                0x90400000                cy_meta_flashprotect

.cymeta         0x90500000        0xc
 *(.cymeta)
 .cymeta        0x90500000        0xc .\CortexM0p\ARM_GCC_541\Debug\cymetadata.o
                0x90500000                cy_metadata

.cychipprotect  0x90600000        0x1
 *(.cychipprotect)
 .cychipprotect
                0x90600000        0x1 .\CortexM0p\ARM_GCC_541\Debug\cymetadata.o
                0x90600000                cy_meta_chipprotect

.rel.dyn        0x00000ec8        0x0 load address 0x90600004
 .rel.iplt      0x00000ec8        0x0 c:/program files (x86)/cypress/psoc creator/4.2/psoc creator/import/gnu/arm/5.4.1/bin/../lib/gcc/arm-none-eabi/5.4.1/armv6-m/crtbegin.o

.stab
 *(.stab)

.stabstr
 *(.stabstr)

.debug
 *(.debug)

.line
 *(.line)

.debug_srcinfo
 *(.debug_srcinfo)

.debug_sfnames
 *(.debug_sfnames)

.debug_aranges  0x00000000      0x9b8
 *(.debug_aranges)
 .debug_aranges
                0x00000000       0x30 .\CortexM0p\ARM_GCC_541\Debug\main.o
 .debug_aranges
                0x00000030       0x28 .\CortexM0p\ARM_GCC_541\Debug\cyfitter_cfg.o
 .debug_aranges
                0x00000058       0x18 .\CortexM0p\ARM_GCC_541\Debug\cymetadata.o
 .debug_aranges
                0x00000070       0x48 .\CortexM0p\ARM_GCC_541\Debug\Cm0plusStart.o
 .debug_aranges
                0x000000b8       0x50 .\CortexM0p\ARM_GCC_541\Debug\01_Echo_Rx_P4S.a(UART.o)
 .debug_aranges
                0x00000108       0x48 .\CortexM0p\ARM_GCC_541\Debug\01_Echo_Rx_P4S.a(IRQ.o)
 .debug_aranges
                0x00000150       0x80 .\CortexM0p\ARM_GCC_541\Debug\01_Echo_Rx_P4S.a(isr_IRQ.o)
 .debug_aranges
                0x000001d0       0x48 .\CortexM0p\ARM_GCC_541\Debug\01_Echo_Rx_P4S.a(LED.o)
 .debug_aranges
                0x00000218      0x210 .\CortexM0p\ARM_GCC_541\Debug\01_Echo_Rx_P4S.a(nRF24_FUNCS.o)
 .debug_aranges
                0x00000428       0x68 .\CortexM0p\ARM_GCC_541\Debug\01_Echo_Rx_P4S.a(nRF24_COMMANDS.o)
 .debug_aranges
                0x00000490       0x68 .\CortexM0p\ARM_GCC_541\Debug\01_Echo_Rx_P4S.a(nRF24_HAL.o)
 .debug_aranges
                0x000004f8      0x190 .\CortexM0p\ARM_GCC_541\Debug\01_Echo_Rx_P4S.a(CyLib.o)
 .debug_aranges
                0x00000688       0xd8 .\CortexM0p\ARM_GCC_541\Debug\01_Echo_Rx_P4S.a(CyLFClk.o)
 .debug_aranges
                0x00000760       0x20 .\CortexM0p\ARM_GCC_541\Debug\01_Echo_Rx_P4S.a(UART_AsmGnu.o)
 .debug_aranges
                0x00000780       0x20 .\CortexM0p\ARM_GCC_541\Debug\01_Echo_Rx_P4S.a(CyBootAsmGnu.o)
 .debug_aranges
                0x000007a0       0x58 .\CortexM0p\ARM_GCC_541\Debug\01_Echo_Rx_P4S.a(SPI.o)
 .debug_aranges
                0x000007f8       0x60 .\CortexM0p\ARM_GCC_541\Debug\01_Echo_Rx_P4S.a(SPI_SPI_UART.o)
 .debug_aranges
                0x00000858       0x40 .\CortexM0p\ARM_GCC_541\Debug\01_Echo_Rx_P4S.a(SPI_SPI.o)
 .debug_aranges
                0x00000898       0x48 .\CortexM0p\ARM_GCC_541\Debug\01_Echo_Rx_P4S.a(SS.o)
 .debug_aranges
                0x000008e0       0x48 .\CortexM0p\ARM_GCC_541\Debug\01_Echo_Rx_P4S.a(CE.o)
 .debug_aranges
                0x00000928       0x48 .\CortexM0p\ARM_GCC_541\Debug\01_Echo_Rx_P4S.a(SPI_sclk_m.o)
 .debug_aranges
                0x00000970       0x48 .\CortexM0p\ARM_GCC_541\Debug\01_Echo_Rx_P4S.a(CyFlash.o)

.debug_pubnames
 *(.debug_pubnames)

.debug_info     0x00000000     0x5775
 *(.debug_info .gnu.linkonce.wi.*)
 .debug_info    0x00000000      0x674 .\CortexM0p\ARM_GCC_541\Debug\main.o
 .debug_info    0x00000674       0xfb .\CortexM0p\ARM_GCC_541\Debug\cyfitter_cfg.o
 .debug_info    0x0000076f       0xf8 .\CortexM0p\ARM_GCC_541\Debug\cymetadata.o
 .debug_info    0x00000867      0x3a5 .\CortexM0p\ARM_GCC_541\Debug\Cm0plusStart.o
 .debug_info    0x00000c0c      0x2c4 .\CortexM0p\ARM_GCC_541\Debug\01_Echo_Rx_P4S.a(UART.o)
 .debug_info    0x00000ed0      0x19d .\CortexM0p\ARM_GCC_541\Debug\01_Echo_Rx_P4S.a(IRQ.o)
 .debug_info    0x0000106d      0x305 .\CortexM0p\ARM_GCC_541\Debug\01_Echo_Rx_P4S.a(isr_IRQ.o)
 .debug_info    0x00001372      0x19d .\CortexM0p\ARM_GCC_541\Debug\01_Echo_Rx_P4S.a(LED.o)
 .debug_info    0x0000150f     0x15c5 .\CortexM0p\ARM_GCC_541\Debug\01_Echo_Rx_P4S.a(nRF24_FUNCS.o)
 .debug_info    0x00002ad4      0x5cb .\CortexM0p\ARM_GCC_541\Debug\01_Echo_Rx_P4S.a(nRF24_COMMANDS.o)
 .debug_info    0x0000309f      0x6a8 .\CortexM0p\ARM_GCC_541\Debug\01_Echo_Rx_P4S.a(nRF24_HAL.o)
 .debug_info    0x00003747      0xbcd .\CortexM0p\ARM_GCC_541\Debug\01_Echo_Rx_P4S.a(CyLib.o)
 .debug_info    0x00004314      0x444 .\CortexM0p\ARM_GCC_541\Debug\01_Echo_Rx_P4S.a(CyLFClk.o)
 .debug_info    0x00004758       0x9a .\CortexM0p\ARM_GCC_541\Debug\01_Echo_Rx_P4S.a(UART_AsmGnu.o)
 .debug_info    0x000047f2       0x9b .\CortexM0p\ARM_GCC_541\Debug\01_Echo_Rx_P4S.a(CyBootAsmGnu.o)
 .debug_info    0x0000488d      0x23a .\CortexM0p\ARM_GCC_541\Debug\01_Echo_Rx_P4S.a(SPI.o)
 .debug_info    0x00004ac7      0x220 .\CortexM0p\ARM_GCC_541\Debug\01_Echo_Rx_P4S.a(SPI_SPI_UART.o)
 .debug_info    0x00004ce7      0x1a0 .\CortexM0p\ARM_GCC_541\Debug\01_Echo_Rx_P4S.a(SPI_SPI.o)
 .debug_info    0x00004e87      0x19d .\CortexM0p\ARM_GCC_541\Debug\01_Echo_Rx_P4S.a(SS.o)
 .debug_info    0x00005024      0x19d .\CortexM0p\ARM_GCC_541\Debug\01_Echo_Rx_P4S.a(CE.o)
 .debug_info    0x000051c1      0x19d .\CortexM0p\ARM_GCC_541\Debug\01_Echo_Rx_P4S.a(SPI_sclk_m.o)
 .debug_info    0x0000535e      0x417 .\CortexM0p\ARM_GCC_541\Debug\01_Echo_Rx_P4S.a(CyFlash.o)

.debug_abbrev   0x00000000     0x179d
 *(.debug_abbrev)
 .debug_abbrev  0x00000000      0x128 .\CortexM0p\ARM_GCC_541\Debug\main.o
 .debug_abbrev  0x00000128       0xa3 .\CortexM0p\ARM_GCC_541\Debug\cyfitter_cfg.o
 .debug_abbrev  0x000001cb       0x5d .\CortexM0p\ARM_GCC_541\Debug\cymetadata.o
 .debug_abbrev  0x00000228      0x1d0 .\CortexM0p\ARM_GCC_541\Debug\Cm0plusStart.o
 .debug_abbrev  0x000003f8      0x109 .\CortexM0p\ARM_GCC_541\Debug\01_Echo_Rx_P4S.a(UART.o)
 .debug_abbrev  0x00000501       0xc8 .\CortexM0p\ARM_GCC_541\Debug\01_Echo_Rx_P4S.a(IRQ.o)
 .debug_abbrev  0x000005c9      0x19a .\CortexM0p\ARM_GCC_541\Debug\01_Echo_Rx_P4S.a(isr_IRQ.o)
 .debug_abbrev  0x00000763       0xc8 .\CortexM0p\ARM_GCC_541\Debug\01_Echo_Rx_P4S.a(LED.o)
 .debug_abbrev  0x0000082b      0x1c9 .\CortexM0p\ARM_GCC_541\Debug\01_Echo_Rx_P4S.a(nRF24_FUNCS.o)
 .debug_abbrev  0x000009f4      0x148 .\CortexM0p\ARM_GCC_541\Debug\01_Echo_Rx_P4S.a(nRF24_COMMANDS.o)
 .debug_abbrev  0x00000b3c      0x173 .\CortexM0p\ARM_GCC_541\Debug\01_Echo_Rx_P4S.a(nRF24_HAL.o)
 .debug_abbrev  0x00000caf      0x202 .\CortexM0p\ARM_GCC_541\Debug\01_Echo_Rx_P4S.a(CyLib.o)
 .debug_abbrev  0x00000eb1      0x1af .\CortexM0p\ARM_GCC_541\Debug\01_Echo_Rx_P4S.a(CyLFClk.o)
 .debug_abbrev  0x00001060       0x14 .\CortexM0p\ARM_GCC_541\Debug\01_Echo_Rx_P4S.a(UART_AsmGnu.o)
 .debug_abbrev  0x00001074       0x14 .\CortexM0p\ARM_GCC_541\Debug\01_Echo_Rx_P4S.a(CyBootAsmGnu.o)
 .debug_abbrev  0x00001088       0xd5 .\CortexM0p\ARM_GCC_541\Debug\01_Echo_Rx_P4S.a(SPI.o)
 .debug_abbrev  0x0000115d      0x14f .\CortexM0p\ARM_GCC_541\Debug\01_Echo_Rx_P4S.a(SPI_SPI_UART.o)
 .debug_abbrev  0x000012ac       0xfb .\CortexM0p\ARM_GCC_541\Debug\01_Echo_Rx_P4S.a(SPI_SPI.o)
 .debug_abbrev  0x000013a7       0xc8 .\CortexM0p\ARM_GCC_541\Debug\01_Echo_Rx_P4S.a(SS.o)
 .debug_abbrev  0x0000146f       0xc8 .\CortexM0p\ARM_GCC_541\Debug\01_Echo_Rx_P4S.a(CE.o)
 .debug_abbrev  0x00001537       0xc8 .\CortexM0p\ARM_GCC_541\Debug\01_Echo_Rx_P4S.a(SPI_sclk_m.o)
 .debug_abbrev  0x000015ff      0x19e .\CortexM0p\ARM_GCC_541\Debug\01_Echo_Rx_P4S.a(CyFlash.o)

.debug_line     0x00000000     0x261d
 *(.debug_line)
 .debug_line    0x00000000      0x24f .\CortexM0p\ARM_GCC_541\Debug\main.o
 .debug_line    0x0000024f       0x85 .\CortexM0p\ARM_GCC_541\Debug\cyfitter_cfg.o
 .debug_line    0x000002d4      0x141 .\CortexM0p\ARM_GCC_541\Debug\cymetadata.o
 .debug_line    0x00000415      0x247 .\CortexM0p\ARM_GCC_541\Debug\Cm0plusStart.o
 .debug_line    0x0000065c       0xea .\CortexM0p\ARM_GCC_541\Debug\01_Echo_Rx_P4S.a(UART.o)
 .debug_line    0x00000746       0xbb .\CortexM0p\ARM_GCC_541\Debug\01_Echo_Rx_P4S.a(IRQ.o)
 .debug_line    0x00000801      0x14f .\CortexM0p\ARM_GCC_541\Debug\01_Echo_Rx_P4S.a(isr_IRQ.o)
 .debug_line    0x00000950       0xbb .\CortexM0p\ARM_GCC_541\Debug\01_Echo_Rx_P4S.a(LED.o)
 .debug_line    0x00000a0b      0x6e2 .\CortexM0p\ARM_GCC_541\Debug\01_Echo_Rx_P4S.a(nRF24_FUNCS.o)
 .debug_line    0x000010ed      0x2ac .\CortexM0p\ARM_GCC_541\Debug\01_Echo_Rx_P4S.a(nRF24_COMMANDS.o)
 .debug_line    0x00001399      0x300 .\CortexM0p\ARM_GCC_541\Debug\01_Echo_Rx_P4S.a(nRF24_HAL.o)
 .debug_line    0x00001699      0x4dc .\CortexM0p\ARM_GCC_541\Debug\01_Echo_Rx_P4S.a(CyLib.o)
 .debug_line    0x00001b75      0x284 .\CortexM0p\ARM_GCC_541\Debug\01_Echo_Rx_P4S.a(CyLFClk.o)
 .debug_line    0x00001df9       0x9d .\CortexM0p\ARM_GCC_541\Debug\01_Echo_Rx_P4S.a(UART_AsmGnu.o)
 .debug_line    0x00001e96       0x68 .\CortexM0p\ARM_GCC_541\Debug\01_Echo_Rx_P4S.a(CyBootAsmGnu.o)
 .debug_line    0x00001efe      0x108 .\CortexM0p\ARM_GCC_541\Debug\01_Echo_Rx_P4S.a(SPI.o)
 .debug_line    0x00002006      0x119 .\CortexM0p\ARM_GCC_541\Debug\01_Echo_Rx_P4S.a(SPI_SPI_UART.o)
 .debug_line    0x0000211f       0xe7 .\CortexM0p\ARM_GCC_541\Debug\01_Echo_Rx_P4S.a(SPI_SPI.o)
 .debug_line    0x00002206       0xba .\CortexM0p\ARM_GCC_541\Debug\01_Echo_Rx_P4S.a(SS.o)
 .debug_line    0x000022c0       0xba .\CortexM0p\ARM_GCC_541\Debug\01_Echo_Rx_P4S.a(CE.o)
 .debug_line    0x0000237a       0xc2 .\CortexM0p\ARM_GCC_541\Debug\01_Echo_Rx_P4S.a(SPI_sclk_m.o)
 .debug_line    0x0000243c      0x1e1 .\CortexM0p\ARM_GCC_541\Debug\01_Echo_Rx_P4S.a(CyFlash.o)

.debug_frame    0x00000000     0x1af4
 *(.debug_frame)
 .debug_frame   0x00000000       0x64 .\CortexM0p\ARM_GCC_541\Debug\main.o
 .debug_frame   0x00000064       0x48 .\CortexM0p\ARM_GCC_541\Debug\cyfitter_cfg.o
 .debug_frame   0x000000ac       0xbc .\CortexM0p\ARM_GCC_541\Debug\Cm0plusStart.o
 .debug_frame   0x00000168       0xc8 .\CortexM0p\ARM_GCC_541\Debug\01_Echo_Rx_P4S.a(UART.o)
 .debug_frame   0x00000230       0x70 .\CortexM0p\ARM_GCC_541\Debug\01_Echo_Rx_P4S.a(IRQ.o)
 .debug_frame   0x000002a0      0x110 .\CortexM0p\ARM_GCC_541\Debug\01_Echo_Rx_P4S.a(isr_IRQ.o)
 .debug_frame   0x000003b0       0x70 .\CortexM0p\ARM_GCC_541\Debug\01_Echo_Rx_P4S.a(LED.o)
 .debug_frame   0x00000420      0x6ac .\CortexM0p\ARM_GCC_541\Debug\01_Echo_Rx_P4S.a(nRF24_FUNCS.o)
 .debug_frame   0x00000acc      0x158 .\CortexM0p\ARM_GCC_541\Debug\01_Echo_Rx_P4S.a(nRF24_COMMANDS.o)
 .debug_frame   0x00000c24      0x15c .\CortexM0p\ARM_GCC_541\Debug\01_Echo_Rx_P4S.a(nRF24_HAL.o)
 .debug_frame   0x00000d80      0x418 .\CortexM0p\ARM_GCC_541\Debug\01_Echo_Rx_P4S.a(CyLib.o)
 .debug_frame   0x00001198      0x1dc .\CortexM0p\ARM_GCC_541\Debug\01_Echo_Rx_P4S.a(CyLFClk.o)
 .debug_frame   0x00001374       0xd8 .\CortexM0p\ARM_GCC_541\Debug\01_Echo_Rx_P4S.a(SPI.o)
 .debug_frame   0x0000144c       0xb0 .\CortexM0p\ARM_GCC_541\Debug\01_Echo_Rx_P4S.a(SPI_SPI_UART.o)
 .debug_frame   0x000014fc       0x78 .\CortexM0p\ARM_GCC_541\Debug\01_Echo_Rx_P4S.a(SPI_SPI.o)
 .debug_frame   0x00001574       0x70 .\CortexM0p\ARM_GCC_541\Debug\01_Echo_Rx_P4S.a(SS.o)
 .debug_frame   0x000015e4       0x70 .\CortexM0p\ARM_GCC_541\Debug\01_Echo_Rx_P4S.a(CE.o)
 .debug_frame   0x00001654       0x70 .\CortexM0p\ARM_GCC_541\Debug\01_Echo_Rx_P4S.a(SPI_sclk_m.o)
 .debug_frame   0x000016c4       0xa8 .\CortexM0p\ARM_GCC_541\Debug\01_Echo_Rx_P4S.a(CyFlash.o)
 .debug_frame   0x0000176c       0x20 c:/program files (x86)/cypress/psoc creator/4.2/psoc creator/import/gnu/arm/5.4.1/bin/../lib/gcc/arm-none-eabi/5.4.1/armv6-m\libgcc.a(_udivsi3.o)
 .debug_frame   0x0000178c       0x20 c:/program files (x86)/cypress/psoc creator/4.2/psoc creator/import/gnu/arm/5.4.1/bin/../lib/gcc/arm-none-eabi/5.4.1/../../../../arm-none-eabi/lib/armv6-m\libg_nano.a(lib_a-errno.o)
 .debug_frame   0x000017ac       0x28 c:/program files (x86)/cypress/psoc creator/4.2/psoc creator/import/gnu/arm/5.4.1/bin/../lib/gcc/arm-none-eabi/5.4.1/../../../../arm-none-eabi/lib/armv6-m\libg_nano.a(lib_a-exit.o)
 .debug_frame   0x000017d4       0x2c c:/program files (x86)/cypress/psoc creator/4.2/psoc creator/import/gnu/arm/5.4.1/bin/../lib/gcc/arm-none-eabi/5.4.1/../../../../arm-none-eabi/lib/armv6-m\libg_nano.a(lib_a-init.o)
 .debug_frame   0x00001800       0x28 c:/program files (x86)/cypress/psoc creator/4.2/psoc creator/import/gnu/arm/5.4.1/bin/../lib/gcc/arm-none-eabi/5.4.1/../../../../arm-none-eabi/lib/armv6-m\libg_nano.a(lib_a-memcpy-stub.o)
 .debug_frame   0x00001828       0x20 c:/program files (x86)/cypress/psoc creator/4.2/psoc creator/import/gnu/arm/5.4.1/bin/../lib/gcc/arm-none-eabi/5.4.1/../../../../arm-none-eabi/lib/armv6-m\libg_nano.a(lib_a-memset.o)
 .debug_frame   0x00001848       0x50 c:/program files (x86)/cypress/psoc creator/4.2/psoc creator/import/gnu/arm/5.4.1/bin/../lib/gcc/arm-none-eabi/5.4.1/../../../../arm-none-eabi/lib/armv6-m\libg_nano.a(lib_a-sprintf.o)
 .debug_frame   0x00001898       0x74 c:/program files (x86)/cypress/psoc creator/4.2/psoc creator/import/gnu/arm/5.4.1/bin/../lib/gcc/arm-none-eabi/5.4.1/../../../../arm-none-eabi/lib/armv6-m\libg_nano.a(lib_a-nano-svfprintf.o)
 .debug_frame   0x0000190c       0x54 c:/program files (x86)/cypress/psoc creator/4.2/psoc creator/import/gnu/arm/5.4.1/bin/../lib/gcc/arm-none-eabi/5.4.1/../../../../arm-none-eabi/lib/armv6-m\libg_nano.a(lib_a-nano-vfprintf_i.o)
 .debug_frame   0x00001960       0x20 c:/program files (x86)/cypress/psoc creator/4.2/psoc creator/import/gnu/arm/5.4.1/bin/../lib/gcc/arm-none-eabi/5.4.1/../../../../arm-none-eabi/lib/armv6-m\libg_nano.a(lib_a-memchr-stub.o)
 .debug_frame   0x00001980       0x28 c:/program files (x86)/cypress/psoc creator/4.2/psoc creator/import/gnu/arm/5.4.1/bin/../lib/gcc/arm-none-eabi/5.4.1/../../../../arm-none-eabi/lib/armv6-m\libg_nano.a(lib_a-memmove.o)
 .debug_frame   0x000019a8       0x2c c:/program files (x86)/cypress/psoc creator/4.2/psoc creator/import/gnu/arm/5.4.1/bin/../lib/gcc/arm-none-eabi/5.4.1/../../../../arm-none-eabi/lib/armv6-m\libg_nano.a(lib_a-nano-freer.o)
 .debug_frame   0x000019d4       0x2c c:/program files (x86)/cypress/psoc creator/4.2/psoc creator/import/gnu/arm/5.4.1/bin/../lib/gcc/arm-none-eabi/5.4.1/../../../../arm-none-eabi/lib/armv6-m\libg_nano.a(lib_a-nano-mallocr.o)
 .debug_frame   0x00001a00       0x30 c:/program files (x86)/cypress/psoc creator/4.2/psoc creator/import/gnu/arm/5.4.1/bin/../lib/gcc/arm-none-eabi/5.4.1/../../../../arm-none-eabi/lib/armv6-m\libg_nano.a(lib_a-nano-reallocr.o)
 .debug_frame   0x00001a30       0x2c c:/program files (x86)/cypress/psoc creator/4.2/psoc creator/import/gnu/arm/5.4.1/bin/../lib/gcc/arm-none-eabi/5.4.1/../../../../arm-none-eabi/lib/armv6-m\libg_nano.a(lib_a-sbrkr.o)
 .debug_frame   0x00001a5c       0x30 c:/program files (x86)/cypress/psoc creator/4.2/psoc creator/import/gnu/arm/5.4.1/bin/../lib/gcc/arm-none-eabi/5.4.1/../../../../arm-none-eabi/lib/armv6-m\libg_nano.a(lib_a-mlock.o)
 .debug_frame   0x00001a8c       0x20 c:/program files (x86)/cypress/psoc creator/4.2/psoc creator/import/gnu/arm/5.4.1/bin/../lib/gcc/arm-none-eabi/5.4.1/../../../../arm-none-eabi/lib/armv6-m\libg_nano.a(lib_a-nano-msizer.o)
 .debug_frame   0x00001aac       0x48 c:/program files (x86)/cypress/psoc creator/4.2/psoc creator/import/gnu/arm/5.4.1/bin/../lib/gcc/arm-none-eabi/5.4.1/../../../../arm-none-eabi/lib/armv6-m\libg_nano.a(lib_a-reent.o)

.debug_str      0x00000000     0x27c3
 *(.debug_str)
 .debug_str     0x00000000      0x850 .\CortexM0p\ARM_GCC_541\Debug\main.o
                                0x8b2 (size before relaxing)
 .debug_str     0x00000850       0x60 .\CortexM0p\ARM_GCC_541\Debug\cyfitter_cfg.o
                                0x1ea (size before relaxing)
 .debug_str     0x000008b0       0x59 .\CortexM0p\ARM_GCC_541\Debug\cymetadata.o
                                0x1d7 (size before relaxing)
 .debug_str     0x00000909      0x156 .\CortexM0p\ARM_GCC_541\Debug\Cm0plusStart.o
                                0x31e (size before relaxing)
 .debug_str     0x00000a5f       0xe1 .\CortexM0p\ARM_GCC_541\Debug\01_Echo_Rx_P4S.a(UART.o)
                                0x2a6 (size before relaxing)
 .debug_str     0x00000b40       0x90 .\CortexM0p\ARM_GCC_541\Debug\01_Echo_Rx_P4S.a(IRQ.o)
                                0x237 (size before relaxing)
 .debug_str     0x00000bd0      0x146 .\CortexM0p\ARM_GCC_541\Debug\01_Echo_Rx_P4S.a(isr_IRQ.o)
                                0x315 (size before relaxing)
 .debug_str     0x00000d16       0x66 .\CortexM0p\ARM_GCC_541\Debug\01_Echo_Rx_P4S.a(LED.o)
                                0x237 (size before relaxing)
 .debug_str     0x00000d7c      0xb60 .\CortexM0p\ARM_GCC_541\Debug\01_Echo_Rx_P4S.a(nRF24_FUNCS.o)
                               0x13bf (size before relaxing)
 .debug_str     0x000018dc      0x15c .\CortexM0p\ARM_GCC_541\Debug\01_Echo_Rx_P4S.a(nRF24_COMMANDS.o)
                                0x425 (size before relaxing)
 .debug_str     0x00001a38      0x122 .\CortexM0p\ARM_GCC_541\Debug\01_Echo_Rx_P4S.a(nRF24_HAL.o)
                                0x60d (size before relaxing)
 .debug_str     0x00001b5a      0x4dc .\CortexM0p\ARM_GCC_541\Debug\01_Echo_Rx_P4S.a(CyLib.o)
                                0x71a (size before relaxing)
 .debug_str     0x00002036      0x2d9 .\CortexM0p\ARM_GCC_541\Debug\01_Echo_Rx_P4S.a(CyLFClk.o)
                                0x4c9 (size before relaxing)
 .debug_str     0x0000230f       0xe7 .\CortexM0p\ARM_GCC_541\Debug\01_Echo_Rx_P4S.a(SPI.o)
                                0x295 (size before relaxing)
 .debug_str     0x000023f6       0xb1 .\CortexM0p\ARM_GCC_541\Debug\01_Echo_Rx_P4S.a(SPI_SPI_UART.o)
                                0x2d3 (size before relaxing)
 .debug_str     0x000024a7       0x94 .\CortexM0p\ARM_GCC_541\Debug\01_Echo_Rx_P4S.a(SPI_SPI.o)
                                0x26b (size before relaxing)
 .debug_str     0x0000253b       0x69 .\CortexM0p\ARM_GCC_541\Debug\01_Echo_Rx_P4S.a(SS.o)
                                0x230 (size before relaxing)
 .debug_str     0x000025a4       0x69 .\CortexM0p\ARM_GCC_541\Debug\01_Echo_Rx_P4S.a(CE.o)
                                0x230 (size before relaxing)
 .debug_str     0x0000260d       0x99 .\CortexM0p\ARM_GCC_541\Debug\01_Echo_Rx_P4S.a(SPI_sclk_m.o)
                                0x268 (size before relaxing)
 .debug_str     0x000026a6      0x11d .\CortexM0p\ARM_GCC_541\Debug\01_Echo_Rx_P4S.a(CyFlash.o)
                                0x331 (size before relaxing)

.debug_loc      0x00000000     0x1fce
 *(.debug_loc)
 .debug_loc     0x00000000       0x13 .\CortexM0p\ARM_GCC_541\Debug\main.o
 .debug_loc     0x00000013      0x14f .\CortexM0p\ARM_GCC_541\Debug\Cm0plusStart.o
 .debug_loc     0x00000162      0x12d .\CortexM0p\ARM_GCC_541\Debug\01_Echo_Rx_P4S.a(UART.o)
 .debug_loc     0x0000028f       0xa2 .\CortexM0p\ARM_GCC_541\Debug\01_Echo_Rx_P4S.a(IRQ.o)
 .debug_loc     0x00000331       0x82 .\CortexM0p\ARM_GCC_541\Debug\01_Echo_Rx_P4S.a(isr_IRQ.o)
 .debug_loc     0x000003b3       0xa2 .\CortexM0p\ARM_GCC_541\Debug\01_Echo_Rx_P4S.a(LED.o)
 .debug_loc     0x00000455      0x599 .\CortexM0p\ARM_GCC_541\Debug\01_Echo_Rx_P4S.a(nRF24_FUNCS.o)
 .debug_loc     0x000009ee      0x33e .\CortexM0p\ARM_GCC_541\Debug\01_Echo_Rx_P4S.a(nRF24_COMMANDS.o)
 .debug_loc     0x00000d2c      0x3fd .\CortexM0p\ARM_GCC_541\Debug\01_Echo_Rx_P4S.a(nRF24_HAL.o)
 .debug_loc     0x00001129      0x5d9 .\CortexM0p\ARM_GCC_541\Debug\01_Echo_Rx_P4S.a(CyLib.o)
 .debug_loc     0x00001702      0x354 .\CortexM0p\ARM_GCC_541\Debug\01_Echo_Rx_P4S.a(CyLFClk.o)
 .debug_loc     0x00001a56       0x7e .\CortexM0p\ARM_GCC_541\Debug\01_Echo_Rx_P4S.a(SPI.o)
 .debug_loc     0x00001ad4       0x96 .\CortexM0p\ARM_GCC_541\Debug\01_Echo_Rx_P4S.a(SPI_SPI_UART.o)
 .debug_loc     0x00001b6a       0xc1 .\CortexM0p\ARM_GCC_541\Debug\01_Echo_Rx_P4S.a(SPI_SPI.o)
 .debug_loc     0x00001c2b       0xa2 .\CortexM0p\ARM_GCC_541\Debug\01_Echo_Rx_P4S.a(SS.o)
 .debug_loc     0x00001ccd       0xa2 .\CortexM0p\ARM_GCC_541\Debug\01_Echo_Rx_P4S.a(CE.o)
 .debug_loc     0x00001d6f       0xa2 .\CortexM0p\ARM_GCC_541\Debug\01_Echo_Rx_P4S.a(SPI_sclk_m.o)
 .debug_loc     0x00001e11      0x1bd .\CortexM0p\ARM_GCC_541\Debug\01_Echo_Rx_P4S.a(CyFlash.o)

.debug_macinfo
 *(.debug_macinfo)

.debug_ranges   0x00000000      0x830
 *(.debug_ranges)
 .debug_ranges  0x00000000       0x20 .\CortexM0p\ARM_GCC_541\Debug\main.o
 .debug_ranges  0x00000020       0x18 .\CortexM0p\ARM_GCC_541\Debug\cyfitter_cfg.o
 .debug_ranges  0x00000038       0x38 .\CortexM0p\ARM_GCC_541\Debug\Cm0plusStart.o
 .debug_ranges  0x00000070       0x40 .\CortexM0p\ARM_GCC_541\Debug\01_Echo_Rx_P4S.a(UART.o)
 .debug_ranges  0x000000b0       0x38 .\CortexM0p\ARM_GCC_541\Debug\01_Echo_Rx_P4S.a(IRQ.o)
 .debug_ranges  0x000000e8       0x70 .\CortexM0p\ARM_GCC_541\Debug\01_Echo_Rx_P4S.a(isr_IRQ.o)
 .debug_ranges  0x00000158       0x38 .\CortexM0p\ARM_GCC_541\Debug\01_Echo_Rx_P4S.a(LED.o)
 .debug_ranges  0x00000190      0x200 .\CortexM0p\ARM_GCC_541\Debug\01_Echo_Rx_P4S.a(nRF24_FUNCS.o)
 .debug_ranges  0x00000390       0x58 .\CortexM0p\ARM_GCC_541\Debug\01_Echo_Rx_P4S.a(nRF24_COMMANDS.o)
 .debug_ranges  0x000003e8       0x58 .\CortexM0p\ARM_GCC_541\Debug\01_Echo_Rx_P4S.a(nRF24_HAL.o)
 .debug_ranges  0x00000440      0x180 .\CortexM0p\ARM_GCC_541\Debug\01_Echo_Rx_P4S.a(CyLib.o)
 .debug_ranges  0x000005c0       0xc8 .\CortexM0p\ARM_GCC_541\Debug\01_Echo_Rx_P4S.a(CyLFClk.o)
 .debug_ranges  0x00000688       0x48 .\CortexM0p\ARM_GCC_541\Debug\01_Echo_Rx_P4S.a(SPI.o)
 .debug_ranges  0x000006d0       0x50 .\CortexM0p\ARM_GCC_541\Debug\01_Echo_Rx_P4S.a(SPI_SPI_UART.o)
 .debug_ranges  0x00000720       0x30 .\CortexM0p\ARM_GCC_541\Debug\01_Echo_Rx_P4S.a(SPI_SPI.o)
 .debug_ranges  0x00000750       0x38 .\CortexM0p\ARM_GCC_541\Debug\01_Echo_Rx_P4S.a(SS.o)
 .debug_ranges  0x00000788       0x38 .\CortexM0p\ARM_GCC_541\Debug\01_Echo_Rx_P4S.a(CE.o)
 .debug_ranges  0x000007c0       0x38 .\CortexM0p\ARM_GCC_541\Debug\01_Echo_Rx_P4S.a(SPI_sclk_m.o)
 .debug_ranges  0x000007f8       0x38 .\CortexM0p\ARM_GCC_541\Debug\01_Echo_Rx_P4S.a(CyFlash.o)

.comment        0x00000000       0x6e
 .comment       0x00000000       0x6e .\CortexM0p\ARM_GCC_541\Debug\main.o
                                 0x6f (size before relaxing)
 .comment       0x0000006e       0x6f .\CortexM0p\ARM_GCC_541\Debug\cyfitter_cfg.o
 .comment       0x0000006e       0x6f .\CortexM0p\ARM_GCC_541\Debug\cymetadata.o
 .comment       0x0000006e       0x6f .\CortexM0p\ARM_GCC_541\Debug\Cm0plusStart.o
 .comment       0x0000006e       0x6f .\CortexM0p\ARM_GCC_541\Debug\01_Echo_Rx_P4S.a(UART.o)
 .comment       0x0000006e       0x6f .\CortexM0p\ARM_GCC_541\Debug\01_Echo_Rx_P4S.a(IRQ.o)
 .comment       0x0000006e       0x6f .\CortexM0p\ARM_GCC_541\Debug\01_Echo_Rx_P4S.a(isr_IRQ.o)
 .comment       0x0000006e       0x6f .\CortexM0p\ARM_GCC_541\Debug\01_Echo_Rx_P4S.a(LED.o)
 .comment       0x0000006e       0x6f .\CortexM0p\ARM_GCC_541\Debug\01_Echo_Rx_P4S.a(nRF24_FUNCS.o)
 .comment       0x0000006e       0x6f .\CortexM0p\ARM_GCC_541\Debug\01_Echo_Rx_P4S.a(nRF24_COMMANDS.o)
 .comment       0x0000006e       0x6f .\CortexM0p\ARM_GCC_541\Debug\01_Echo_Rx_P4S.a(nRF24_HAL.o)
 .comment       0x0000006e       0x6f .\CortexM0p\ARM_GCC_541\Debug\01_Echo_Rx_P4S.a(CyLib.o)
 .comment       0x0000006e       0x6f .\CortexM0p\ARM_GCC_541\Debug\01_Echo_Rx_P4S.a(CyLFClk.o)
 .comment       0x0000006e       0x6f .\CortexM0p\ARM_GCC_541\Debug\01_Echo_Rx_P4S.a(SPI.o)
 .comment       0x0000006e       0x6f .\CortexM0p\ARM_GCC_541\Debug\01_Echo_Rx_P4S.a(SPI_SPI_UART.o)
 .comment       0x0000006e       0x6f .\CortexM0p\ARM_GCC_541\Debug\01_Echo_Rx_P4S.a(SPI_SPI.o)
 .comment       0x0000006e       0x6f .\CortexM0p\ARM_GCC_541\Debug\01_Echo_Rx_P4S.a(SS.o)
 .comment       0x0000006e       0x6f .\CortexM0p\ARM_GCC_541\Debug\01_Echo_Rx_P4S.a(CE.o)
 .comment       0x0000006e       0x6f .\CortexM0p\ARM_GCC_541\Debug\01_Echo_Rx_P4S.a(SPI_sclk_m.o)
 .comment       0x0000006e       0x6f .\CortexM0p\ARM_GCC_541\Debug\01_Echo_Rx_P4S.a(CyFlash.o)

.debug_weaknames
 *(.debug_weaknames)

.debug_funcnames
 *(.debug_funcnames)

.debug_typenames
 *(.debug_typenames)

.debug_varnames
 *(.debug_varnames)

.note.gnu.arm.ident
 *(.note.gnu.arm.ident)

.ARM.attributes
                0x00000000       0x28
 *(.ARM.attributes)
 .ARM.attributes
                0x00000000       0x1e c:/program files (x86)/cypress/psoc creator/4.2/psoc creator/import/gnu/arm/5.4.1/bin/../lib/gcc/arm-none-eabi/5.4.1/armv6-m/crti.o
 .ARM.attributes
                0x0000001e       0x2c c:/program files (x86)/cypress/psoc creator/4.2/psoc creator/import/gnu/arm/5.4.1/bin/../lib/gcc/arm-none-eabi/5.4.1/armv6-m/crtbegin.o
 .ARM.attributes
                0x0000004a       0x1b c:/program files (x86)/cypress/psoc creator/4.2/psoc creator/import/gnu/arm/5.4.1/bin/../lib/gcc/arm-none-eabi/5.4.1/../../../../arm-none-eabi/lib/armv6-m/crt0.o
 .ARM.attributes
                0x00000065       0x32 .\CortexM0p\ARM_GCC_541\Debug\main.o
 .ARM.attributes
                0x00000097       0x32 .\CortexM0p\ARM_GCC_541\Debug\cyfitter_cfg.o
 .ARM.attributes
                0x000000c9       0x32 .\CortexM0p\ARM_GCC_541\Debug\cymetadata.o
 .ARM.attributes
                0x000000fb       0x32 .\CortexM0p\ARM_GCC_541\Debug\Cm0plusStart.o
 .ARM.attributes
                0x0000012d       0x32 .\CortexM0p\ARM_GCC_541\Debug\01_Echo_Rx_P4S.a(UART.o)
 .ARM.attributes
                0x0000015f       0x32 .\CortexM0p\ARM_GCC_541\Debug\01_Echo_Rx_P4S.a(IRQ.o)
 .ARM.attributes
                0x00000191       0x32 .\CortexM0p\ARM_GCC_541\Debug\01_Echo_Rx_P4S.a(isr_IRQ.o)
 .ARM.attributes
                0x000001c3       0x32 .\CortexM0p\ARM_GCC_541\Debug\01_Echo_Rx_P4S.a(LED.o)
 .ARM.attributes
                0x000001f5       0x32 .\CortexM0p\ARM_GCC_541\Debug\01_Echo_Rx_P4S.a(nRF24_FUNCS.o)
 .ARM.attributes
                0x00000227       0x32 .\CortexM0p\ARM_GCC_541\Debug\01_Echo_Rx_P4S.a(nRF24_COMMANDS.o)
 .ARM.attributes
                0x00000259       0x32 .\CortexM0p\ARM_GCC_541\Debug\01_Echo_Rx_P4S.a(nRF24_HAL.o)
 .ARM.attributes
                0x0000028b       0x32 .\CortexM0p\ARM_GCC_541\Debug\01_Echo_Rx_P4S.a(CyLib.o)
 .ARM.attributes
                0x000002bd       0x32 .\CortexM0p\ARM_GCC_541\Debug\01_Echo_Rx_P4S.a(CyLFClk.o)
 .ARM.attributes
                0x000002ef       0x22 .\CortexM0p\ARM_GCC_541\Debug\01_Echo_Rx_P4S.a(UART_AsmGnu.o)
 .ARM.attributes
                0x00000311       0x22 .\CortexM0p\ARM_GCC_541\Debug\01_Echo_Rx_P4S.a(CyBootAsmGnu.o)
 .ARM.attributes
                0x00000333       0x32 .\CortexM0p\ARM_GCC_541\Debug\01_Echo_Rx_P4S.a(SPI.o)
 .ARM.attributes
                0x00000365       0x32 .\CortexM0p\ARM_GCC_541\Debug\01_Echo_Rx_P4S.a(SPI_SPI_UART.o)
 .ARM.attributes
                0x00000397       0x32 .\CortexM0p\ARM_GCC_541\Debug\01_Echo_Rx_P4S.a(SPI_SPI.o)
 .ARM.attributes
                0x000003c9       0x32 .\CortexM0p\ARM_GCC_541\Debug\01_Echo_Rx_P4S.a(SS.o)
 .ARM.attributes
                0x000003fb       0x32 .\CortexM0p\ARM_GCC_541\Debug\01_Echo_Rx_P4S.a(CE.o)
 .ARM.attributes
                0x0000042d       0x32 .\CortexM0p\ARM_GCC_541\Debug\01_Echo_Rx_P4S.a(SPI_sclk_m.o)
 .ARM.attributes
                0x0000045f       0x32 .\CortexM0p\ARM_GCC_541\Debug\01_Echo_Rx_P4S.a(CyFlash.o)
 .ARM.attributes
                0x00000491       0x1e c:/program files (x86)/cypress/psoc creator/4.2/psoc creator/import/gnu/arm/5.4.1/bin/../lib/gcc/arm-none-eabi/5.4.1/armv6-m\libgcc.a(_udivsi3.o)
 .ARM.attributes
                0x000004af       0x1e c:/program files (x86)/cypress/psoc creator/4.2/psoc creator/import/gnu/arm/5.4.1/bin/../lib/gcc/arm-none-eabi/5.4.1/armv6-m\libgcc.a(_dvmd_tls.o)
 .ARM.attributes
                0x000004cd       0x2c c:/program files (x86)/cypress/psoc creator/4.2/psoc creator/import/gnu/arm/5.4.1/bin/../lib/gcc/arm-none-eabi/5.4.1/../../../../arm-none-eabi/lib/armv6-m\libg_nano.a(lib_a-errno.o)
 .ARM.attributes
                0x000004f9       0x2c c:/program files (x86)/cypress/psoc creator/4.2/psoc creator/import/gnu/arm/5.4.1/bin/../lib/gcc/arm-none-eabi/5.4.1/../../../../arm-none-eabi/lib/armv6-m\libg_nano.a(lib_a-exit.o)
 .ARM.attributes
                0x00000525       0x2c c:/program files (x86)/cypress/psoc creator/4.2/psoc creator/import/gnu/arm/5.4.1/bin/../lib/gcc/arm-none-eabi/5.4.1/../../../../arm-none-eabi/lib/armv6-m\libg_nano.a(lib_a-impure.o)
 .ARM.attributes
                0x00000551       0x2c c:/program files (x86)/cypress/psoc creator/4.2/psoc creator/import/gnu/arm/5.4.1/bin/../lib/gcc/arm-none-eabi/5.4.1/../../../../arm-none-eabi/lib/armv6-m\libg_nano.a(lib_a-init.o)
 .ARM.attributes
                0x0000057d       0x2c c:/program files (x86)/cypress/psoc creator/4.2/psoc creator/import/gnu/arm/5.4.1/bin/../lib/gcc/arm-none-eabi/5.4.1/../../../../arm-none-eabi/lib/armv6-m\libg_nano.a(lib_a-memcpy-stub.o)
 .ARM.attributes
                0x000005a9       0x2c c:/program files (x86)/cypress/psoc creator/4.2/psoc creator/import/gnu/arm/5.4.1/bin/../lib/gcc/arm-none-eabi/5.4.1/../../../../arm-none-eabi/lib/armv6-m\libg_nano.a(lib_a-memset.o)
 .ARM.attributes
                0x000005d5       0x2c c:/program files (x86)/cypress/psoc creator/4.2/psoc creator/import/gnu/arm/5.4.1/bin/../lib/gcc/arm-none-eabi/5.4.1/../../../../arm-none-eabi/lib/armv6-m\libg_nano.a(lib_a-sprintf.o)
 .ARM.attributes
                0x00000601       0x2c c:/program files (x86)/cypress/psoc creator/4.2/psoc creator/import/gnu/arm/5.4.1/bin/../lib/gcc/arm-none-eabi/5.4.1/../../../../arm-none-eabi/lib/armv6-m\libg_nano.a(lib_a-nano-svfprintf.o)
 .ARM.attributes
                0x0000062d       0x2c c:/program files (x86)/cypress/psoc creator/4.2/psoc creator/import/gnu/arm/5.4.1/bin/../lib/gcc/arm-none-eabi/5.4.1/../../../../arm-none-eabi/lib/armv6-m\libg_nano.a(lib_a-nano-vfprintf_i.o)
 .ARM.attributes
                0x00000659       0x2c c:/program files (x86)/cypress/psoc creator/4.2/psoc creator/import/gnu/arm/5.4.1/bin/../lib/gcc/arm-none-eabi/5.4.1/../../../../arm-none-eabi/lib/armv6-m\libg_nano.a(lib_a-memchr-stub.o)
 .ARM.attributes
                0x00000685       0x2c c:/program files (x86)/cypress/psoc creator/4.2/psoc creator/import/gnu/arm/5.4.1/bin/../lib/gcc/arm-none-eabi/5.4.1/../../../../arm-none-eabi/lib/armv6-m\libg_nano.a(lib_a-memmove.o)
 .ARM.attributes
                0x000006b1       0x2c c:/program files (x86)/cypress/psoc creator/4.2/psoc creator/import/gnu/arm/5.4.1/bin/../lib/gcc/arm-none-eabi/5.4.1/../../../../arm-none-eabi/lib/armv6-m\libg_nano.a(lib_a-nano-freer.o)
 .ARM.attributes
                0x000006dd       0x2c c:/program files (x86)/cypress/psoc creator/4.2/psoc creator/import/gnu/arm/5.4.1/bin/../lib/gcc/arm-none-eabi/5.4.1/../../../../arm-none-eabi/lib/armv6-m\libg_nano.a(lib_a-nano-mallocr.o)
 .ARM.attributes
                0x00000709       0x2c c:/program files (x86)/cypress/psoc creator/4.2/psoc creator/import/gnu/arm/5.4.1/bin/../lib/gcc/arm-none-eabi/5.4.1/../../../../arm-none-eabi/lib/armv6-m\libg_nano.a(lib_a-nano-reallocr.o)
 .ARM.attributes
                0x00000735       0x2c c:/program files (x86)/cypress/psoc creator/4.2/psoc creator/import/gnu/arm/5.4.1/bin/../lib/gcc/arm-none-eabi/5.4.1/../../../../arm-none-eabi/lib/armv6-m\libg_nano.a(lib_a-sbrkr.o)
 .ARM.attributes
                0x00000761       0x2c c:/program files (x86)/cypress/psoc creator/4.2/psoc creator/import/gnu/arm/5.4.1/bin/../lib/gcc/arm-none-eabi/5.4.1/../../../../arm-none-eabi/lib/armv6-m\libg_nano.a(lib_a-mlock.o)
 .ARM.attributes
                0x0000078d       0x2c c:/program files (x86)/cypress/psoc creator/4.2/psoc creator/import/gnu/arm/5.4.1/bin/../lib/gcc/arm-none-eabi/5.4.1/../../../../arm-none-eabi/lib/armv6-m\libg_nano.a(lib_a-nano-msizer.o)
 .ARM.attributes
                0x000007b9       0x2c c:/program files (x86)/cypress/psoc creator/4.2/psoc creator/import/gnu/arm/5.4.1/bin/../lib/gcc/arm-none-eabi/5.4.1/../../../../arm-none-eabi/lib/armv6-m\libg_nano.a(lib_a-reent.o)
 .ARM.attributes
                0x000007e5       0x2c c:/program files (x86)/cypress/psoc creator/4.2/psoc creator/import/gnu/arm/5.4.1/bin/../lib/gcc/arm-none-eabi/5.4.1/armv6-m/crtend.o
 .ARM.attributes
                0x00000811       0x1e c:/program files (x86)/cypress/psoc creator/4.2/psoc creator/import/gnu/arm/5.4.1/bin/../lib/gcc/arm-none-eabi/5.4.1/armv6-m/crtn.o

/DISCARD/
 *(.note.GNU-stack)
OUTPUT(C:\Users\d3bug\Documents\Creator\nRF24_Example_Projects\01_Echo_Rx_P4S.cydsn\CortexM0p\ARM_GCC_541\Debug\01_Echo_Rx_P4S.elf elf32-littlearm)
