Archive member included to satisfy reference by file (symbol)

.\CortexM0p\ARM_GCC_541\Debug\02_EnhancedShockBurst_Rx.a(nRF24_FUNCS.o)
                              .\CortexM0p\ARM_GCC_541\Debug\main.o (nRF24_set_rx_pipe_address)
.\CortexM0p\ARM_GCC_541\Debug\02_EnhancedShockBurst_Rx.a(nRF24_COMMANDS.o)
                              .\CortexM0p\ARM_GCC_541\Debug\02_EnhancedShockBurst_Rx.a(nRF24_FUNCS.o) (nRF24_cmd_reuse_tx_payload)
.\CortexM0p\ARM_GCC_541\Debug\02_EnhancedShockBurst_Rx.a(nRF24_HAL.o)
                              .\CortexM0p\ARM_GCC_541\Debug\02_EnhancedShockBurst_Rx.a(nRF24_FUNCS.o) (nRF24_ss_write)
.\CortexM0p\ARM_GCC_541\Debug\02_EnhancedShockBurst_Rx.a(UART.o)
                              .\CortexM0p\ARM_GCC_541\Debug\main.o (UART_Start)
.\CortexM0p\ARM_GCC_541\Debug\02_EnhancedShockBurst_Rx.a(SPI.o)
                              .\CortexM0p\ARM_GCC_541\Debug\02_EnhancedShockBurst_Rx.a(nRF24_FUNCS.o) (SPI_Start)
.\CortexM0p\ARM_GCC_541\Debug\02_EnhancedShockBurst_Rx.a(SPI_SPI_UART.o)
                              .\CortexM0p\ARM_GCC_541\Debug\02_EnhancedShockBurst_Rx.a(nRF24_HAL.o) (SPI_SpiUartReadRxData)
.\CortexM0p\ARM_GCC_541\Debug\02_EnhancedShockBurst_Rx.a(SPI_SPI.o)
                              .\CortexM0p\ARM_GCC_541\Debug\02_EnhancedShockBurst_Rx.a(SPI.o) (SPI_SpiPostEnable)
.\CortexM0p\ARM_GCC_541\Debug\02_EnhancedShockBurst_Rx.a(IRQ.o)
                              .\CortexM0p\ARM_GCC_541\Debug\main.o (IRQ_ClearInterrupt)
.\CortexM0p\ARM_GCC_541\Debug\02_EnhancedShockBurst_Rx.a(isr_IRQ.o)
                              .\CortexM0p\ARM_GCC_541\Debug\main.o (isr_IRQ_StartEx)
.\CortexM0p\ARM_GCC_541\Debug\02_EnhancedShockBurst_Rx.a(SS.o)
                              .\CortexM0p\ARM_GCC_541\Debug\02_EnhancedShockBurst_Rx.a(nRF24_HAL.o) (SS_Write)
.\CortexM0p\ARM_GCC_541\Debug\02_EnhancedShockBurst_Rx.a(CE.o)
                              .\CortexM0p\ARM_GCC_541\Debug\02_EnhancedShockBurst_Rx.a(nRF24_HAL.o) (CE_Write)
.\CortexM0p\ARM_GCC_541\Debug\02_EnhancedShockBurst_Rx.a(SPI_sclk_m.o)
                              .\CortexM0p\ARM_GCC_541\Debug\02_EnhancedShockBurst_Rx.a(SPI_SPI.o) (SPI_sclk_m_Write)
.\CortexM0p\ARM_GCC_541\Debug\02_EnhancedShockBurst_Rx.a(CyLib.o)
                              .\CortexM0p\ARM_GCC_541\Debug\Cm0plusStart.o (CyHalt)
.\CortexM0p\ARM_GCC_541\Debug\02_EnhancedShockBurst_Rx.a(CyLFClk.o)
                              .\CortexM0p\ARM_GCC_541\Debug\02_EnhancedShockBurst_Rx.a(CyLib.o) (CySysClkWcoEnabled)
.\CortexM0p\ARM_GCC_541\Debug\02_EnhancedShockBurst_Rx.a(LED.o)
                              .\CortexM0p\ARM_GCC_541\Debug\main.o (LED_Write)
.\CortexM0p\ARM_GCC_541\Debug\02_EnhancedShockBurst_Rx.a(UART_AsmGnu.o)
                              .\CortexM0p\ARM_GCC_541\Debug\main.o (UART_PutChar)
.\CortexM0p\ARM_GCC_541\Debug\02_EnhancedShockBurst_Rx.a(CyBootAsmGnu.o)
                              .\CortexM0p\ARM_GCC_541\Debug\02_EnhancedShockBurst_Rx.a(CyLib.o) (CyDelayCycles)
.\CortexM0p\ARM_GCC_541\Debug\02_EnhancedShockBurst_Rx.a(CyFlash.o)
                              .\CortexM0p\ARM_GCC_541\Debug\02_EnhancedShockBurst_Rx.a(CyLib.o) (CySysFlashSetWaitCycles)
c:/program files (x86)/cypress/psoc creator/4.2/psoc creator/import/gnu/arm/5.4.1/bin/../lib/gcc/arm-none-eabi/5.4.1/armv6-m\libgcc.a(_udivsi3.o)
                              .\CortexM0p\ARM_GCC_541\Debug\02_EnhancedShockBurst_Rx.a(CyLib.o) (__aeabi_uidiv)
c:/program files (x86)/cypress/psoc creator/4.2/psoc creator/import/gnu/arm/5.4.1/bin/../lib/gcc/arm-none-eabi/5.4.1/armv6-m\libgcc.a(_dvmd_tls.o)
                              c:/program files (x86)/cypress/psoc creator/4.2/psoc creator/import/gnu/arm/5.4.1/bin/../lib/gcc/arm-none-eabi/5.4.1/armv6-m\libgcc.a(_udivsi3.o) (__aeabi_idiv0)
c:/program files (x86)/cypress/psoc creator/4.2/psoc creator/import/gnu/arm/5.4.1/bin/../lib/gcc/arm-none-eabi/5.4.1/../../../../arm-none-eabi/lib/armv6-m\libg_nano.a(lib_a-errno.o)
                              .\CortexM0p\ARM_GCC_541\Debug\Cm0plusStart.o (__errno)
c:/program files (x86)/cypress/psoc creator/4.2/psoc creator/import/gnu/arm/5.4.1/bin/../lib/gcc/arm-none-eabi/5.4.1/../../../../arm-none-eabi/lib/armv6-m\libg_nano.a(lib_a-exit.o)
                              c:/program files (x86)/cypress/psoc creator/4.2/psoc creator/import/gnu/arm/5.4.1/bin/../lib/gcc/arm-none-eabi/5.4.1/../../../../arm-none-eabi/lib/armv6-m/crt0.o (exit)
c:/program files (x86)/cypress/psoc creator/4.2/psoc creator/import/gnu/arm/5.4.1/bin/../lib/gcc/arm-none-eabi/5.4.1/../../../../arm-none-eabi/lib/armv6-m\libg_nano.a(lib_a-impure.o)
                              c:/program files (x86)/cypress/psoc creator/4.2/psoc creator/import/gnu/arm/5.4.1/bin/../lib/gcc/arm-none-eabi/5.4.1/../../../../arm-none-eabi/lib/armv6-m\libg_nano.a(lib_a-exit.o) (_global_impure_ptr)
[...]
Memory Configuration

Name             Origin             Length             Attributes
rom              0x00000000         0x00008000         xr
ram              0x20000000         0x00001000         xrw
*default*        0x00000000         0xffffffff

Linker script and memory map

LOAD c:/program files (x86)/cypress/psoc creator/4.2/psoc creator/import/gnu/arm/5.4.1/bin/../lib/gcc/arm-none-eabi/5.4.1/armv6-m/crti.o
LOAD c:/program files (x86)/cypress/psoc creator/4.2/psoc creator/import/gnu/arm/5.4.1/bin/../lib/gcc/arm-none-eabi/5.4.1/armv6-m/crtbegin.o
LOAD c:/program files (x86)/cypress/psoc creator/4.2/psoc creator/import/gnu/arm/5.4.1/bin/../lib/gcc/arm-none-eabi/5.4.1/../../../../arm-none-eabi/lib/armv6-m/crt0.o
START GROUP
LOAD .\CortexM0p\ARM_GCC_541\Debug\main.o
LOAD .\CortexM0p\ARM_GCC_541\Debug\cyfitter_cfg.o
LOAD .\CortexM0p\ARM_GCC_541\Debug\cymetadata.o
LOAD .\CortexM0p\ARM_GCC_541\Debug\Cm0plusStart.o
LOAD .\CortexM0p\ARM_GCC_541\Debug\02_EnhancedShockBurst_Rx.a
END GROUP
START GROUP
LOAD c:/program files (x86)/cypress/psoc creator/4.2/psoc creator/import/gnu/arm/5.4.1/bin/../lib/gcc/arm-none-eabi/5.4.1/armv6-m\libgcc.a
LOAD c:/program files (x86)/cypress/psoc creator/4.2/psoc creator/import/gnu/arm/5.4.1/bin/../lib/gcc/arm-none-eabi/5.4.1/../../../../arm-none-eabi/lib/armv6-m\libg_nano.a
LOAD c:/program files (x86)/cypress/psoc creator/4.2/psoc creator/import/gnu/arm/5.4.1/bin/../lib/gcc/arm-none-eabi/5.4.1/../../../../arm-none-eabi/lib/armv6-m\libc_nano.a
END GROUP
START GROUP
LOAD c:/program files (x86)/cypress/psoc creator/4.2/psoc creator/import/gnu/arm/5.4.1/bin/../lib/gcc/arm-none-eabi/5.4.1/armv6-m\libgcc.a
LOAD c:/program files (x86)/cypress/psoc creator/4.2/psoc creator/import/gnu/arm/5.4.1/bin/../lib/gcc/arm-none-eabi/5.4.1/../../../../arm-none-eabi/lib/armv6-m\libc_nano.a
END GROUP
LOAD c:/program files (x86)/cypress/psoc creator/4.2/psoc creator/import/gnu/arm/5.4.1/bin/../lib/gcc/arm-none-eabi/5.4.1/armv6-m/crtend.o
LOAD c:/program files (x86)/cypress/psoc creator/4.2/psoc creator/import/gnu/arm/5.4.1/bin/../lib/gcc/arm-none-eabi/5.4.1/armv6-m/crtn.o
START GROUP
LOAD c:/program files (x86)/cypress/psoc creator/4.2/psoc creator/import/gnu/arm/5.4.1/bin/../lib/gcc/arm-none-eabi/5.4.1/armv6-m\libgcc.a
LOAD c:/program files (x86)/cypress/psoc creator/4.2/psoc creator/import/gnu/arm/5.4.1/bin/../lib/gcc/arm-none-eabi/5.4.1/../../../../arm-none-eabi/lib/armv6-m\libc.a
LOAD c:/program files (x86)/cypress/psoc creator/4.2/psoc creator/import/gnu/arm/5.4.1/bin/../lib/gcc/arm-none-eabi/5.4.1/../../../../arm-none-eabi/lib/armv6-m\libnosys.a
END GROUP
                0x00000000                CY_APPL_ORIGIN = 0x0
                0x00000080                CY_FLASH_ROW_SIZE = 0x80
                0x00000001                CY_APPL_NUM = 0x1
                0x00000001                CY_APPL_MAX = 0x1
                0x00000040                CY_METADATA_SIZE = 0x40
                0x00000000                CY_APPL_LOADABLE = 0x0
                0x00000000                CY_CHECKSUM_EXCLUDE_SIZE = ALIGN (0x0, CY_FLASH_ROW_SIZE)
                0x00000000                CY_APP_FOR_STACK_AND_COPIER = 0x0
                [!provide]                PROVIDE (__cy_heap_start, _end)
                0x00000001                PROVIDE (__cy_region_num, ((__cy_regions_end - __cy_regions) / 0x10))
                0x20001000                PROVIDE (__cy_stack, (ORIGIN (ram) + LENGTH (ram)))
                [!provide]                PROVIDE (__cy_heap_end, (__cy_stack - 0x800))

.cybootloader   0x00000000        0x0
 *(.cybootloader)
                0x00000000                appl1_start = CY_APPL_ORIGIN?CY_APPL_ORIGIN:ALIGN (CY_FLASH_ROW_SIZE)
                0x00003f80                appl2_start = (appl1_start + ALIGN ((((LENGTH (rom) - appl1_start) - (0x2 * CY_FLASH_ROW_SIZE)) / 0x2), CY_FLASH_ROW_SIZE))
                0x00000000                appl_start = (CY_APPL_NUM == 0x1)?appl1_start:appl2_start
                0x00000001                cy_project_type_bootloader = (appl_start == 0x0)?0x1:0x0
                0x00000000                cy_project_type_app_for_stack_and_copier = (CY_APP_FOR_STACK_AND_COPIER == 0x1)?0x1:0x0

.text           0x00000000      0xdce
 CREATE_OBJECT_SYMBOLS
                0x00000000                PROVIDE (__cy_interrupt_vector, RomVectors)
 *(.romvectors)
 .romvectors    0x00000000       0x10 .\CortexM0p\ARM_GCC_541\Debug\Cm0plusStart.o
                0x00000000                RomVectors
                0x00000001                ASSERT ((. != __cy_interrupt_vector), No interrupt vector)
                0x00000001                ASSERT (CY_APPL_ORIGIN?(SIZEOF (.cybootloader) <= CY_APPL_ORIGIN):0x1, Wrong image location)
                0x00000010                PROVIDE (__cy_reset, Reset)
 *(.text.Reset)
 .text.Reset    0x00000010        0xc .\CortexM0p\ARM_GCC_541\Debug\Cm0plusStart.o
                0x00000010                Reset
                0x00000001                ASSERT ((. != __cy_reset), No reset code)
 *(.psocinit)
 .psocinit      0x0000001c       0xd4 .\CortexM0p\ARM_GCC_541\Debug\cyfitter_cfg.o
                0x00000064                cyfitter_cfg
                0x00000100                . = MAX (., 0x100)
 *fill*         0x000000f0       0x10 
 *(.text .text.* .gnu.linkonce.t.*)
 .text          0x00000100       0x60 c:/program files (x86)/cypress/psoc creator/4.2/psoc creator/import/gnu/arm/5.4.1/bin/../lib/gcc/arm-none-eabi/5.4.1/armv6-m/crtbegin.o
 .text.IRQ_Handler
                0x00000160       0x14 .\CortexM0p\ARM_GCC_541\Debug\main.o
                0x00000160                IRQ_Handler
 .text.main     0x00000174       0x90 .\CortexM0p\ARM_GCC_541\Debug\main.o
                0x00000174                main
 .text.IntDefaultHandler
                0x00000204       0x10 .\CortexM0p\ARM_GCC_541\Debug\Cm0plusStart.o
                0x00000204                IntDefaultHandler
 .text.Start_c  0x00000214       0x48 .\CortexM0p\ARM_GCC_541\Debug\Cm0plusStart.o
                0x00000214                Start_c
 .text.initialize_psoc
                0x0000025c       0x40 .\CortexM0p\ARM_GCC_541\Debug\Cm0plusStart.o
                0x0000025c                initialize_psoc
 .text._addr_width_conf_to_bytes
                0x0000029c       0x28 .\CortexM0p\ARM_GCC_541\Debug\02_EnhancedShockBurst_Rx.a(nRF24_FUNCS.o)
 .text.nRF24_init
                0x000002c4       0xa0 .\CortexM0p\ARM_GCC_541\Debug\02_EnhancedShockBurst_Rx.a(nRF24_FUNCS.o)
                0x000002c4                nRF24_init
 .text.nRF24_set_rx_pipe_address
                0x00000364       0x34 .\CortexM0p\ARM_GCC_541\Debug\02_EnhancedShockBurst_Rx.a(nRF24_FUNCS.o)
                0x00000364                nRF24_set_rx_pipe_address
 .text.nRF24_set_tx_address
                0x00000398       0x20 .\CortexM0p\ARM_GCC_541\Debug\02_EnhancedShockBurst_Rx.a(nRF24_FUNCS.o)
                0x00000398                nRF24_set_tx_address
 .text.nRF24_get_payload_size
                0x000003b8       0x18 .\CortexM0p\ARM_GCC_541\Debug\02_EnhancedShockBurst_Rx.a(nRF24_FUNCS.o)
                0x000003b8                nRF24_get_payload_size
 .text.nRF24_start_listening
                0x000003d0        0xc .\CortexM0p\ARM_GCC_541\Debug\02_EnhancedShockBurst_Rx.a(nRF24_FUNCS.o)
                0x000003d0                nRF24_start_listening
 .text.nRF24_get_rx_payload
                0x000003dc       0x20 .\CortexM0p\ARM_GCC_541\Debug\02_EnhancedShockBurst_Rx.a(nRF24_FUNCS.o)
                0x000003dc                nRF24_get_rx_payload
 .text.nRF24_clear_all_irqs
                0x000003fc       0x18 .\CortexM0p\ARM_GCC_541\Debug\02_EnhancedShockBurst_Rx.a(nRF24_FUNCS.o)
                0x000003fc                nRF24_clear_all_irqs
 .text.nRF24_start
                0x00000414       0x30 .\CortexM0p\ARM_GCC_541\Debug\02_EnhancedShockBurst_Rx.a(nRF24_FUNCS.o)
                0x00000414                nRF24_start
 .text.nRF24_clear_irq_flag
                0x00000444       0x1c .\CortexM0p\ARM_GCC_541\Debug\02_EnhancedShockBurst_Rx.a(nRF24_FUNCS.o)
                0x00000444                nRF24_clear_irq_flag
 .text.nRF24_get_irq_flag
                0x00000460       0x28 .\CortexM0p\ARM_GCC_541\Debug\02_EnhancedShockBurst_Rx.a(nRF24_FUNCS.o)
                0x00000460                nRF24_get_irq_flag
 .text.nRF24_send_cmd
                0x00000488       0x24 .\CortexM0p\ARM_GCC_541\Debug\02_EnhancedShockBurst_Rx.a(nRF24_COMMANDS.o)
 .text.nRF24_cmd_flush_rx
                0x000004ac        0xc .\CortexM0p\ARM_GCC_541\Debug\02_EnhancedShockBurst_Rx.a(nRF24_COMMANDS.o)
                0x000004ac                nRF24_cmd_flush_rx
 .text.nRF24_cmd_flush_tx
                0x000004b8        0xc .\CortexM0p\ARM_GCC_541\Debug\02_EnhancedShockBurst_Rx.a(nRF24_COMMANDS.o)
                0x000004b8                nRF24_cmd_flush_tx
 .text.nRF24_cmd_read_rx_payload
                0x000004c4       0x38 .\CortexM0p\ARM_GCC_541\Debug\02_EnhancedShockBurst_Rx.a(nRF24_COMMANDS.o)
                0x000004c4                nRF24_cmd_read_rx_payload
 .text.nRF24_cmd_nop
                0x000004fc        0xc .\CortexM0p\ARM_GCC_541\Debug\02_EnhancedShockBurst_Rx.a(nRF24_COMMANDS.o)
                0x000004fc                nRF24_cmd_nop
 .text.nRF24_spi_clear_fifo
                0x00000508        0xc .\CortexM0p\ARM_GCC_541\Debug\02_EnhancedShockBurst_Rx.a(nRF24_HAL.o)
 .text.nRF24_ss_write
                0x00000514       0x14 .\CortexM0p\ARM_GCC_541\Debug\02_EnhancedShockBurst_Rx.a(nRF24_HAL.o)
                0x00000514                nRF24_ss_write
 .text.nRF24_ce_write
                0x00000528       0x14 .\CortexM0p\ARM_GCC_541\Debug\02_EnhancedShockBurst_Rx.a(nRF24_HAL.o)
                0x00000528                nRF24_ce_write
 .text.nRF24_spi_xfer
                0x0000053c       0x44 .\CortexM0p\ARM_GCC_541\Debug\02_EnhancedShockBurst_Rx.a(nRF24_HAL.o)
                0x0000053c                nRF24_spi_xfer
 .text.nRF24_read_reg
                0x00000580       0x38 .\CortexM0p\ARM_GCC_541\Debug\02_EnhancedShockBurst_Rx.a(nRF24_HAL.o)
                0x00000580                nRF24_read_reg
 .text.nRF24_write_reg
                0x000005b8       0x38 .\CortexM0p\ARM_GCC_541\Debug\02_EnhancedShockBurst_Rx.a(nRF24_HAL.o)
                0x000005b8                nRF24_write_reg
 .text.UART_Start
                0x000005f0        0x4 .\CortexM0p\ARM_GCC_541\Debug\02_EnhancedShockBurst_Rx.a(UART.o)
                0x000005f0                UART_Start
 .text.UART_PutString
                0x000005f4       0x1c .\CortexM0p\ARM_GCC_541\Debug\02_EnhancedShockBurst_Rx.a(UART.o)
                0x000005f4                UART_PutString
 .text.SPI_ScbModePostEnable
                0x00000610        0x8 .\CortexM0p\ARM_GCC_541\Debug\02_EnhancedShockBurst_Rx.a(SPI.o)
 .text.SPI_Init
                0x00000618        0x8 .\CortexM0p\ARM_GCC_541\Debug\02_EnhancedShockBurst_Rx.a(SPI.o)
                0x00000618                SPI_Init
 .text.SPI_Enable
                0x00000620       0x18 .\CortexM0p\ARM_GCC_541\Debug\02_EnhancedShockBurst_Rx.a(SPI.o)
                0x00000620                SPI_Enable
 .text.SPI_Start
                0x00000638       0x20 .\CortexM0p\ARM_GCC_541\Debug\02_EnhancedShockBurst_Rx.a(SPI.o)
                0x00000638                SPI_Start
 .text.SPI_SpiUartReadRxData
                0x00000658        0xc .\CortexM0p\ARM_GCC_541\Debug\02_EnhancedShockBurst_Rx.a(SPI_SPI_UART.o)
                0x00000658                SPI_SpiUartReadRxData
 .text.SPI_SpiUartGetRxBufferSize
                0x00000664       0x10 .\CortexM0p\ARM_GCC_541\Debug\02_EnhancedShockBurst_Rx.a(SPI_SPI_UART.o)
                0x00000664                SPI_SpiUartGetRxBufferSize
 .text.SPI_SpiUartClearRxBuffer
                0x00000674       0x20 .\CortexM0p\ARM_GCC_541\Debug\02_EnhancedShockBurst_Rx.a(SPI_SPI_UART.o)
                0x00000674                SPI_SpiUartClearRxBuffer
 .text.SPI_SpiUartWriteTxData
                0x00000694       0x1c .\CortexM0p\ARM_GCC_541\Debug\02_EnhancedShockBurst_Rx.a(SPI_SPI_UART.o)
                0x00000694                SPI_SpiUartWriteTxData
 .text.SPI_SpiUartClearTxBuffer
                0x000006b0       0x20 .\CortexM0p\ARM_GCC_541\Debug\02_EnhancedShockBurst_Rx.a(SPI_SPI_UART.o)
                0x000006b0                SPI_SpiUartClearTxBuffer
 .text.SPI_SpiPostEnable
                0x000006d0       0x24 .\CortexM0p\ARM_GCC_541\Debug\02_EnhancedShockBurst_Rx.a(SPI_SPI.o)
                0x000006d0                SPI_SpiPostEnable
 .text.SPI_SpiSetActiveSlaveSelect
                0x000006f4       0x20 .\CortexM0p\ARM_GCC_541\Debug\02_EnhancedShockBurst_Rx.a(SPI_SPI.o)
                0x000006f4                SPI_SpiSetActiveSlaveSelect
 .text.SPI_SpiInit
                0x00000714       0x8c .\CortexM0p\ARM_GCC_541\Debug\02_EnhancedShockBurst_Rx.a(SPI_SPI.o)
                0x00000714                SPI_SpiInit
 .text.IRQ_ClearInterrupt
                0x000007a0       0x14 .\CortexM0p\ARM_GCC_541\Debug\02_EnhancedShockBurst_Rx.a(IRQ.o)
                0x000007a0                IRQ_ClearInterrupt
 .text.isr_IRQ_SetVector
                0x000007b4        0xc .\CortexM0p\ARM_GCC_541\Debug\02_EnhancedShockBurst_Rx.a(isr_IRQ.o)
                0x000007b4                isr_IRQ_SetVector
 .text.isr_IRQ_SetPriority
                0x000007c0       0x24 .\CortexM0p\ARM_GCC_541\Debug\02_EnhancedShockBurst_Rx.a(isr_IRQ.o)
                0x000007c0                isr_IRQ_SetPriority
 .text.isr_IRQ_Enable
                0x000007e4        0xc .\CortexM0p\ARM_GCC_541\Debug\02_EnhancedShockBurst_Rx.a(isr_IRQ.o)
                0x000007e4                isr_IRQ_Enable
 .text.isr_IRQ_Disable
                0x000007f0        0xc .\CortexM0p\ARM_GCC_541\Debug\02_EnhancedShockBurst_Rx.a(isr_IRQ.o)
                0x000007f0                isr_IRQ_Disable
 .text.isr_IRQ_StartEx
                0x000007fc       0x1c .\CortexM0p\ARM_GCC_541\Debug\02_EnhancedShockBurst_Rx.a(isr_IRQ.o)
                0x000007fc                isr_IRQ_StartEx
 .text.SS_Write
                0x00000818       0x18 .\CortexM0p\ARM_GCC_541\Debug\02_EnhancedShockBurst_Rx.a(SS.o)
                0x00000818                SS_Write
 .text.CE_Write
                0x00000830       0x18 .\CortexM0p\ARM_GCC_541\Debug\02_EnhancedShockBurst_Rx.a(CE.o)
                0x00000830                CE_Write
 .text.CySysClkImoDisableWcoLock
                0x00000848       0x4c .\CortexM0p\ARM_GCC_541\Debug\02_EnhancedShockBurst_Rx.a(CyLib.o)
                0x00000848                CySysClkImoDisableWcoLock
 .text.CySysClkImoGetWcoLock
                0x00000894       0x14 .\CortexM0p\ARM_GCC_541\Debug\02_EnhancedShockBurst_Rx.a(CyLib.o)
                0x00000894                CySysClkImoGetWcoLock
 .text.CyHalt   0x000008a8        0x4 .\CortexM0p\ARM_GCC_541\Debug\02_EnhancedShockBurst_Rx.a(CyLib.o)
                0x000008a8                CyHalt
 .text.CyDelay  0x000008ac       0x30 .\CortexM0p\ARM_GCC_541\Debug\02_EnhancedShockBurst_Rx.a(CyLib.o)
                0x000008ac                CyDelay
 .text.CySysClkImoEnableWcoLock
                0x000008dc       0xd0 .\CortexM0p\ARM_GCC_541\Debug\02_EnhancedShockBurst_Rx.a(CyLib.o)
                0x000008dc                CySysClkImoEnableWcoLock
 .text.CySysClkWriteImoFreq
                0x000009ac       0xd8 .\CortexM0p\ARM_GCC_541\Debug\02_EnhancedShockBurst_Rx.a(CyLib.o)
                0x000009ac                CySysClkWriteImoFreq
 .text.CyDelayUs
                0x00000a84       0x14 .\CortexM0p\ARM_GCC_541\Debug\02_EnhancedShockBurst_Rx.a(CyLib.o)
                0x00000a84                CyDelayUs
 .text.CySysClkWcoEnabled
                0x00000a98       0x14 .\CortexM0p\ARM_GCC_541\Debug\02_EnhancedShockBurst_Rx.a(CyLFClk.o)
                0x00000a98                CySysClkWcoEnabled
 .text.CySysWdtDisable
                0x00000aac       0x10 .\CortexM0p\ARM_GCC_541\Debug\02_EnhancedShockBurst_Rx.a(CyLFClk.o)
                0x00000aac                CySysWdtDisable
 .text.LED_Write
                0x00000abc       0x18 .\CortexM0p\ARM_GCC_541\Debug\02_EnhancedShockBurst_Rx.a(LED.o)
                0x00000abc                LED_Write
 .text.LED_Read
                0x00000ad4       0x10 .\CortexM0p\ARM_GCC_541\Debug\02_EnhancedShockBurst_Rx.a(LED.o)
                0x00000ad4                LED_Read
 *fill*         0x00000ae4       0x1c 
 .text          0x00000b00       0xd4 .\CortexM0p\ARM_GCC_541\Debug\02_EnhancedShockBurst_Rx.a(UART_AsmGnu.o)
                0x00000b00                UART_PutChar
 *fill*         0x00000bd4        0x4 
 .text          0x00000bd8       0x20 .\CortexM0p\ARM_GCC_541\Debug\02_EnhancedShockBurst_Rx.a(CyBootAsmGnu.o)
                0x00000bd8                CyDelayCycles
                0x00000bea                CyEnterCriticalSection
                0x00000bf2                CyExitCriticalSection
 .text.CySysFlashSetWaitCycles
                0x00000bf8       0x54 .\CortexM0p\ARM_GCC_541\Debug\02_EnhancedShockBurst_Rx.a(CyFlash.o)
                0x00000bf8                CySysFlashSetWaitCycles
 .text          0x00000c4c      0x114 c:/program files (x86)/cypress/psoc creator/4.2/psoc creator/import/gnu/arm/5.4.1/bin/../lib/gcc/arm-none-eabi/5.4.1/armv6-m\libgcc.a(_udivsi3.o)
                0x00000c4c                __aeabi_uidiv
                0x00000c4c                __udivsi3
                0x00000d58                __aeabi_uidivmod
 .text          0x00000d60        0x4 c:/program files (x86)/cypress/psoc creator/4.2/psoc creator/import/gnu/arm/5.4.1/bin/../lib/gcc/arm-none-eabi/5.4.1/armv6-m\libgcc.a(_dvmd_tls.o)
                0x00000d60                __aeabi_idiv0
                0x00000d60                __aeabi_ldiv0
 .text.__errno  0x00000d64        0xc c:/program files (x86)/cypress/psoc creator/4.2/psoc creator/import/gnu/arm/5.4.1/bin/../lib/gcc/arm-none-eabi/5.4.1/../../../../arm-none-eabi/lib/armv6-m\libg_nano.a(lib_a-errno.o)
                0x00000d64                __errno
 .text.__libc_init_array
                0x00000d70       0x4c c:/program files (x86)/cypress/psoc creator/4.2/psoc creator/import/gnu/arm/5.4.1/bin/../lib/gcc/arm-none-eabi/5.4.1/../../../../arm-none-eabi/lib/armv6-m\libg_nano.a(lib_a-init.o)
                0x00000d70                __libc_init_array
 .text.memcpy   0x00000dbc       0x12 c:/program files (x86)/cypress/psoc creator/4.2/psoc creator/import/gnu/arm/5.4.1/bin/../lib/gcc/arm-none-eabi/5.4.1/../../../../arm-none-eabi/lib/armv6-m\libg_nano.a(lib_a-memcpy-stub.o)
                0x00000dbc                memcpy
 *(.plt)
 *(.gnu.warning)
 *(.glue_7t)
 .glue_7t       0x00000dce        0x0 linker stubs
 *(.glue_7)
 .glue_7        0x00000dce        0x0 linker stubs
 *(.vfp11_veneer)
 .vfp11_veneer  0x00000dce        0x0 linker stubs
 *(.bootloader)
 *(.ARM.extab* .gnu.linkonce.armextab.*)
 *(.gcc_except_table)

.v4_bx          0x00000dd0        0x0
 .v4_bx         0x00000dd0        0x0 linker stubs

.iplt           0x00000dd0        0x0
 .iplt          0x00000dd0        0x0 c:/program files (x86)/cypress/psoc creator/4.2/psoc creator/import/gnu/arm/5.4.1/bin/../lib/gcc/arm-none-eabi/5.4.1/armv6-m/crtbegin.o

.eh_frame_hdr
 *(.eh_frame_hdr)

.eh_frame       0x00000dd0        0x4
 *(.eh_frame)
 .eh_frame      0x00000dd0        0x0 c:/program files (x86)/cypress/psoc creator/4.2/psoc creator/import/gnu/arm/5.4.1/bin/../lib/gcc/arm-none-eabi/5.4.1/armv6-m/crtbegin.o
 .eh_frame      0x00000dd0        0x4 c:/program files (x86)/cypress/psoc creator/4.2/psoc creator/import/gnu/arm/5.4.1/bin/../lib/gcc/arm-none-eabi/5.4.1/armv6-m/crtend.o
                [!provide]                PROVIDE (__exidx_start, .)

.ARM.exidx
 *(.ARM.exidx* .gnu.linkonce.armexidx.*)
                0x00000dd4                __exidx_end = .

.rodata         0x00000dd4       0x54
 *(.rodata .rodata.* .gnu.linkonce.r.*)
 .rodata        0x00000dd4        0x5 .\CortexM0p\ARM_GCC_541\Debug\main.o
 *fill*         0x00000dd9        0x3 
 .rodata.str1.4
                0x00000ddc       0x14 .\CortexM0p\ARM_GCC_541\Debug\main.o
 .rodata.str1.1
                0x00000df0        0x2 c:/program files (x86)/cypress/psoc creator/4.2/psoc creator/import/gnu/arm/5.4.1/bin/../lib/gcc/arm-none-eabi/5.4.1/../../../../arm-none-eabi/lib/armv6-m\libg_nano.a(lib_a-impure.o)
                0x00000df4                . = ALIGN (0x4)
 *fill*         0x00000df2        0x2 
 *(.init)
 .init          0x00000df4        0x4 c:/program files (x86)/cypress/psoc creator/4.2/psoc creator/import/gnu/arm/5.4.1/bin/../lib/gcc/arm-none-eabi/5.4.1/armv6-m/crti.o
                0x00000df4                _init
 .init          0x00000df8        0x8 c:/program files (x86)/cypress/psoc creator/4.2/psoc creator/import/gnu/arm/5.4.1/bin/../lib/gcc/arm-none-eabi/5.4.1/armv6-m/crtn.o
                0x00000e00                . = ALIGN (0x4)
                0x00000e00                __preinit_array_start = .
 *(.preinit_array)
                0x00000e00                __preinit_array_end = .
                0x00000e00                . = ALIGN (0x4)
                0x00000e00                __init_array_start = .
 *(SORT(.init_array.*))
 *(.init_array)
 .init_array    0x00000e00        0x4 c:/program files (x86)/cypress/psoc creator/4.2/psoc creator/import/gnu/arm/5.4.1/bin/../lib/gcc/arm-none-eabi/5.4.1/armv6-m/crtbegin.o
 .init_array    0x00000e04        0x4 .\CortexM0p\ARM_GCC_541\Debug\Cm0plusStart.o
                0x00000e08                __init_array_end = .
                0x00000e08                . = ALIGN (0x4)
 *(.fini)
 .fini          0x00000e08        0x4 c:/program files (x86)/cypress/psoc creator/4.2/psoc creator/import/gnu/arm/5.4.1/bin/../lib/gcc/arm-none-eabi/5.4.1/armv6-m/crti.o
                0x00000e08                _fini
 .fini          0x00000e0c        0x8 c:/program files (x86)/cypress/psoc creator/4.2/psoc creator/import/gnu/arm/5.4.1/bin/../lib/gcc/arm-none-eabi/5.4.1/armv6-m/crtn.o
                0x00000e14                . = ALIGN (0x4)
                0x00000e14                __fini_array_start = .
 *(.fini_array)
 .fini_array    0x00000e14        0x4 c:/program files (x86)/cypress/psoc creator/4.2/psoc creator/import/gnu/arm/5.4.1/bin/../lib/gcc/arm-none-eabi/5.4.1/armv6-m/crtbegin.o
 *(SORT(.fini_array.*))
                0x00000e18                __fini_array_end = .
                0x00000e18                . = ALIGN (0x4)
 *crtbegin.o(.ctors)
 *(EXCLUDE_FILE(*crtend.o) .ctors)
 *(SORT(.ctors.*))
 *crtend.o(.ctors)
                0x00000e18                . = ALIGN (0x4)
 *crtbegin.o(.dtors)
 *(EXCLUDE_FILE(*crtend.o) .dtors)
 *(SORT(.dtors.*))
 *crtend.o(.dtors)
                0x00000e18                . = ALIGN (0x4)
                0x00000e18                __cy_regions = .
                0x00000e18        0x4 LONG 0xe28 __cy_region_init_ram
                0x00000e1c        0x4 LONG 0x20000080 __cy_region_start_data
                0x00000e20        0x4 LONG 0x88 __cy_region_init_size_ram
                0x00000e24        0x4 LONG 0x30 __cy_region_zero_size_ram
                0x00000e28                __cy_regions_end = .
                0x00000e28                . = ALIGN (0x8)
                0x00000e28                _etext = .

.cy_checksum_exclude
                0x00000e28        0x0
 *(.cy_checksum_exclude)

.ramvectors     0x20000000       0x80
                0x20000000                __cy_region_start_ram = .
 *(.ramvectors)
 .ramvectors    0x20000000       0x80 .\CortexM0p\ARM_GCC_541\Debug\Cm0plusStart.o
                0x20000000                CyRamVectors

.noinit
 *(.noinit)

.data           0x20000080       0x88 load address 0x00000e28
                0x20000080                __cy_region_start_data = .
 *(.jcr)
 .jcr           0x20000080        0x0 c:/program files (x86)/cypress/psoc creator/4.2/psoc creator/import/gnu/arm/5.4.1/bin/../lib/gcc/arm-none-eabi/5.4.1/armv6-m/crtbegin.o
 .jcr           0x20000080        0x4 c:/program files (x86)/cypress/psoc creator/4.2/psoc creator/import/gnu/arm/5.4.1/bin/../lib/gcc/arm-none-eabi/5.4.1/armv6-m/crtend.o
 *(.got.plt)
 *(.got)
 *(.shdata)
 *(.data .data.* .gnu.linkonce.d.*)
 .data          0x20000084        0x1 .\CortexM0p\ARM_GCC_541\Debug\02_EnhancedShockBurst_Rx.a(nRF24_FUNCS.o)
 *fill*         0x20000085        0x3 
 .data          0x20000088        0x8 .\CortexM0p\ARM_GCC_541\Debug\02_EnhancedShockBurst_Rx.a(UART.o)
                0x20000088                UART_pinDrAdress
                0x2000008c                UART_pinNumber
 .data          0x20000090       0x14 .\CortexM0p\ARM_GCC_541\Debug\02_EnhancedShockBurst_Rx.a(CyLib.o)
                0x20000090                CySysClkPumpConfig
                0x20000094                cydelay32kMs
                0x20000098                cydelayFreqKhz
                0x2000009c                cydelayFreqMhz
                0x200000a0                cydelayFreqHz
 .data.impure_data
                0x200000a4       0x60 c:/program files (x86)/cypress/psoc creator/4.2/psoc creator/import/gnu/arm/5.4.1/bin/../lib/gcc/arm-none-eabi/5.4.1/../../../../arm-none-eabi/lib/armv6-m\libg_nano.a(lib_a-impure.o)
 .data._impure_ptr
                0x20000104        0x4 c:/program files (x86)/cypress/psoc creator/4.2/psoc creator/import/gnu/arm/5.4.1/bin/../lib/gcc/arm-none-eabi/5.4.1/../../../../arm-none-eabi/lib/armv6-m\libg_nano.a(lib_a-impure.o)
                0x20000104                _impure_ptr
                0x20000108                . = ALIGN (0x8)
 *(.ram)
                0x20000108                _edata = .

.igot.plt       0x20000108        0x0 load address 0x00000eb0
 .igot.plt      0x20000108        0x0 c:/program files (x86)/cypress/psoc creator/4.2/psoc creator/import/gnu/arm/5.4.1/bin/../lib/gcc/arm-none-eabi/5.4.1/armv6-m/crtbegin.o

.bss            0x20000108       0x30 load address 0x00000eb0
                0x20000108                PROVIDE (__bss_start__, .)
 *(.shbss)
 *(.bss .bss.* .gnu.linkonce.b.*)
 .bss           0x20000108       0x1c c:/program files (x86)/cypress/psoc creator/4.2/psoc creator/import/gnu/arm/5.4.1/bin/../lib/gcc/arm-none-eabi/5.4.1/armv6-m/crtbegin.o
 .bss           0x20000124        0x1 .\CortexM0p\ARM_GCC_541\Debug\main.o
                0x20000124                irq_flag
 *fill*         0x20000125        0x3 
 .bss           0x20000128        0x4 .\CortexM0p\ARM_GCC_541\Debug\02_EnhancedShockBurst_Rx.a(UART.o)
                0x20000128                UART_pinPortNumber
 .bss           0x2000012c        0x4 .\CortexM0p\ARM_GCC_541\Debug\02_EnhancedShockBurst_Rx.a(SPI.o)
                0x2000012c                SPI_initVar
                0x2000012e                SPI_IntrTxMask
 *(COMMON)
 COMMON         0x20000130        0x1 .\CortexM0p\ARM_GCC_541\Debug\main.o
                0x20000130                data
                0x20000138                . = ALIGN (0x8)
 *fill*         0x20000131        0x7 
 *(.ram.b)
                0x20000138                _end = .
                0x20000138                __end = .
                0x20000138                PROVIDE (end, .)
                0x20000138                PROVIDE (__bss_end__, .)
                0x00000e28                __cy_region_init_ram = LOADADDR (.data)
                0x00000088                __cy_region_init_size_ram = (_edata - ADDR (.data))
                0x00000030                __cy_region_zero_size_ram = (_end - _edata)

.heap           0x20000138       0x80 load address 0x00000eb0
                0x20000138                . = _end
                0x200001b8                . = (. + 0x80)
 *fill*         0x20000138       0x80 
                0x200001b8                __cy_heap_limit = .

.stack          0x20000800      0x800
                0x20000800                __cy_stack_limit = .
                0x20001000                . = (. + 0x800)
 *fill*         0x20000800      0x800 
                0x00000001                ASSERT ((__cy_stack_limit >= __cy_heap_limit), region RAM overflowed with stack)
                0x00000000                cy_checksum_exclude_size = (CY_APPL_LOADABLE == 0x1)?SIZEOF (.cy_checksum_exclude):0x0
                0x00000001                ASSERT ((cy_checksum_exclude_size <= CY_CHECKSUM_EXCLUDE_SIZE), CY_BOOT: Section .cy_checksum_exclude size exceedes specified limit.)
                0x00007fc0                cyloadermeta_start = (cy_project_type_bootloader || cy_project_type_app_for_stack_and_copier)?(LENGTH (rom) - CY_METADATA_SIZE):0xf0000000

.cyloadermeta
 *(.cyloadermeta)
                0x00007fc0                cyloadablemeta_start = cy_project_type_app_for_stack_and_copier?((LENGTH (rom) - CY_FLASH_ROW_SIZE) - CY_METADATA_SIZE):((LENGTH (rom) - (CY_FLASH_ROW_SIZE * (CY_APPL_NUM - 0x1))) - CY_METADATA_SIZE)

.cyloadablemeta
 *(.cyloadablemeta)

.cyflashprotect
                0x90400000       0x20
 *(.cyflashprotect)
 .cyflashprotect
                0x90400000       0x20 .\CortexM0p\ARM_GCC_541\Debug\cymetadata.o
                0x90400000                cy_meta_flashprotect

.cymeta         0x90500000        0xc
 *(.cymeta)
 .cymeta        0x90500000        0xc .\CortexM0p\ARM_GCC_541\Debug\cymetadata.o
                0x90500000                cy_metadata

.cychipprotect  0x90600000        0x1
 *(.cychipprotect)
 .cychipprotect
                0x90600000        0x1 .\CortexM0p\ARM_GCC_541\Debug\cymetadata.o
                0x90600000                cy_meta_chipprotect

.rel.dyn        0x00000eb0        0x0 load address 0x90600004
 .rel.iplt      0x00000eb0        0x0 c:/program files (x86)/cypress/psoc creator/4.2/psoc creator/import/gnu/arm/5.4.1/bin/../lib/gcc/arm-none-eabi/5.4.1/armv6-m/crtbegin.o

.stab
 *(.stab)

.stabstr
 *(.stabstr)

.debug
 *(.debug)

.line
 *(.line)

.debug_srcinfo
 *(.debug_srcinfo)

.debug_sfnames
 *(.debug_sfnames)

.debug_aranges  0x00000000      0x9b0
 *(.debug_aranges)
 .debug_aranges
                0x00000000       0x28 .\CortexM0p\ARM_GCC_541\Debug\main.o
 .debug_aranges
                0x00000028       0x28 .\CortexM0p\ARM_GCC_541\Debug\cyfitter_cfg.o
 .debug_aranges
                0x00000050       0x18 .\CortexM0p\ARM_GCC_541\Debug\cymetadata.o
 .debug_aranges
                0x00000068       0x48 .\CortexM0p\ARM_GCC_541\Debug\Cm0plusStart.o
 .debug_aranges
                0x000000b0      0x210 .\CortexM0p\ARM_GCC_541\Debug\02_EnhancedShockBurst_Rx.a(nRF24_FUNCS.o)
 .debug_aranges
                0x000002c0       0x68 .\CortexM0p\ARM_GCC_541\Debug\02_EnhancedShockBurst_Rx.a(nRF24_COMMANDS.o)
 .debug_aranges
                0x00000328       0x68 .\CortexM0p\ARM_GCC_541\Debug\02_EnhancedShockBurst_Rx.a(nRF24_HAL.o)
 .debug_aranges
                0x00000390       0x50 .\CortexM0p\ARM_GCC_541\Debug\02_EnhancedShockBurst_Rx.a(UART.o)
 .debug_aranges
                0x000003e0       0x58 .\CortexM0p\ARM_GCC_541\Debug\02_EnhancedShockBurst_Rx.a(SPI.o)
 .debug_aranges
                0x00000438       0x60 .\CortexM0p\ARM_GCC_541\Debug\02_EnhancedShockBurst_Rx.a(SPI_SPI_UART.o)
 .debug_aranges
                0x00000498       0x40 .\CortexM0p\ARM_GCC_541\Debug\02_EnhancedShockBurst_Rx.a(SPI_SPI.o)
 .debug_aranges
                0x000004d8       0x48 .\CortexM0p\ARM_GCC_541\Debug\02_EnhancedShockBurst_Rx.a(IRQ.o)
 .debug_aranges
                0x00000520       0x80 .\CortexM0p\ARM_GCC_541\Debug\02_EnhancedShockBurst_Rx.a(isr_IRQ.o)
 .debug_aranges
                0x000005a0       0x48 .\CortexM0p\ARM_GCC_541\Debug\02_EnhancedShockBurst_Rx.a(SS.o)
 .debug_aranges
                0x000005e8       0x48 .\CortexM0p\ARM_GCC_541\Debug\02_EnhancedShockBurst_Rx.a(CE.o)
 .debug_aranges
                0x00000630       0x48 .\CortexM0p\ARM_GCC_541\Debug\02_EnhancedShockBurst_Rx.a(SPI_sclk_m.o)
 .debug_aranges
                0x00000678      0x190 .\CortexM0p\ARM_GCC_541\Debug\02_EnhancedShockBurst_Rx.a(CyLib.o)
 .debug_aranges
                0x00000808       0xd8 .\CortexM0p\ARM_GCC_541\Debug\02_EnhancedShockBurst_Rx.a(CyLFClk.o)
 .debug_aranges
                0x000008e0       0x48 .\CortexM0p\ARM_GCC_541\Debug\02_EnhancedShockBurst_Rx.a(LED.o)
 .debug_aranges
                0x00000928       0x20 .\CortexM0p\ARM_GCC_541\Debug\02_EnhancedShockBurst_Rx.a(UART_AsmGnu.o)
 .debug_aranges
                0x00000948       0x20 .\CortexM0p\ARM_GCC_541\Debug\02_EnhancedShockBurst_Rx.a(CyBootAsmGnu.o)
 .debug_aranges
                0x00000968       0x48 .\CortexM0p\ARM_GCC_541\Debug\02_EnhancedShockBurst_Rx.a(CyFlash.o)

.debug_pubnames
 *(.debug_pubnames)

.debug_info     0x00000000     0x56aa
 *(.debug_info .gnu.linkonce.wi.*)
 .debug_info    0x00000000      0x582 .\CortexM0p\ARM_GCC_541\Debug\main.o
 .debug_info    0x00000582       0xfb .\CortexM0p\ARM_GCC_541\Debug\cyfitter_cfg.o
 .debug_info    0x0000067d       0xf8 .\CortexM0p\ARM_GCC_541\Debug\cymetadata.o
 .debug_info    0x00000775      0x3a5 .\CortexM0p\ARM_GCC_541\Debug\Cm0plusStart.o
 .debug_info    0x00000b1a     0x15d8 .\CortexM0p\ARM_GCC_541\Debug\02_EnhancedShockBurst_Rx.a(nRF24_FUNCS.o)
 .debug_info    0x000020f2      0x5cb .\CortexM0p\ARM_GCC_541\Debug\02_EnhancedShockBurst_Rx.a(nRF24_COMMANDS.o)
 .debug_info    0x000026bd      0x6a8 .\CortexM0p\ARM_GCC_541\Debug\02_EnhancedShockBurst_Rx.a(nRF24_HAL.o)
 .debug_info    0x00002d65      0x2c4 .\CortexM0p\ARM_GCC_541\Debug\02_EnhancedShockBurst_Rx.a(UART.o)
 .debug_info    0x00003029      0x23a .\CortexM0p\ARM_GCC_541\Debug\02_EnhancedShockBurst_Rx.a(SPI.o)
 .debug_info    0x00003263      0x220 .\CortexM0p\ARM_GCC_541\Debug\02_EnhancedShockBurst_Rx.a(SPI_SPI_UART.o)
 .debug_info    0x00003483      0x1a0 .\CortexM0p\ARM_GCC_541\Debug\02_EnhancedShockBurst_Rx.a(SPI_SPI.o)
 .debug_info    0x00003623      0x19d .\CortexM0p\ARM_GCC_541\Debug\02_EnhancedShockBurst_Rx.a(IRQ.o)
 .debug_info    0x000037c0      0x305 .\CortexM0p\ARM_GCC_541\Debug\02_EnhancedShockBurst_Rx.a(isr_IRQ.o)
 .debug_info    0x00003ac5      0x19d .\CortexM0p\ARM_GCC_541\Debug\02_EnhancedShockBurst_Rx.a(SS.o)
 .debug_info    0x00003c62      0x19d .\CortexM0p\ARM_GCC_541\Debug\02_EnhancedShockBurst_Rx.a(CE.o)
 .debug_info    0x00003dff      0x19d .\CortexM0p\ARM_GCC_541\Debug\02_EnhancedShockBurst_Rx.a(SPI_sclk_m.o)
 .debug_info    0x00003f9c      0xbcd .\CortexM0p\ARM_GCC_541\Debug\02_EnhancedShockBurst_Rx.a(CyLib.o)
 .debug_info    0x00004b69      0x444 .\CortexM0p\ARM_GCC_541\Debug\02_EnhancedShockBurst_Rx.a(CyLFClk.o)
 .debug_info    0x00004fad      0x19d .\CortexM0p\ARM_GCC_541\Debug\02_EnhancedShockBurst_Rx.a(LED.o)
 .debug_info    0x0000514a       0xa4 .\CortexM0p\ARM_GCC_541\Debug\02_EnhancedShockBurst_Rx.a(UART_AsmGnu.o)
 .debug_info    0x000051ee       0xa5 .\CortexM0p\ARM_GCC_541\Debug\02_EnhancedShockBurst_Rx.a(CyBootAsmGnu.o)
 .debug_info    0x00005293      0x417 .\CortexM0p\ARM_GCC_541\Debug\02_EnhancedShockBurst_Rx.a(CyFlash.o)

.debug_abbrev   0x00000000     0x17a8
 *(.debug_abbrev)
 .debug_abbrev  0x00000000      0x133 .\CortexM0p\ARM_GCC_541\Debug\main.o
 .debug_abbrev  0x00000133       0xa3 .\CortexM0p\ARM_GCC_541\Debug\cyfitter_cfg.o
 .debug_abbrev  0x000001d6       0x5d .\CortexM0p\ARM_GCC_541\Debug\cymetadata.o
 .debug_abbrev  0x00000233      0x1d0 .\CortexM0p\ARM_GCC_541\Debug\Cm0plusStart.o
 .debug_abbrev  0x00000403      0x1c9 .\CortexM0p\ARM_GCC_541\Debug\02_EnhancedShockBurst_Rx.a(nRF24_FUNCS.o)
 .debug_abbrev  0x000005cc      0x148 .\CortexM0p\ARM_GCC_541\Debug\02_EnhancedShockBurst_Rx.a(nRF24_COMMANDS.o)
 .debug_abbrev  0x00000714      0x173 .\CortexM0p\ARM_GCC_541\Debug\02_EnhancedShockBurst_Rx.a(nRF24_HAL.o)
 .debug_abbrev  0x00000887      0x109 .\CortexM0p\ARM_GCC_541\Debug\02_EnhancedShockBurst_Rx.a(UART.o)
 .debug_abbrev  0x00000990       0xd5 .\CortexM0p\ARM_GCC_541\Debug\02_EnhancedShockBurst_Rx.a(SPI.o)
 .debug_abbrev  0x00000a65      0x14f .\CortexM0p\ARM_GCC_541\Debug\02_EnhancedShockBurst_Rx.a(SPI_SPI_UART.o)
 .debug_abbrev  0x00000bb4       0xfb .\CortexM0p\ARM_GCC_541\Debug\02_EnhancedShockBurst_Rx.a(SPI_SPI.o)
 .debug_abbrev  0x00000caf       0xc8 .\CortexM0p\ARM_GCC_541\Debug\02_EnhancedShockBurst_Rx.a(IRQ.o)
 .debug_abbrev  0x00000d77      0x19a .\CortexM0p\ARM_GCC_541\Debug\02_EnhancedShockBurst_Rx.a(isr_IRQ.o)
 .debug_abbrev  0x00000f11       0xc8 .\CortexM0p\ARM_GCC_541\Debug\02_EnhancedShockBurst_Rx.a(SS.o)
 .debug_abbrev  0x00000fd9       0xc8 .\CortexM0p\ARM_GCC_541\Debug\02_EnhancedShockBurst_Rx.a(CE.o)
 .debug_abbrev  0x000010a1       0xc8 .\CortexM0p\ARM_GCC_541\Debug\02_EnhancedShockBurst_Rx.a(SPI_sclk_m.o)
 .debug_abbrev  0x00001169      0x202 .\CortexM0p\ARM_GCC_541\Debug\02_EnhancedShockBurst_Rx.a(CyLib.o)
 .debug_abbrev  0x0000136b      0x1af .\CortexM0p\ARM_GCC_541\Debug\02_EnhancedShockBurst_Rx.a(CyLFClk.o)
 .debug_abbrev  0x0000151a       0xc8 .\CortexM0p\ARM_GCC_541\Debug\02_EnhancedShockBurst_Rx.a(LED.o)
 .debug_abbrev  0x000015e2       0x14 .\CortexM0p\ARM_GCC_541\Debug\02_EnhancedShockBurst_Rx.a(UART_AsmGnu.o)
 .debug_abbrev  0x000015f6       0x14 .\CortexM0p\ARM_GCC_541\Debug\02_EnhancedShockBurst_Rx.a(CyBootAsmGnu.o)
 .debug_abbrev  0x0000160a      0x19e .\CortexM0p\ARM_GCC_541\Debug\02_EnhancedShockBurst_Rx.a(CyFlash.o)

.debug_line     0x00000000     0x258d
 *(.debug_line)
 .debug_line    0x00000000      0x1b8 .\CortexM0p\ARM_GCC_541\Debug\main.o
 .debug_line    0x000001b8       0x87 .\CortexM0p\ARM_GCC_541\Debug\cyfitter_cfg.o
 .debug_line    0x0000023f      0x141 .\CortexM0p\ARM_GCC_541\Debug\cymetadata.o
 .debug_line    0x00000380      0x247 .\CortexM0p\ARM_GCC_541\Debug\Cm0plusStart.o
 .debug_line    0x000005c7      0x6e3 .\CortexM0p\ARM_GCC_541\Debug\02_EnhancedShockBurst_Rx.a(nRF24_FUNCS.o)
 .debug_line    0x00000caa      0x2ac .\CortexM0p\ARM_GCC_541\Debug\02_EnhancedShockBurst_Rx.a(nRF24_COMMANDS.o)
 .debug_line    0x00000f56      0x300 .\CortexM0p\ARM_GCC_541\Debug\02_EnhancedShockBurst_Rx.a(nRF24_HAL.o)
 .debug_line    0x00001256       0xea .\CortexM0p\ARM_GCC_541\Debug\02_EnhancedShockBurst_Rx.a(UART.o)
 .debug_line    0x00001340      0x108 .\CortexM0p\ARM_GCC_541\Debug\02_EnhancedShockBurst_Rx.a(SPI.o)
 .debug_line    0x00001448      0x119 .\CortexM0p\ARM_GCC_541\Debug\02_EnhancedShockBurst_Rx.a(SPI_SPI_UART.o)
 .debug_line    0x00001561       0xe7 .\CortexM0p\ARM_GCC_541\Debug\02_EnhancedShockBurst_Rx.a(SPI_SPI.o)
 .debug_line    0x00001648       0xbb .\CortexM0p\ARM_GCC_541\Debug\02_EnhancedShockBurst_Rx.a(IRQ.o)
 .debug_line    0x00001703      0x153 .\CortexM0p\ARM_GCC_541\Debug\02_EnhancedShockBurst_Rx.a(isr_IRQ.o)
 .debug_line    0x00001856       0xba .\CortexM0p\ARM_GCC_541\Debug\02_EnhancedShockBurst_Rx.a(SS.o)
 .debug_line    0x00001910       0xba .\CortexM0p\ARM_GCC_541\Debug\02_EnhancedShockBurst_Rx.a(CE.o)
 .debug_line    0x000019ca       0xc2 .\CortexM0p\ARM_GCC_541\Debug\02_EnhancedShockBurst_Rx.a(SPI_sclk_m.o)
 .debug_line    0x00001a8c      0x4dc .\CortexM0p\ARM_GCC_541\Debug\02_EnhancedShockBurst_Rx.a(CyLib.o)
 .debug_line    0x00001f68      0x284 .\CortexM0p\ARM_GCC_541\Debug\02_EnhancedShockBurst_Rx.a(CyLFClk.o)
 .debug_line    0x000021ec       0xbb .\CortexM0p\ARM_GCC_541\Debug\02_EnhancedShockBurst_Rx.a(LED.o)
 .debug_line    0x000022a7       0x9d .\CortexM0p\ARM_GCC_541\Debug\02_EnhancedShockBurst_Rx.a(UART_AsmGnu.o)
 .debug_line    0x00002344       0x68 .\CortexM0p\ARM_GCC_541\Debug\02_EnhancedShockBurst_Rx.a(CyBootAsmGnu.o)
 .debug_line    0x000023ac      0x1e1 .\CortexM0p\ARM_GCC_541\Debug\02_EnhancedShockBurst_Rx.a(CyFlash.o)

.debug_frame    0x00000000     0x1828
 *(.debug_frame)
 .debug_frame   0x00000000       0x48 .\CortexM0p\ARM_GCC_541\Debug\main.o
 .debug_frame   0x00000048       0x48 .\CortexM0p\ARM_GCC_541\Debug\cyfitter_cfg.o
 .debug_frame   0x00000090       0xbc .\CortexM0p\ARM_GCC_541\Debug\Cm0plusStart.o
 .debug_frame   0x0000014c      0x6a8 .\CortexM0p\ARM_GCC_541\Debug\02_EnhancedShockBurst_Rx.a(nRF24_FUNCS.o)
 .debug_frame   0x000007f4      0x158 .\CortexM0p\ARM_GCC_541\Debug\02_EnhancedShockBurst_Rx.a(nRF24_COMMANDS.o)
 .debug_frame   0x0000094c      0x15c .\CortexM0p\ARM_GCC_541\Debug\02_EnhancedShockBurst_Rx.a(nRF24_HAL.o)
 .debug_frame   0x00000aa8       0xc8 .\CortexM0p\ARM_GCC_541\Debug\02_EnhancedShockBurst_Rx.a(UART.o)
 .debug_frame   0x00000b70       0xd8 .\CortexM0p\ARM_GCC_541\Debug\02_EnhancedShockBurst_Rx.a(SPI.o)
 .debug_frame   0x00000c48       0xb0 .\CortexM0p\ARM_GCC_541\Debug\02_EnhancedShockBurst_Rx.a(SPI_SPI_UART.o)
 .debug_frame   0x00000cf8       0x78 .\CortexM0p\ARM_GCC_541\Debug\02_EnhancedShockBurst_Rx.a(SPI_SPI.o)
 .debug_frame   0x00000d70       0x70 .\CortexM0p\ARM_GCC_541\Debug\02_EnhancedShockBurst_Rx.a(IRQ.o)
 .debug_frame   0x00000de0      0x110 .\CortexM0p\ARM_GCC_541\Debug\02_EnhancedShockBurst_Rx.a(isr_IRQ.o)
 .debug_frame   0x00000ef0       0x70 .\CortexM0p\ARM_GCC_541\Debug\02_EnhancedShockBurst_Rx.a(SS.o)
 .debug_frame   0x00000f60       0x70 .\CortexM0p\ARM_GCC_541\Debug\02_EnhancedShockBurst_Rx.a(CE.o)
 .debug_frame   0x00000fd0       0x70 .\CortexM0p\ARM_GCC_541\Debug\02_EnhancedShockBurst_Rx.a(SPI_sclk_m.o)
 .debug_frame   0x00001040      0x418 .\CortexM0p\ARM_GCC_541\Debug\02_EnhancedShockBurst_Rx.a(CyLib.o)
 .debug_frame   0x00001458      0x1dc .\CortexM0p\ARM_GCC_541\Debug\02_EnhancedShockBurst_Rx.a(CyLFClk.o)
 .debug_frame   0x00001634       0x70 .\CortexM0p\ARM_GCC_541\Debug\02_EnhancedShockBurst_Rx.a(LED.o)
 .debug_frame   0x000016a4       0xa8 .\CortexM0p\ARM_GCC_541\Debug\02_EnhancedShockBurst_Rx.a(CyFlash.o)
 .debug_frame   0x0000174c       0x20 c:/program files (x86)/cypress/psoc creator/4.2/psoc creator/import/gnu/arm/5.4.1/bin/../lib/gcc/arm-none-eabi/5.4.1/armv6-m\libgcc.a(_udivsi3.o)
 .debug_frame   0x0000176c       0x20 c:/program files (x86)/cypress/psoc creator/4.2/psoc creator/import/gnu/arm/5.4.1/bin/../lib/gcc/arm-none-eabi/5.4.1/../../../../arm-none-eabi/lib/armv6-m\libg_nano.a(lib_a-errno.o)
 .debug_frame   0x0000178c       0x28 c:/program files (x86)/cypress/psoc creator/4.2/psoc creator/import/gnu/arm/5.4.1/bin/../lib/gcc/arm-none-eabi/5.4.1/../../../../arm-none-eabi/lib/armv6-m\libg_nano.a(lib_a-exit.o)
 .debug_frame   0x000017b4       0x2c c:/program files (x86)/cypress/psoc creator/4.2/psoc creator/import/gnu/arm/5.4.1/bin/../lib/gcc/arm-none-eabi/5.4.1/../../../../arm-none-eabi/lib/armv6-m\libg_nano.a(lib_a-init.o)
 .debug_frame   0x000017e0       0x28 c:/program files (x86)/cypress/psoc creator/4.2/psoc creator/import/gnu/arm/5.4.1/bin/../lib/gcc/arm-none-eabi/5.4.1/../../../../arm-none-eabi/lib/armv6-m\libg_nano.a(lib_a-memcpy-stub.o)
 .debug_frame   0x00001808       0x20 c:/program files (x86)/cypress/psoc creator/4.2/psoc creator/import/gnu/arm/5.4.1/bin/../lib/gcc/arm-none-eabi/5.4.1/../../../../arm-none-eabi/lib/armv6-m\libg_nano.a(lib_a-memset.o)

.debug_str      0x00000000     0x27b8
 *(.debug_str)
 .debug_str     0x00000000      0x89b .\CortexM0p\ARM_GCC_541\Debug\main.o
                                0x903 (size before relaxing)
 .debug_str     0x0000089b       0x60 .\CortexM0p\ARM_GCC_541\Debug\cyfitter_cfg.o
                                0x1f4 (size before relaxing)
 .debug_str     0x000008fb       0x59 .\CortexM0p\ARM_GCC_541\Debug\cymetadata.o
                                0x1e1 (size before relaxing)
 .debug_str     0x00000954      0x156 .\CortexM0p\ARM_GCC_541\Debug\Cm0plusStart.o
                                0x328 (size before relaxing)
 .debug_str     0x00000aaa      0xafd .\CortexM0p\ARM_GCC_541\Debug\02_EnhancedShockBurst_Rx.a(nRF24_FUNCS.o)
                               0x13c9 (size before relaxing)
 .debug_str     0x000015a7      0x15c .\CortexM0p\ARM_GCC_541\Debug\02_EnhancedShockBurst_Rx.a(nRF24_COMMANDS.o)
                                0x42f (size before relaxing)
 .debug_str     0x00001703      0x128 .\CortexM0p\ARM_GCC_541\Debug\02_EnhancedShockBurst_Rx.a(nRF24_HAL.o)
                                0x617 (size before relaxing)
 .debug_str     0x0000182b       0xee .\CortexM0p\ARM_GCC_541\Debug\02_EnhancedShockBurst_Rx.a(UART.o)
                                0x2b0 (size before relaxing)
 .debug_str     0x00001919       0xe7 .\CortexM0p\ARM_GCC_541\Debug\02_EnhancedShockBurst_Rx.a(SPI.o)
                                0x29f (size before relaxing)
 .debug_str     0x00001a00       0xb1 .\CortexM0p\ARM_GCC_541\Debug\02_EnhancedShockBurst_Rx.a(SPI_SPI_UART.o)
                                0x2dd (size before relaxing)
 .debug_str     0x00001ab1       0x94 .\CortexM0p\ARM_GCC_541\Debug\02_EnhancedShockBurst_Rx.a(SPI_SPI.o)
                                0x275 (size before relaxing)
 .debug_str     0x00001b45       0x8a .\CortexM0p\ARM_GCC_541\Debug\02_EnhancedShockBurst_Rx.a(IRQ.o)
                                0x241 (size before relaxing)
 .debug_str     0x00001bcf      0x146 .\CortexM0p\ARM_GCC_541\Debug\02_EnhancedShockBurst_Rx.a(isr_IRQ.o)
                                0x31f (size before relaxing)
 .debug_str     0x00001d15       0x69 .\CortexM0p\ARM_GCC_541\Debug\02_EnhancedShockBurst_Rx.a(SS.o)
                                0x23a (size before relaxing)
 .debug_str     0x00001d7e       0x69 .\CortexM0p\ARM_GCC_541\Debug\02_EnhancedShockBurst_Rx.a(CE.o)
                                0x23a (size before relaxing)
 .debug_str     0x00001de7       0x99 .\CortexM0p\ARM_GCC_541\Debug\02_EnhancedShockBurst_Rx.a(SPI_sclk_m.o)
                                0x272 (size before relaxing)
 .debug_str     0x00001e80      0x4dc .\CortexM0p\ARM_GCC_541\Debug\02_EnhancedShockBurst_Rx.a(CyLib.o)
                                0x724 (size before relaxing)
 .debug_str     0x0000235c      0x2d9 .\CortexM0p\ARM_GCC_541\Debug\02_EnhancedShockBurst_Rx.a(CyLFClk.o)
                                0x4d3 (size before relaxing)
 .debug_str     0x00002635       0x66 .\CortexM0p\ARM_GCC_541\Debug\02_EnhancedShockBurst_Rx.a(LED.o)
                                0x241 (size before relaxing)
 .debug_str     0x0000269b      0x11d .\CortexM0p\ARM_GCC_541\Debug\02_EnhancedShockBurst_Rx.a(CyFlash.o)
                                0x33b (size before relaxing)

.debug_loc      0x00000000     0x1fe1
 *(.debug_loc)
 .debug_loc     0x00000000       0x26 .\CortexM0p\ARM_GCC_541\Debug\main.o
 .debug_loc     0x00000026      0x14f .\CortexM0p\ARM_GCC_541\Debug\Cm0plusStart.o
 .debug_loc     0x00000175      0x599 .\CortexM0p\ARM_GCC_541\Debug\02_EnhancedShockBurst_Rx.a(nRF24_FUNCS.o)
 .debug_loc     0x0000070e      0x33e .\CortexM0p\ARM_GCC_541\Debug\02_EnhancedShockBurst_Rx.a(nRF24_COMMANDS.o)
 .debug_loc     0x00000a4c      0x3fd .\CortexM0p\ARM_GCC_541\Debug\02_EnhancedShockBurst_Rx.a(nRF24_HAL.o)
 .debug_loc     0x00000e49      0x12d .\CortexM0p\ARM_GCC_541\Debug\02_EnhancedShockBurst_Rx.a(UART.o)
 .debug_loc     0x00000f76       0x7e .\CortexM0p\ARM_GCC_541\Debug\02_EnhancedShockBurst_Rx.a(SPI.o)
 .debug_loc     0x00000ff4       0x96 .\CortexM0p\ARM_GCC_541\Debug\02_EnhancedShockBurst_Rx.a(SPI_SPI_UART.o)
 .debug_loc     0x0000108a       0xc1 .\CortexM0p\ARM_GCC_541\Debug\02_EnhancedShockBurst_Rx.a(SPI_SPI.o)
 .debug_loc     0x0000114b       0xa2 .\CortexM0p\ARM_GCC_541\Debug\02_EnhancedShockBurst_Rx.a(IRQ.o)
 .debug_loc     0x000011ed       0x82 .\CortexM0p\ARM_GCC_541\Debug\02_EnhancedShockBurst_Rx.a(isr_IRQ.o)
 .debug_loc     0x0000126f       0xa2 .\CortexM0p\ARM_GCC_541\Debug\02_EnhancedShockBurst_Rx.a(SS.o)
 .debug_loc     0x00001311       0xa2 .\CortexM0p\ARM_GCC_541\Debug\02_EnhancedShockBurst_Rx.a(CE.o)
 .debug_loc     0x000013b3       0xa2 .\CortexM0p\ARM_GCC_541\Debug\02_EnhancedShockBurst_Rx.a(SPI_sclk_m.o)
 .debug_loc     0x00001455      0x5d9 .\CortexM0p\ARM_GCC_541\Debug\02_EnhancedShockBurst_Rx.a(CyLib.o)
 .debug_loc     0x00001a2e      0x354 .\CortexM0p\ARM_GCC_541\Debug\02_EnhancedShockBurst_Rx.a(CyLFClk.o)
 .debug_loc     0x00001d82       0xa2 .\CortexM0p\ARM_GCC_541\Debug\02_EnhancedShockBurst_Rx.a(LED.o)
 .debug_loc     0x00001e24      0x1bd .\CortexM0p\ARM_GCC_541\Debug\02_EnhancedShockBurst_Rx.a(CyFlash.o)

.debug_macinfo
 *(.debug_macinfo)

.debug_ranges   0x00000000      0x828
 *(.debug_ranges)
 .debug_ranges  0x00000000       0x18 .\CortexM0p\ARM_GCC_541\Debug\main.o
 .debug_ranges  0x00000018       0x18 .\CortexM0p\ARM_GCC_541\Debug\cyfitter_cfg.o
 .debug_ranges  0x00000030       0x38 .\CortexM0p\ARM_GCC_541\Debug\Cm0plusStart.o
 .debug_ranges  0x00000068      0x200 .\CortexM0p\ARM_GCC_541\Debug\02_EnhancedShockBurst_Rx.a(nRF24_FUNCS.o)
 .debug_ranges  0x00000268       0x58 .\CortexM0p\ARM_GCC_541\Debug\02_EnhancedShockBurst_Rx.a(nRF24_COMMANDS.o)
 .debug_ranges  0x000002c0       0x58 .\CortexM0p\ARM_GCC_541\Debug\02_EnhancedShockBurst_Rx.a(nRF24_HAL.o)
 .debug_ranges  0x00000318       0x40 .\CortexM0p\ARM_GCC_541\Debug\02_EnhancedShockBurst_Rx.a(UART.o)
 .debug_ranges  0x00000358       0x48 .\CortexM0p\ARM_GCC_541\Debug\02_EnhancedShockBurst_Rx.a(SPI.o)
 .debug_ranges  0x000003a0       0x50 .\CortexM0p\ARM_GCC_541\Debug\02_EnhancedShockBurst_Rx.a(SPI_SPI_UART.o)
 .debug_ranges  0x000003f0       0x30 .\CortexM0p\ARM_GCC_541\Debug\02_EnhancedShockBurst_Rx.a(SPI_SPI.o)
 .debug_ranges  0x00000420       0x38 .\CortexM0p\ARM_GCC_541\Debug\02_EnhancedShockBurst_Rx.a(IRQ.o)
 .debug_ranges  0x00000458       0x70 .\CortexM0p\ARM_GCC_541\Debug\02_EnhancedShockBurst_Rx.a(isr_IRQ.o)
 .debug_ranges  0x000004c8       0x38 .\CortexM0p\ARM_GCC_541\Debug\02_EnhancedShockBurst_Rx.a(SS.o)
 .debug_ranges  0x00000500       0x38 .\CortexM0p\ARM_GCC_541\Debug\02_EnhancedShockBurst_Rx.a(CE.o)
 .debug_ranges  0x00000538       0x38 .\CortexM0p\ARM_GCC_541\Debug\02_EnhancedShockBurst_Rx.a(SPI_sclk_m.o)
 .debug_ranges  0x00000570      0x180 .\CortexM0p\ARM_GCC_541\Debug\02_EnhancedShockBurst_Rx.a(CyLib.o)
 .debug_ranges  0x000006f0       0xc8 .\CortexM0p\ARM_GCC_541\Debug\02_EnhancedShockBurst_Rx.a(CyLFClk.o)
 .debug_ranges  0x000007b8       0x38 .\CortexM0p\ARM_GCC_541\Debug\02_EnhancedShockBurst_Rx.a(LED.o)
 .debug_ranges  0x000007f0       0x38 .\CortexM0p\ARM_GCC_541\Debug\02_EnhancedShockBurst_Rx.a(CyFlash.o)

.comment        0x00000000       0x6e
 .comment       0x00000000       0x6e .\CortexM0p\ARM_GCC_541\Debug\main.o
                                 0x6f (size before relaxing)
 .comment       0x0000006e       0x6f .\CortexM0p\ARM_GCC_541\Debug\cyfitter_cfg.o
 .comment       0x0000006e       0x6f .\CortexM0p\ARM_GCC_541\Debug\cymetadata.o
 .comment       0x0000006e       0x6f .\CortexM0p\ARM_GCC_541\Debug\Cm0plusStart.o
 .comment       0x0000006e       0x6f .\CortexM0p\ARM_GCC_541\Debug\02_EnhancedShockBurst_Rx.a(nRF24_FUNCS.o)
 .comment       0x0000006e       0x6f .\CortexM0p\ARM_GCC_541\Debug\02_EnhancedShockBurst_Rx.a(nRF24_COMMANDS.o)
 .comment       0x0000006e       0x6f .\CortexM0p\ARM_GCC_541\Debug\02_EnhancedShockBurst_Rx.a(nRF24_HAL.o)
 .comment       0x0000006e       0x6f .\CortexM0p\ARM_GCC_541\Debug\02_EnhancedShockBurst_Rx.a(UART.o)
 .comment       0x0000006e       0x6f .\CortexM0p\ARM_GCC_541\Debug\02_EnhancedShockBurst_Rx.a(SPI.o)
 .comment       0x0000006e       0x6f .\CortexM0p\ARM_GCC_541\Debug\02_EnhancedShockBurst_Rx.a(SPI_SPI_UART.o)
 .comment       0x0000006e       0x6f .\CortexM0p\ARM_GCC_541\Debug\02_EnhancedShockBurst_Rx.a(SPI_SPI.o)
 .comment       0x0000006e       0x6f .\CortexM0p\ARM_GCC_541\Debug\02_EnhancedShockBurst_Rx.a(IRQ.o)
 .comment       0x0000006e       0x6f .\CortexM0p\ARM_GCC_541\Debug\02_EnhancedShockBurst_Rx.a(isr_IRQ.o)
 .comment       0x0000006e       0x6f .\CortexM0p\ARM_GCC_541\Debug\02_EnhancedShockBurst_Rx.a(SS.o)
 .comment       0x0000006e       0x6f .\CortexM0p\ARM_GCC_541\Debug\02_EnhancedShockBurst_Rx.a(CE.o)
 .comment       0x0000006e       0x6f .\CortexM0p\ARM_GCC_541\Debug\02_EnhancedShockBurst_Rx.a(SPI_sclk_m.o)
 .comment       0x0000006e       0x6f .\CortexM0p\ARM_GCC_541\Debug\02_EnhancedShockBurst_Rx.a(CyLib.o)
 .comment       0x0000006e       0x6f .\CortexM0p\ARM_GCC_541\Debug\02_EnhancedShockBurst_Rx.a(CyLFClk.o)
 .comment       0x0000006e       0x6f .\CortexM0p\ARM_GCC_541\Debug\02_EnhancedShockBurst_Rx.a(LED.o)
 .comment       0x0000006e       0x6f .\CortexM0p\ARM_GCC_541\Debug\02_EnhancedShockBurst_Rx.a(CyFlash.o)

.debug_weaknames
 *(.debug_weaknames)

.debug_funcnames
 *(.debug_funcnames)

.debug_typenames
 *(.debug_typenames)

.debug_varnames
 *(.debug_varnames)

.note.gnu.arm.ident
 *(.note.gnu.arm.ident)

.ARM.attributes
                0x00000000       0x28
 *(.ARM.attributes)
 .ARM.attributes
                0x00000000       0x1e c:/program files (x86)/cypress/psoc creator/4.2/psoc creator/import/gnu/arm/5.4.1/bin/../lib/gcc/arm-none-eabi/5.4.1/armv6-m/crti.o
 .ARM.attributes
                0x0000001e       0x2c c:/program files (x86)/cypress/psoc creator/4.2/psoc creator/import/gnu/arm/5.4.1/bin/../lib/gcc/arm-none-eabi/5.4.1/armv6-m/crtbegin.o
 .ARM.attributes
                0x0000004a       0x1b c:/program files (x86)/cypress/psoc creator/4.2/psoc creator/import/gnu/arm/5.4.1/bin/../lib/gcc/arm-none-eabi/5.4.1/../../../../arm-none-eabi/lib/armv6-m/crt0.o
 .ARM.attributes
                0x00000065       0x32 .\CortexM0p\ARM_GCC_541\Debug\main.o
 .ARM.attributes
                0x00000097       0x32 .\CortexM0p\ARM_GCC_541\Debug\cyfitter_cfg.o
 .ARM.attributes
                0x000000c9       0x32 .\CortexM0p\ARM_GCC_541\Debug\cymetadata.o
 .ARM.attributes
                0x000000fb       0x32 .\CortexM0p\ARM_GCC_541\Debug\Cm0plusStart.o
 .ARM.attributes
                0x0000012d       0x32 .\CortexM0p\ARM_GCC_541\Debug\02_EnhancedShockBurst_Rx.a(nRF24_FUNCS.o)
 .ARM.attributes
                0x0000015f       0x32 .\CortexM0p\ARM_GCC_541\Debug\02_EnhancedShockBurst_Rx.a(nRF24_COMMANDS.o)
 .ARM.attributes
                0x00000191       0x32 .\CortexM0p\ARM_GCC_541\Debug\02_EnhancedShockBurst_Rx.a(nRF24_HAL.o)
 .ARM.attributes
                0x000001c3       0x32 .\CortexM0p\ARM_GCC_541\Debug\02_EnhancedShockBurst_Rx.a(UART.o)
 .ARM.attributes
                0x000001f5       0x32 .\CortexM0p\ARM_GCC_541\Debug\02_EnhancedShockBurst_Rx.a(SPI.o)
 .ARM.attributes
                0x00000227       0x32 .\CortexM0p\ARM_GCC_541\Debug\02_EnhancedShockBurst_Rx.a(SPI_SPI_UART.o)
 .ARM.attributes
                0x00000259       0x32 .\CortexM0p\ARM_GCC_541\Debug\02_EnhancedShockBurst_Rx.a(SPI_SPI.o)
 .ARM.attributes
                0x0000028b       0x32 .\CortexM0p\ARM_GCC_541\Debug\02_EnhancedShockBurst_Rx.a(IRQ.o)
 .ARM.attributes
                0x000002bd       0x32 .\CortexM0p\ARM_GCC_541\Debug\02_EnhancedShockBurst_Rx.a(isr_IRQ.o)
 .ARM.attributes
                0x000002ef       0x32 .\CortexM0p\ARM_GCC_541\Debug\02_EnhancedShockBurst_Rx.a(SS.o)
 .ARM.attributes
                0x00000321       0x32 .\CortexM0p\ARM_GCC_541\Debug\02_EnhancedShockBurst_Rx.a(CE.o)
 .ARM.attributes
                0x00000353       0x32 .\CortexM0p\ARM_GCC_541\Debug\02_EnhancedShockBurst_Rx.a(SPI_sclk_m.o)
 .ARM.attributes
                0x00000385       0x32 .\CortexM0p\ARM_GCC_541\Debug\02_EnhancedShockBurst_Rx.a(CyLib.o)
 .ARM.attributes
                0x000003b7       0x32 .\CortexM0p\ARM_GCC_541\Debug\02_EnhancedShockBurst_Rx.a(CyLFClk.o)
 .ARM.attributes
                0x000003e9       0x32 .\CortexM0p\ARM_GCC_541\Debug\02_EnhancedShockBurst_Rx.a(LED.o)
 .ARM.attributes
                0x0000041b       0x22 .\CortexM0p\ARM_GCC_541\Debug\02_EnhancedShockBurst_Rx.a(UART_AsmGnu.o)
 .ARM.attributes
                0x0000043d       0x22 .\CortexM0p\ARM_GCC_541\Debug\02_EnhancedShockBurst_Rx.a(CyBootAsmGnu.o)
 .ARM.attributes
                0x0000045f       0x32 .\CortexM0p\ARM_GCC_541\Debug\02_EnhancedShockBurst_Rx.a(CyFlash.o)
 .ARM.attributes
                0x00000491       0x1e c:/program files (x86)/cypress/psoc creator/4.2/psoc creator/import/gnu/arm/5.4.1/bin/../lib/gcc/arm-none-eabi/5.4.1/armv6-m\libgcc.a(_udivsi3.o)
 .ARM.attributes
                0x000004af       0x1e c:/program files (x86)/cypress/psoc creator/4.2/psoc creator/import/gnu/arm/5.4.1/bin/../lib/gcc/arm-none-eabi/5.4.1/armv6-m\libgcc.a(_dvmd_tls.o)
 .ARM.attributes
                0x000004cd       0x2c c:/program files (x86)/cypress/psoc creator/4.2/psoc creator/import/gnu/arm/5.4.1/bin/../lib/gcc/arm-none-eabi/5.4.1/../../../../arm-none-eabi/lib/armv6-m\libg_nano.a(lib_a-errno.o)
 .ARM.attributes
                0x000004f9       0x2c c:/program files (x86)/cypress/psoc creator/4.2/psoc creator/import/gnu/arm/5.4.1/bin/../lib/gcc/arm-none-eabi/5.4.1/../../../../arm-none-eabi/lib/armv6-m\libg_nano.a(lib_a-exit.o)
 .ARM.attributes
                0x00000525       0x2c c:/program files (x86)/cypress/psoc creator/4.2/psoc creator/import/gnu/arm/5.4.1/bin/../lib/gcc/arm-none-eabi/5.4.1/../../../../arm-none-eabi/lib/armv6-m\libg_nano.a(lib_a-impure.o)
 .ARM.attributes
                0x00000551       0x2c c:/program files (x86)/cypress/psoc creator/4.2/psoc creator/import/gnu/arm/5.4.1/bin/../lib/gcc/arm-none-eabi/5.4.1/../../../../arm-none-eabi/lib/armv6-m\libg_nano.a(lib_a-init.o)
 .ARM.attributes
                0x0000057d       0x2c c:/program files (x86)/cypress/psoc creator/4.2/psoc creator/import/gnu/arm/5.4.1/bin/../lib/gcc/arm-none-eabi/5.4.1/../../../../arm-none-eabi/lib/armv6-m\libg_nano.a(lib_a-memcpy-stub.o)
 .ARM.attributes
                0x000005a9       0x2c c:/program files (x86)/cypress/psoc creator/4.2/psoc creator/import/gnu/arm/5.4.1/bin/../lib/gcc/arm-none-eabi/5.4.1/../../../../arm-none-eabi/lib/armv6-m\libg_nano.a(lib_a-memset.o)
 .ARM.attributes
                0x000005d5       0x2c c:/program files (x86)/cypress/psoc creator/4.2/psoc creator/import/gnu/arm/5.4.1/bin/../lib/gcc/arm-none-eabi/5.4.1/armv6-m/crtend.o
 .ARM.attributes
                0x00000601       0x1e c:/program files (x86)/cypress/psoc creator/4.2/psoc creator/import/gnu/arm/5.4.1/bin/../lib/gcc/arm-none-eabi/5.4.1/armv6-m/crtn.o

/DISCARD/
 *(.note.GNU-stack)
OUTPUT(C:\Users\d3bug\Documents\Creator\nRF24_Example_Projects\02_EnhancedShockBurst_Rx.cydsn\CortexM0p\ARM_GCC_541\Debug\02_EnhancedShockBurst_Rx.elf elf32-littlearm)
