ARM GAS  C:\Users\Xwx47\AppData\Local\Temp\cczmfO0h.s 			page 1


   1              		.syntax unified
   2              		.cpu cortex-m0plus
   3              		.fpu softvfp
   4              		.eabi_attribute 20, 1
   5              		.eabi_attribute 21, 1
   6              		.eabi_attribute 23, 3
   7              		.eabi_attribute 24, 1
   8              		.eabi_attribute 25, 1
   9              		.eabi_attribute 26, 1
  10              		.eabi_attribute 30, 1
  11              		.eabi_attribute 34, 0
  12              		.eabi_attribute 18, 4
  13              		.thumb
  14              		.syntax unified
  15              		.file	"cyfitter_cfg.c"
  16              		.text
  17              	.Ltext0:
  18              		.cfi_sections	.debug_frame
  19              		.section	.psocinit,"ax",%progbits
  20              		.align	2
  21              		.code	16
  22              		.thumb_func
  23              		.type	ClockSetup, %function
  24              	ClockSetup:
  25              	.LFB4:
  26              		.file 1 "Generated_Source\\PSoC4\\cyfitter_cfg.c"
   1:Generated_Source\PSoC4/cyfitter_cfg.c **** 
   2:Generated_Source\PSoC4/cyfitter_cfg.c **** /*******************************************************************************
   3:Generated_Source\PSoC4/cyfitter_cfg.c **** * File Name: cyfitter_cfg.c
   4:Generated_Source\PSoC4/cyfitter_cfg.c **** * 
   5:Generated_Source\PSoC4/cyfitter_cfg.c **** * PSoC Creator  4.1 Update 1
   6:Generated_Source\PSoC4/cyfitter_cfg.c **** *
   7:Generated_Source\PSoC4/cyfitter_cfg.c **** * Description:
   8:Generated_Source\PSoC4/cyfitter_cfg.c **** * This file contains device initialization code.
   9:Generated_Source\PSoC4/cyfitter_cfg.c **** * Except for the user defined sections in CyClockStartupError(), this file should not be modified.
  10:Generated_Source\PSoC4/cyfitter_cfg.c **** * This file is automatically generated by PSoC Creator.
  11:Generated_Source\PSoC4/cyfitter_cfg.c **** *
  12:Generated_Source\PSoC4/cyfitter_cfg.c **** ********************************************************************************
  13:Generated_Source\PSoC4/cyfitter_cfg.c **** * Copyright (c) 2007-2017 Cypress Semiconductor.  All rights reserved.
  14:Generated_Source\PSoC4/cyfitter_cfg.c **** * You may use this file only in accordance with the license, terms, conditions, 
  15:Generated_Source\PSoC4/cyfitter_cfg.c **** * disclaimers, and limitations in the end user license agreement accompanying 
  16:Generated_Source\PSoC4/cyfitter_cfg.c **** * the software package with which this file was provided.
  17:Generated_Source\PSoC4/cyfitter_cfg.c **** ********************************************************************************/
  18:Generated_Source\PSoC4/cyfitter_cfg.c **** 
  19:Generated_Source\PSoC4/cyfitter_cfg.c **** #include <string.h>
  20:Generated_Source\PSoC4/cyfitter_cfg.c **** #include "cytypes.h"
  21:Generated_Source\PSoC4/cyfitter_cfg.c **** #include "cydevice_trm.h"
  22:Generated_Source\PSoC4/cyfitter_cfg.c **** #include "cyfitter.h"
  23:Generated_Source\PSoC4/cyfitter_cfg.c **** #include "CyLib.h"
  24:Generated_Source\PSoC4/cyfitter_cfg.c **** #include "cyfitter_cfg.h"
  25:Generated_Source\PSoC4/cyfitter_cfg.c **** #include "cyapicallbacks.h"
  26:Generated_Source\PSoC4/cyfitter_cfg.c **** 
  27:Generated_Source\PSoC4/cyfitter_cfg.c **** 
  28:Generated_Source\PSoC4/cyfitter_cfg.c **** #if defined(__GNUC__) || defined(__ARMCC_VERSION)
  29:Generated_Source\PSoC4/cyfitter_cfg.c ****     #define CYPACKED 
  30:Generated_Source\PSoC4/cyfitter_cfg.c ****     #define CYPACKED_ATTR __attribute__ ((packed))
  31:Generated_Source\PSoC4/cyfitter_cfg.c ****     #define CYALIGNED __attribute__ ((aligned))
ARM GAS  C:\Users\Xwx47\AppData\Local\Temp\cczmfO0h.s 			page 2


  32:Generated_Source\PSoC4/cyfitter_cfg.c ****     #define CY_CFG_UNUSED __attribute__ ((unused))
  33:Generated_Source\PSoC4/cyfitter_cfg.c ****     #ifndef CY_CFG_SECTION
  34:Generated_Source\PSoC4/cyfitter_cfg.c ****         #define CY_CFG_SECTION __attribute__ ((section(".psocinit")))
  35:Generated_Source\PSoC4/cyfitter_cfg.c ****     #endif
  36:Generated_Source\PSoC4/cyfitter_cfg.c ****     
  37:Generated_Source\PSoC4/cyfitter_cfg.c ****     #if defined(__ARMCC_VERSION)
  38:Generated_Source\PSoC4/cyfitter_cfg.c ****         #define CY_CFG_MEMORY_BARRIER() __memory_changed()
  39:Generated_Source\PSoC4/cyfitter_cfg.c ****     #else
  40:Generated_Source\PSoC4/cyfitter_cfg.c ****         #define CY_CFG_MEMORY_BARRIER() __sync_synchronize()
  41:Generated_Source\PSoC4/cyfitter_cfg.c ****     #endif
  42:Generated_Source\PSoC4/cyfitter_cfg.c ****     
  43:Generated_Source\PSoC4/cyfitter_cfg.c **** #elif defined(__ICCARM__)
  44:Generated_Source\PSoC4/cyfitter_cfg.c ****     #include <intrinsics.h>
  45:Generated_Source\PSoC4/cyfitter_cfg.c **** 
  46:Generated_Source\PSoC4/cyfitter_cfg.c ****     #define CYPACKED __packed
  47:Generated_Source\PSoC4/cyfitter_cfg.c ****     #define CYPACKED_ATTR 
  48:Generated_Source\PSoC4/cyfitter_cfg.c ****     #define CYALIGNED _Pragma("data_alignment=4")
  49:Generated_Source\PSoC4/cyfitter_cfg.c ****     #define CY_CFG_UNUSED _Pragma("diag_suppress=Pe177")
  50:Generated_Source\PSoC4/cyfitter_cfg.c ****     #define CY_CFG_SECTION _Pragma("location=\".psocinit\"")
  51:Generated_Source\PSoC4/cyfitter_cfg.c ****     
  52:Generated_Source\PSoC4/cyfitter_cfg.c ****     #define CY_CFG_MEMORY_BARRIER() __DMB()
  53:Generated_Source\PSoC4/cyfitter_cfg.c ****     
  54:Generated_Source\PSoC4/cyfitter_cfg.c **** #else
  55:Generated_Source\PSoC4/cyfitter_cfg.c ****     #error Unsupported toolchain
  56:Generated_Source\PSoC4/cyfitter_cfg.c **** #endif
  57:Generated_Source\PSoC4/cyfitter_cfg.c **** 
  58:Generated_Source\PSoC4/cyfitter_cfg.c **** #ifndef CYCODE
  59:Generated_Source\PSoC4/cyfitter_cfg.c ****     #define CYCODE
  60:Generated_Source\PSoC4/cyfitter_cfg.c **** #endif
  61:Generated_Source\PSoC4/cyfitter_cfg.c **** #ifndef CYDATA
  62:Generated_Source\PSoC4/cyfitter_cfg.c ****     #define CYDATA
  63:Generated_Source\PSoC4/cyfitter_cfg.c **** #endif
  64:Generated_Source\PSoC4/cyfitter_cfg.c **** #ifndef CYFAR
  65:Generated_Source\PSoC4/cyfitter_cfg.c ****     #define CYFAR
  66:Generated_Source\PSoC4/cyfitter_cfg.c **** #endif
  67:Generated_Source\PSoC4/cyfitter_cfg.c **** #ifndef CYXDATA
  68:Generated_Source\PSoC4/cyfitter_cfg.c ****     #define CYXDATA
  69:Generated_Source\PSoC4/cyfitter_cfg.c **** #endif
  70:Generated_Source\PSoC4/cyfitter_cfg.c **** 
  71:Generated_Source\PSoC4/cyfitter_cfg.c **** 
  72:Generated_Source\PSoC4/cyfitter_cfg.c **** CY_CFG_UNUSED
  73:Generated_Source\PSoC4/cyfitter_cfg.c **** static void CYMEMZERO(void *s, size_t n);
  74:Generated_Source\PSoC4/cyfitter_cfg.c **** CY_CFG_UNUSED
  75:Generated_Source\PSoC4/cyfitter_cfg.c **** static void CYMEMZERO(void *s, size_t n)
  76:Generated_Source\PSoC4/cyfitter_cfg.c **** {
  77:Generated_Source\PSoC4/cyfitter_cfg.c **** 	(void)memset(s, 0, n);
  78:Generated_Source\PSoC4/cyfitter_cfg.c **** }
  79:Generated_Source\PSoC4/cyfitter_cfg.c **** CY_CFG_UNUSED
  80:Generated_Source\PSoC4/cyfitter_cfg.c **** static void CYCONFIGCPY(void *dest, const void *src, size_t n);
  81:Generated_Source\PSoC4/cyfitter_cfg.c **** CY_CFG_UNUSED
  82:Generated_Source\PSoC4/cyfitter_cfg.c **** static void CYCONFIGCPY(void *dest, const void *src, size_t n)
  83:Generated_Source\PSoC4/cyfitter_cfg.c **** {
  84:Generated_Source\PSoC4/cyfitter_cfg.c **** 	(void)memcpy(dest, src, n);
  85:Generated_Source\PSoC4/cyfitter_cfg.c **** }
  86:Generated_Source\PSoC4/cyfitter_cfg.c **** CY_CFG_UNUSED
  87:Generated_Source\PSoC4/cyfitter_cfg.c **** static void CYCONFIGCPYCODE(void *dest, const void *src, size_t n);
  88:Generated_Source\PSoC4/cyfitter_cfg.c **** CY_CFG_UNUSED
ARM GAS  C:\Users\Xwx47\AppData\Local\Temp\cczmfO0h.s 			page 3


  89:Generated_Source\PSoC4/cyfitter_cfg.c **** static void CYCONFIGCPYCODE(void *dest, const void *src, size_t n)
  90:Generated_Source\PSoC4/cyfitter_cfg.c **** {
  91:Generated_Source\PSoC4/cyfitter_cfg.c **** 	(void)memcpy(dest, src, n);
  92:Generated_Source\PSoC4/cyfitter_cfg.c **** }
  93:Generated_Source\PSoC4/cyfitter_cfg.c **** 
  94:Generated_Source\PSoC4/cyfitter_cfg.c **** 
  95:Generated_Source\PSoC4/cyfitter_cfg.c **** 
  96:Generated_Source\PSoC4/cyfitter_cfg.c **** 
  97:Generated_Source\PSoC4/cyfitter_cfg.c **** /* Clock startup error codes                                                   */
  98:Generated_Source\PSoC4/cyfitter_cfg.c **** #define CYCLOCKSTART_NO_ERROR    0u
  99:Generated_Source\PSoC4/cyfitter_cfg.c **** #define CYCLOCKSTART_XTAL_ERROR  1u
 100:Generated_Source\PSoC4/cyfitter_cfg.c **** #define CYCLOCKSTART_32KHZ_ERROR 2u
 101:Generated_Source\PSoC4/cyfitter_cfg.c **** #define CYCLOCKSTART_PLL_ERROR   3u
 102:Generated_Source\PSoC4/cyfitter_cfg.c **** #define CYCLOCKSTART_FLL_ERROR   4u
 103:Generated_Source\PSoC4/cyfitter_cfg.c **** 
 104:Generated_Source\PSoC4/cyfitter_cfg.c **** 
 105:Generated_Source\PSoC4/cyfitter_cfg.c **** #ifdef CY_NEED_CYCLOCKSTARTUPERROR
 106:Generated_Source\PSoC4/cyfitter_cfg.c **** /*******************************************************************************
 107:Generated_Source\PSoC4/cyfitter_cfg.c **** * Function Name: CyClockStartupError
 108:Generated_Source\PSoC4/cyfitter_cfg.c **** ********************************************************************************
 109:Generated_Source\PSoC4/cyfitter_cfg.c **** * Summary:
 110:Generated_Source\PSoC4/cyfitter_cfg.c **** *  If an error is encountered during clock configuration (crystal startup error,
 111:Generated_Source\PSoC4/cyfitter_cfg.c **** *  PLL lock error, etc.), the system will end up here.  Unless reimplemented by
 112:Generated_Source\PSoC4/cyfitter_cfg.c **** *  the customer, this function will stop in an infinite loop.
 113:Generated_Source\PSoC4/cyfitter_cfg.c **** *
 114:Generated_Source\PSoC4/cyfitter_cfg.c **** * Parameters:
 115:Generated_Source\PSoC4/cyfitter_cfg.c **** *   void
 116:Generated_Source\PSoC4/cyfitter_cfg.c **** *
 117:Generated_Source\PSoC4/cyfitter_cfg.c **** * Return:
 118:Generated_Source\PSoC4/cyfitter_cfg.c **** *   void
 119:Generated_Source\PSoC4/cyfitter_cfg.c **** *
 120:Generated_Source\PSoC4/cyfitter_cfg.c **** *******************************************************************************/
 121:Generated_Source\PSoC4/cyfitter_cfg.c **** CY_CFG_UNUSED
 122:Generated_Source\PSoC4/cyfitter_cfg.c **** static void CyClockStartupError(uint8 errorCode);
 123:Generated_Source\PSoC4/cyfitter_cfg.c **** CY_CFG_UNUSED
 124:Generated_Source\PSoC4/cyfitter_cfg.c **** static void CyClockStartupError(uint8 errorCode)
 125:Generated_Source\PSoC4/cyfitter_cfg.c **** {
 126:Generated_Source\PSoC4/cyfitter_cfg.c ****     /* To remove the compiler warning if errorCode not used. */
 127:Generated_Source\PSoC4/cyfitter_cfg.c **** #if defined(CY_PSOC3) && (CY_PSOC3)
 128:Generated_Source\PSoC4/cyfitter_cfg.c ****     errorCode = errorCode;
 129:Generated_Source\PSoC4/cyfitter_cfg.c **** #else
 130:Generated_Source\PSoC4/cyfitter_cfg.c ****     (void)errorCode;
 131:Generated_Source\PSoC4/cyfitter_cfg.c **** #endif /* CY_PSOC3 */
 132:Generated_Source\PSoC4/cyfitter_cfg.c **** 
 133:Generated_Source\PSoC4/cyfitter_cfg.c ****     /* If we have a clock startup error (bad MHz crystal, PLL lock, etc.),  */
 134:Generated_Source\PSoC4/cyfitter_cfg.c ****     /* we will end up here to allow the customer to implement something to  */
 135:Generated_Source\PSoC4/cyfitter_cfg.c ****     /* deal with the clock condition.                                       */
 136:Generated_Source\PSoC4/cyfitter_cfg.c **** 
 137:Generated_Source\PSoC4/cyfitter_cfg.c **** #ifdef CY_CFG_CLOCK_STARTUP_ERROR_CALLBACK
 138:Generated_Source\PSoC4/cyfitter_cfg.c ****     CY_CFG_Clock_Startup_ErrorCallback();
 139:Generated_Source\PSoC4/cyfitter_cfg.c **** #else
 140:Generated_Source\PSoC4/cyfitter_cfg.c ****     /*  If not using CY_CFG_CLOCK_STARTUP_ERROR_CALLBACK, place your clock startup code here. */
 141:Generated_Source\PSoC4/cyfitter_cfg.c ****     /* `#START CyClockStartupError` */
 142:Generated_Source\PSoC4/cyfitter_cfg.c **** 
 143:Generated_Source\PSoC4/cyfitter_cfg.c **** 
 144:Generated_Source\PSoC4/cyfitter_cfg.c **** 
 145:Generated_Source\PSoC4/cyfitter_cfg.c ****     /* `#END` */
ARM GAS  C:\Users\Xwx47\AppData\Local\Temp\cczmfO0h.s 			page 4


 146:Generated_Source\PSoC4/cyfitter_cfg.c **** 
 147:Generated_Source\PSoC4/cyfitter_cfg.c ****     while(1) {}
 148:Generated_Source\PSoC4/cyfitter_cfg.c **** #endif /* CY_CFG_CLOCK_STARTUP_ERROR_CALLBACK */
 149:Generated_Source\PSoC4/cyfitter_cfg.c **** }
 150:Generated_Source\PSoC4/cyfitter_cfg.c **** #endif
 151:Generated_Source\PSoC4/cyfitter_cfg.c **** 
 152:Generated_Source\PSoC4/cyfitter_cfg.c **** 
 153:Generated_Source\PSoC4/cyfitter_cfg.c **** 
 154:Generated_Source\PSoC4/cyfitter_cfg.c **** /*******************************************************************************
 155:Generated_Source\PSoC4/cyfitter_cfg.c **** * Function Name: ClockSetup
 156:Generated_Source\PSoC4/cyfitter_cfg.c **** ********************************************************************************
 157:Generated_Source\PSoC4/cyfitter_cfg.c **** *
 158:Generated_Source\PSoC4/cyfitter_cfg.c **** * Summary:
 159:Generated_Source\PSoC4/cyfitter_cfg.c **** *   Performs the initialization of all of the clocks in the device based on the
 160:Generated_Source\PSoC4/cyfitter_cfg.c **** *   settings in the Clock tab of the DWR.  This includes enabling the requested
 161:Generated_Source\PSoC4/cyfitter_cfg.c **** *   clocks and setting the necessary dividers to produce the desired frequency. 
 162:Generated_Source\PSoC4/cyfitter_cfg.c **** *
 163:Generated_Source\PSoC4/cyfitter_cfg.c **** * Parameters:
 164:Generated_Source\PSoC4/cyfitter_cfg.c **** *   void
 165:Generated_Source\PSoC4/cyfitter_cfg.c **** *
 166:Generated_Source\PSoC4/cyfitter_cfg.c **** * Return:
 167:Generated_Source\PSoC4/cyfitter_cfg.c **** *   void
 168:Generated_Source\PSoC4/cyfitter_cfg.c **** *
 169:Generated_Source\PSoC4/cyfitter_cfg.c **** *******************************************************************************/
 170:Generated_Source\PSoC4/cyfitter_cfg.c **** static void ClockSetup(void);
 171:Generated_Source\PSoC4/cyfitter_cfg.c **** CY_CFG_SECTION
 172:Generated_Source\PSoC4/cyfitter_cfg.c **** static void ClockSetup(void)
 173:Generated_Source\PSoC4/cyfitter_cfg.c **** {
  27              		.loc 1 173 0
  28              		.cfi_startproc
  29              		@ args = 0, pretend = 0, frame = 0
  30              		@ frame_needed = 0, uses_anonymous_args = 0
  31 0000 10B5     		push	{r4, lr}
  32              		.cfi_def_cfa_offset 8
  33              		.cfi_offset 4, -8
  34              		.cfi_offset 14, -4
 174:Generated_Source\PSoC4/cyfitter_cfg.c **** 
 175:Generated_Source\PSoC4/cyfitter_cfg.c **** 	/* Set Flash Cycles based on max possible frequency in case a glitch occurs during ClockSetup(). *
 176:Generated_Source\PSoC4/cyfitter_cfg.c **** 	CY_SET_REG32((void CYXDATA *)(CYREG_CPUSS_FLASH_CTL), (0x0012u));
  35              		.loc 1 176 0
  36 0002 0B4C     		ldr	r4, .L2
  37 0004 1223     		movs	r3, #18
  38 0006 2360     		str	r3, [r4]
 177:Generated_Source\PSoC4/cyfitter_cfg.c **** 	/* Update IMO to new clock speed. */
 178:Generated_Source\PSoC4/cyfitter_cfg.c **** 	CySysClkWriteImoFreq(24u);
  39              		.loc 1 178 0
  40 0008 1820     		movs	r0, #24
  41 000a FFF7FEFF 		bl	CySysClkWriteImoFreq
  42              	.LVL0:
 179:Generated_Source\PSoC4/cyfitter_cfg.c **** 
 180:Generated_Source\PSoC4/cyfitter_cfg.c **** 	/* Setup phase aligned clocks */
 181:Generated_Source\PSoC4/cyfitter_cfg.c **** 	CY_SET_REG32((void *)CYREG_PERI_DIV_16_CTL0, 0x00000100u);
  43              		.loc 1 181 0
  44 000e 8022     		movs	r2, #128
  45 0010 5200     		lsls	r2, r2, #1
  46 0012 084B     		ldr	r3, .L2+4
  47 0014 1A60     		str	r2, [r3]
ARM GAS  C:\Users\Xwx47\AppData\Local\Temp\cczmfO0h.s 			page 5


 182:Generated_Source\PSoC4/cyfitter_cfg.c **** 	CY_SET_REG32((void *)CYREG_PERI_DIV_CMD, 0x8000FF40u);
  48              		.loc 1 182 0
  49 0016 084A     		ldr	r2, .L2+8
  50 0018 084B     		ldr	r3, .L2+12
  51 001a 1A60     		str	r2, [r3]
 183:Generated_Source\PSoC4/cyfitter_cfg.c **** 
 184:Generated_Source\PSoC4/cyfitter_cfg.c **** 	/* CYDEV_CLK_SELECT Starting address: CYDEV_CLK_SELECT */
 185:Generated_Source\PSoC4/cyfitter_cfg.c **** 	CY_SET_REG32((void *)(CYREG_CLK_SELECT), 0x00000000u);
  52              		.loc 1 185 0
  53 001c 0022     		movs	r2, #0
  54 001e 084B     		ldr	r3, .L2+16
  55 0020 1A60     		str	r2, [r3]
 186:Generated_Source\PSoC4/cyfitter_cfg.c **** 
 187:Generated_Source\PSoC4/cyfitter_cfg.c **** 	/* CYDEV_PERI_PCLK_CTL1 Starting address: CYDEV_PERI_PCLK_CTL1 */
 188:Generated_Source\PSoC4/cyfitter_cfg.c **** 	CY_SET_REG32((void *)(CYREG_PERI_PCLK_CTL1), 0x00000040u);
  56              		.loc 1 188 0
  57 0022 4032     		adds	r2, r2, #64
  58 0024 074B     		ldr	r3, .L2+20
  59 0026 1A60     		str	r2, [r3]
 189:Generated_Source\PSoC4/cyfitter_cfg.c **** 
 190:Generated_Source\PSoC4/cyfitter_cfg.c **** 	/* Set Flash Cycles based on newly configured 24.00MHz HFCLK. */
 191:Generated_Source\PSoC4/cyfitter_cfg.c **** 	CY_SET_REG32((void CYXDATA *)(CYREG_CPUSS_FLASH_CTL), (0x0011u));
  60              		.loc 1 191 0
  61 0028 1123     		movs	r3, #17
  62 002a 2360     		str	r3, [r4]
 192:Generated_Source\PSoC4/cyfitter_cfg.c **** }
  63              		.loc 1 192 0
  64              		@ sp needed
  65 002c 10BD     		pop	{r4, pc}
  66              	.L3:
  67 002e C046     		.align	2
  68              	.L2:
  69 0030 30001040 		.word	1074790448
  70 0034 00030140 		.word	1073808128
  71 0038 40FF0080 		.word	-2147418304
  72 003c 00000140 		.word	1073807360
  73 0040 28000340 		.word	1073938472
  74 0044 04010140 		.word	1073807620
  75              		.cfi_endproc
  76              	.LFE4:
  77              		.size	ClockSetup, .-ClockSetup
  78              		.align	2
  79              		.global	cyfitter_cfg
  80              		.code	16
  81              		.thumb_func
  82              		.type	cyfitter_cfg, %function
  83              	cyfitter_cfg:
  84              	.LFB6:
 193:Generated_Source\PSoC4/cyfitter_cfg.c **** 
 194:Generated_Source\PSoC4/cyfitter_cfg.c **** 
 195:Generated_Source\PSoC4/cyfitter_cfg.c **** /* Analog API Functions */
 196:Generated_Source\PSoC4/cyfitter_cfg.c **** 
 197:Generated_Source\PSoC4/cyfitter_cfg.c **** 
 198:Generated_Source\PSoC4/cyfitter_cfg.c **** /*******************************************************************************
 199:Generated_Source\PSoC4/cyfitter_cfg.c **** * Function Name: AnalogSetDefault
 200:Generated_Source\PSoC4/cyfitter_cfg.c **** ********************************************************************************
 201:Generated_Source\PSoC4/cyfitter_cfg.c **** *
ARM GAS  C:\Users\Xwx47\AppData\Local\Temp\cczmfO0h.s 			page 6


 202:Generated_Source\PSoC4/cyfitter_cfg.c **** * Summary:
 203:Generated_Source\PSoC4/cyfitter_cfg.c **** *  Sets up the analog portions of the chip to default values based on chip
 204:Generated_Source\PSoC4/cyfitter_cfg.c **** *  configuration options from the project.
 205:Generated_Source\PSoC4/cyfitter_cfg.c **** *
 206:Generated_Source\PSoC4/cyfitter_cfg.c **** * Parameters:
 207:Generated_Source\PSoC4/cyfitter_cfg.c **** *  void
 208:Generated_Source\PSoC4/cyfitter_cfg.c **** *
 209:Generated_Source\PSoC4/cyfitter_cfg.c **** * Return:
 210:Generated_Source\PSoC4/cyfitter_cfg.c **** *  void
 211:Generated_Source\PSoC4/cyfitter_cfg.c **** *
 212:Generated_Source\PSoC4/cyfitter_cfg.c **** *******************************************************************************/
 213:Generated_Source\PSoC4/cyfitter_cfg.c **** static void AnalogSetDefault(void);
 214:Generated_Source\PSoC4/cyfitter_cfg.c **** static void AnalogSetDefault(void)
 215:Generated_Source\PSoC4/cyfitter_cfg.c **** {
 216:Generated_Source\PSoC4/cyfitter_cfg.c **** }
 217:Generated_Source\PSoC4/cyfitter_cfg.c **** 
 218:Generated_Source\PSoC4/cyfitter_cfg.c **** 
 219:Generated_Source\PSoC4/cyfitter_cfg.c **** 
 220:Generated_Source\PSoC4/cyfitter_cfg.c **** 
 221:Generated_Source\PSoC4/cyfitter_cfg.c **** /*******************************************************************************
 222:Generated_Source\PSoC4/cyfitter_cfg.c **** * Function Name: cyfitter_cfg
 223:Generated_Source\PSoC4/cyfitter_cfg.c **** ********************************************************************************
 224:Generated_Source\PSoC4/cyfitter_cfg.c **** * Summary:
 225:Generated_Source\PSoC4/cyfitter_cfg.c **** *  This function is called by the start-up code for the selected device. It
 226:Generated_Source\PSoC4/cyfitter_cfg.c **** *  performs all of the necessary device configuration based on the design
 227:Generated_Source\PSoC4/cyfitter_cfg.c **** *  settings.  This includes settings from the Design Wide Resources (DWR) such
 228:Generated_Source\PSoC4/cyfitter_cfg.c **** *  as Clocks and Pins as well as any component configuration that is necessary.
 229:Generated_Source\PSoC4/cyfitter_cfg.c **** *
 230:Generated_Source\PSoC4/cyfitter_cfg.c **** * Parameters:
 231:Generated_Source\PSoC4/cyfitter_cfg.c **** *   void
 232:Generated_Source\PSoC4/cyfitter_cfg.c **** *
 233:Generated_Source\PSoC4/cyfitter_cfg.c **** * Return:
 234:Generated_Source\PSoC4/cyfitter_cfg.c **** *   void
 235:Generated_Source\PSoC4/cyfitter_cfg.c **** *
 236:Generated_Source\PSoC4/cyfitter_cfg.c **** *******************************************************************************/
 237:Generated_Source\PSoC4/cyfitter_cfg.c **** CY_CFG_SECTION
 238:Generated_Source\PSoC4/cyfitter_cfg.c **** void cyfitter_cfg(void)
 239:Generated_Source\PSoC4/cyfitter_cfg.c **** {
  85              		.loc 1 239 0
  86              		.cfi_startproc
  87              		@ args = 0, pretend = 0, frame = 0
  88              		@ frame_needed = 0, uses_anonymous_args = 0
  89 0048 10B5     		push	{r4, lr}
  90              		.cfi_def_cfa_offset 8
  91              		.cfi_offset 4, -8
  92              		.cfi_offset 14, -4
 240:Generated_Source\PSoC4/cyfitter_cfg.c **** 	/* Disable interrupts by default. Let user enable if/when they want. */
 241:Generated_Source\PSoC4/cyfitter_cfg.c **** 	CyGlobalIntDisable;
  93              		.loc 1 241 0
  94              		.syntax divided
  95              	@ 241 "Generated_Source\PSoC4\cyfitter_cfg.c" 1
  96 004a 72B6     		CPSID   i
  97              	@ 0 "" 2
 242:Generated_Source\PSoC4/cyfitter_cfg.c **** 
 243:Generated_Source\PSoC4/cyfitter_cfg.c **** 	{
 244:Generated_Source\PSoC4/cyfitter_cfg.c **** 		/* HSIOM Starting address: CYDEV_HSIOM_BASE */
 245:Generated_Source\PSoC4/cyfitter_cfg.c **** 		CY_SET_REG32((void *)(CYREG_HSIOM_PORT_SEL2), 0x00000FFFu);
ARM GAS  C:\Users\Xwx47\AppData\Local\Temp\cczmfO0h.s 			page 7


  98              		.loc 1 245 0
  99              		.thumb
 100              		.syntax unified
 101 004c 144A     		ldr	r2, .L5
 102 004e 154B     		ldr	r3, .L5+4
 103 0050 1A60     		str	r2, [r3]
 246:Generated_Source\PSoC4/cyfitter_cfg.c **** 		CY_SET_REG32((void *)(CYREG_HSIOM_PORT_SEL3), 0x0000EE00u);
 104              		.loc 1 246 0
 105 0052 EE22     		movs	r2, #238
 106 0054 1202     		lsls	r2, r2, #8
 107 0056 144B     		ldr	r3, .L5+8
 108 0058 1A60     		str	r2, [r3]
 247:Generated_Source\PSoC4/cyfitter_cfg.c **** 
 248:Generated_Source\PSoC4/cyfitter_cfg.c **** 	}
 249:Generated_Source\PSoC4/cyfitter_cfg.c **** 
 250:Generated_Source\PSoC4/cyfitter_cfg.c **** 	/* Perform second pass device configuration. These items must be configured in specific order afte
 251:Generated_Source\PSoC4/cyfitter_cfg.c **** 	/* IOPINS0_0 Starting address: CYDEV_GPIO_PRT0_BASE */
 252:Generated_Source\PSoC4/cyfitter_cfg.c **** 	CY_SET_REG32((void *)(CYDEV_GPIO_PRT0_BASE), 0x00000020u);
 109              		.loc 1 252 0
 110 005a 2022     		movs	r2, #32
 111 005c 134B     		ldr	r3, .L5+12
 112 005e 1A60     		str	r2, [r3]
 253:Generated_Source\PSoC4/cyfitter_cfg.c **** 	CY_SET_REG32((void *)(CYREG_GPIO_PRT0_PC), 0x001B0000u);
 113              		.loc 1 253 0
 114 0060 D822     		movs	r2, #216
 115 0062 5203     		lsls	r2, r2, #13
 116 0064 124B     		ldr	r3, .L5+16
 117 0066 1A60     		str	r2, [r3]
 254:Generated_Source\PSoC4/cyfitter_cfg.c **** 
 255:Generated_Source\PSoC4/cyfitter_cfg.c **** 	/* IOPINS0_1 Starting address: CYDEV_GPIO_PRT1_BASE */
 256:Generated_Source\PSoC4/cyfitter_cfg.c **** 	CY_SET_REG32((void *)(CYDEV_GPIO_PRT1_BASE), 0x00000040u);
 118              		.loc 1 256 0
 119 0068 4022     		movs	r2, #64
 120 006a 124B     		ldr	r3, .L5+20
 121 006c 1A60     		str	r2, [r3]
 257:Generated_Source\PSoC4/cyfitter_cfg.c **** 	CY_SET_REG32((void *)(CYREG_GPIO_PRT1_PC), 0x00080000u);
 122              		.loc 1 257 0
 123 006e 8022     		movs	r2, #128
 124 0070 1203     		lsls	r2, r2, #12
 125 0072 114B     		ldr	r3, .L5+24
 126 0074 1A60     		str	r2, [r3]
 258:Generated_Source\PSoC4/cyfitter_cfg.c **** 	CY_SET_REG32((void *)(CYREG_GPIO_PRT1_INTR_CFG), 0x00002000u);
 127              		.loc 1 258 0
 128 0076 8022     		movs	r2, #128
 129 0078 9201     		lsls	r2, r2, #6
 130 007a 104B     		ldr	r3, .L5+28
 131 007c 1A60     		str	r2, [r3]
 259:Generated_Source\PSoC4/cyfitter_cfg.c **** 
 260:Generated_Source\PSoC4/cyfitter_cfg.c **** 	/* IOPINS0_2 Starting address: CYDEV_GPIO_PRT2_BASE */
 261:Generated_Source\PSoC4/cyfitter_cfg.c **** 	CY_SET_REG32((void *)(CYDEV_GPIO_PRT2_BASE), 0x00000045u);
 132              		.loc 1 261 0
 133 007e 4522     		movs	r2, #69
 134 0080 0F4B     		ldr	r3, .L5+32
 135 0082 1A60     		str	r2, [r3]
 262:Generated_Source\PSoC4/cyfitter_cfg.c **** 	CY_SET_REG32((void *)(CYREG_GPIO_PRT2_PC), 0x00180D8Eu);
 136              		.loc 1 262 0
 137 0084 0F4A     		ldr	r2, .L5+36
ARM GAS  C:\Users\Xwx47\AppData\Local\Temp\cczmfO0h.s 			page 8


 138 0086 104B     		ldr	r3, .L5+40
 139 0088 1A60     		str	r2, [r3]
 263:Generated_Source\PSoC4/cyfitter_cfg.c **** 	CY_SET_REG32((void *)(CYREG_GPIO_PRT2_PC2), 0x00000005u);
 140              		.loc 1 263 0
 141 008a 0522     		movs	r2, #5
 142 008c 0F4B     		ldr	r3, .L5+44
 143 008e 1A60     		str	r2, [r3]
 264:Generated_Source\PSoC4/cyfitter_cfg.c **** 
 265:Generated_Source\PSoC4/cyfitter_cfg.c **** 	/* IOPINS0_3 Starting address: CYDEV_GPIO_PRT3_BASE */
 266:Generated_Source\PSoC4/cyfitter_cfg.c **** 	CY_SET_REG32((void *)(CYREG_GPIO_PRT3_PC), 0x00000D80u);
 144              		.loc 1 266 0
 145 0090 D822     		movs	r2, #216
 146 0092 1201     		lsls	r2, r2, #4
 147 0094 0E4B     		ldr	r3, .L5+48
 148 0096 1A60     		str	r2, [r3]
 267:Generated_Source\PSoC4/cyfitter_cfg.c **** 
 268:Generated_Source\PSoC4/cyfitter_cfg.c **** 
 269:Generated_Source\PSoC4/cyfitter_cfg.c **** 	/* Setup clocks based on selections from Clock DWR */
 270:Generated_Source\PSoC4/cyfitter_cfg.c **** 	ClockSetup();
 149              		.loc 1 270 0
 150 0098 FFF7B2FF 		bl	ClockSetup
 151              	.LVL1:
 271:Generated_Source\PSoC4/cyfitter_cfg.c **** 
 272:Generated_Source\PSoC4/cyfitter_cfg.c **** 	/* Perform basic analog initialization to defaults */
 273:Generated_Source\PSoC4/cyfitter_cfg.c **** 	AnalogSetDefault();
 274:Generated_Source\PSoC4/cyfitter_cfg.c **** 
 275:Generated_Source\PSoC4/cyfitter_cfg.c **** }
 152              		.loc 1 275 0
 153              		@ sp needed
 154 009c 10BD     		pop	{r4, pc}
 155              	.L6:
 156 009e C046     		.align	2
 157              	.L5:
 158 00a0 FF0F0000 		.word	4095
 159 00a4 00020240 		.word	1073873408
 160 00a8 00030240 		.word	1073873664
 161 00ac 00000440 		.word	1074003968
 162 00b0 08000440 		.word	1074003976
 163 00b4 00010440 		.word	1074004224
 164 00b8 08010440 		.word	1074004232
 165 00bc 0C010440 		.word	1074004236
 166 00c0 00020440 		.word	1074004480
 167 00c4 8E0D1800 		.word	1576334
 168 00c8 08020440 		.word	1074004488
 169 00cc 18020440 		.word	1074004504
 170 00d0 08030440 		.word	1074004744
 171              		.cfi_endproc
 172              	.LFE6:
 173              		.size	cyfitter_cfg, .-cyfitter_cfg
 174              		.text
 175              	.Letext0:
 176              		.file 2 "Generated_Source\\PSoC4\\cytypes.h"
 177              		.file 3 "Generated_Source\\PSoC4\\CyLib.h"
 178              		.section	.debug_info,"",%progbits
 179              	.Ldebug_info0:
 180 0000 F7000000 		.4byte	0xf7
 181 0004 0400     		.2byte	0x4
ARM GAS  C:\Users\Xwx47\AppData\Local\Temp\cczmfO0h.s 			page 9


 182 0006 00000000 		.4byte	.Ldebug_abbrev0
 183 000a 04       		.byte	0x4
 184 000b 01       		.uleb128 0x1
 185 000c 02010000 		.4byte	.LASF16
 186 0010 0C       		.byte	0xc
 187 0011 15000000 		.4byte	.LASF17
 188 0015 9D010000 		.4byte	.LASF18
 189 0019 00000000 		.4byte	.Ldebug_ranges0+0
 190 001d 00000000 		.4byte	0
 191 0021 00000000 		.4byte	.Ldebug_line0
 192 0025 02       		.uleb128 0x2
 193 0026 04       		.byte	0x4
 194 0027 05       		.byte	0x5
 195 0028 696E7400 		.ascii	"int\000"
 196 002c 03       		.uleb128 0x3
 197 002d 04       		.byte	0x4
 198 002e 07       		.byte	0x7
 199 002f 3B000000 		.4byte	.LASF0
 200 0033 03       		.uleb128 0x3
 201 0034 08       		.byte	0x8
 202 0035 05       		.byte	0x5
 203 0036 00000000 		.4byte	.LASF1
 204 003a 03       		.uleb128 0x3
 205 003b 08       		.byte	0x8
 206 003c 04       		.byte	0x4
 207 003d EC000000 		.4byte	.LASF2
 208 0041 03       		.uleb128 0x3
 209 0042 01       		.byte	0x1
 210 0043 06       		.byte	0x6
 211 0044 E0000000 		.4byte	.LASF3
 212 0048 03       		.uleb128 0x3
 213 0049 01       		.byte	0x1
 214 004a 08       		.byte	0x8
 215 004b 99000000 		.4byte	.LASF4
 216 004f 03       		.uleb128 0x3
 217 0050 02       		.byte	0x2
 218 0051 05       		.byte	0x5
 219 0052 F8000000 		.4byte	.LASF5
 220 0056 03       		.uleb128 0x3
 221 0057 02       		.byte	0x2
 222 0058 07       		.byte	0x7
 223 0059 CD000000 		.4byte	.LASF6
 224 005d 03       		.uleb128 0x3
 225 005e 04       		.byte	0x4
 226 005f 05       		.byte	0x5
 227 0060 AC000000 		.4byte	.LASF7
 228 0064 03       		.uleb128 0x3
 229 0065 04       		.byte	0x4
 230 0066 07       		.byte	0x7
 231 0067 5D000000 		.4byte	.LASF8
 232 006b 03       		.uleb128 0x3
 233 006c 08       		.byte	0x8
 234 006d 07       		.byte	0x7
 235 006e 7C000000 		.4byte	.LASF9
 236 0072 03       		.uleb128 0x3
 237 0073 04       		.byte	0x4
 238 0074 07       		.byte	0x7
ARM GAS  C:\Users\Xwx47\AppData\Local\Temp\cczmfO0h.s 			page 10


 239 0075 94010000 		.4byte	.LASF10
 240 0079 03       		.uleb128 0x3
 241 007a 01       		.byte	0x1
 242 007b 08       		.byte	0x8
 243 007c A7000000 		.4byte	.LASF11
 244 0080 04       		.uleb128 0x4
 245 0081 0E000000 		.4byte	.LASF14
 246 0085 02       		.byte	0x2
 247 0086 D401     		.2byte	0x1d4
 248 0088 64000000 		.4byte	0x64
 249 008c 03       		.uleb128 0x3
 250 008d 04       		.byte	0x4
 251 008e 04       		.byte	0x4
 252 008f 93000000 		.4byte	.LASF12
 253 0093 03       		.uleb128 0x3
 254 0094 08       		.byte	0x8
 255 0095 04       		.byte	0x4
 256 0096 C0000000 		.4byte	.LASF13
 257 009a 04       		.uleb128 0x4
 258 009b C7000000 		.4byte	.LASF15
 259 009f 02       		.byte	0x2
 260 00a0 7E02     		.2byte	0x27e
 261 00a2 A6000000 		.4byte	0xa6
 262 00a6 05       		.uleb128 0x5
 263 00a7 80000000 		.4byte	0x80
 264 00ab 06       		.uleb128 0x6
 265 00ac B5000000 		.4byte	.LASF19
 266 00b0 01       		.byte	0x1
 267 00b1 AC       		.byte	0xac
 268 00b2 00000000 		.4byte	.LFB4
 269 00b6 48000000 		.4byte	.LFE4-.LFB4
 270 00ba 01       		.uleb128 0x1
 271 00bb 9C       		.byte	0x9c
 272 00bc D0000000 		.4byte	0xd0
 273 00c0 07       		.uleb128 0x7
 274 00c1 0E000000 		.4byte	.LVL0
 275 00c5 EF000000 		.4byte	0xef
 276 00c9 08       		.uleb128 0x8
 277 00ca 01       		.uleb128 0x1
 278 00cb 50       		.byte	0x50
 279 00cc 01       		.uleb128 0x1
 280 00cd 48       		.byte	0x48
 281 00ce 00       		.byte	0
 282 00cf 00       		.byte	0
 283 00d0 09       		.uleb128 0x9
 284 00d1 6F000000 		.4byte	.LASF20
 285 00d5 01       		.byte	0x1
 286 00d6 EE       		.byte	0xee
 287 00d7 48000000 		.4byte	.LFB6
 288 00db 8C000000 		.4byte	.LFE6-.LFB6
 289 00df 01       		.uleb128 0x1
 290 00e0 9C       		.byte	0x9c
 291 00e1 EF000000 		.4byte	0xef
 292 00e5 0A       		.uleb128 0xa
 293 00e6 9C000000 		.4byte	.LVL1
 294 00ea AB000000 		.4byte	0xab
 295 00ee 00       		.byte	0
ARM GAS  C:\Users\Xwx47\AppData\Local\Temp\cczmfO0h.s 			page 11


 296 00ef 0B       		.uleb128 0xb
 297 00f0 48000000 		.4byte	.LASF21
 298 00f4 48000000 		.4byte	.LASF21
 299 00f8 03       		.byte	0x3
 300 00f9 6C       		.byte	0x6c
 301 00fa 00       		.byte	0
 302              		.section	.debug_abbrev,"",%progbits
 303              	.Ldebug_abbrev0:
 304 0000 01       		.uleb128 0x1
 305 0001 11       		.uleb128 0x11
 306 0002 01       		.byte	0x1
 307 0003 25       		.uleb128 0x25
 308 0004 0E       		.uleb128 0xe
 309 0005 13       		.uleb128 0x13
 310 0006 0B       		.uleb128 0xb
 311 0007 03       		.uleb128 0x3
 312 0008 0E       		.uleb128 0xe
 313 0009 1B       		.uleb128 0x1b
 314 000a 0E       		.uleb128 0xe
 315 000b 55       		.uleb128 0x55
 316 000c 17       		.uleb128 0x17
 317 000d 11       		.uleb128 0x11
 318 000e 01       		.uleb128 0x1
 319 000f 10       		.uleb128 0x10
 320 0010 17       		.uleb128 0x17
 321 0011 00       		.byte	0
 322 0012 00       		.byte	0
 323 0013 02       		.uleb128 0x2
 324 0014 24       		.uleb128 0x24
 325 0015 00       		.byte	0
 326 0016 0B       		.uleb128 0xb
 327 0017 0B       		.uleb128 0xb
 328 0018 3E       		.uleb128 0x3e
 329 0019 0B       		.uleb128 0xb
 330 001a 03       		.uleb128 0x3
 331 001b 08       		.uleb128 0x8
 332 001c 00       		.byte	0
 333 001d 00       		.byte	0
 334 001e 03       		.uleb128 0x3
 335 001f 24       		.uleb128 0x24
 336 0020 00       		.byte	0
 337 0021 0B       		.uleb128 0xb
 338 0022 0B       		.uleb128 0xb
 339 0023 3E       		.uleb128 0x3e
 340 0024 0B       		.uleb128 0xb
 341 0025 03       		.uleb128 0x3
 342 0026 0E       		.uleb128 0xe
 343 0027 00       		.byte	0
 344 0028 00       		.byte	0
 345 0029 04       		.uleb128 0x4
 346 002a 16       		.uleb128 0x16
 347 002b 00       		.byte	0
 348 002c 03       		.uleb128 0x3
 349 002d 0E       		.uleb128 0xe
 350 002e 3A       		.uleb128 0x3a
 351 002f 0B       		.uleb128 0xb
 352 0030 3B       		.uleb128 0x3b
ARM GAS  C:\Users\Xwx47\AppData\Local\Temp\cczmfO0h.s 			page 12


 353 0031 05       		.uleb128 0x5
 354 0032 49       		.uleb128 0x49
 355 0033 13       		.uleb128 0x13
 356 0034 00       		.byte	0
 357 0035 00       		.byte	0
 358 0036 05       		.uleb128 0x5
 359 0037 35       		.uleb128 0x35
 360 0038 00       		.byte	0
 361 0039 49       		.uleb128 0x49
 362 003a 13       		.uleb128 0x13
 363 003b 00       		.byte	0
 364 003c 00       		.byte	0
 365 003d 06       		.uleb128 0x6
 366 003e 2E       		.uleb128 0x2e
 367 003f 01       		.byte	0x1
 368 0040 03       		.uleb128 0x3
 369 0041 0E       		.uleb128 0xe
 370 0042 3A       		.uleb128 0x3a
 371 0043 0B       		.uleb128 0xb
 372 0044 3B       		.uleb128 0x3b
 373 0045 0B       		.uleb128 0xb
 374 0046 27       		.uleb128 0x27
 375 0047 19       		.uleb128 0x19
 376 0048 11       		.uleb128 0x11
 377 0049 01       		.uleb128 0x1
 378 004a 12       		.uleb128 0x12
 379 004b 06       		.uleb128 0x6
 380 004c 40       		.uleb128 0x40
 381 004d 18       		.uleb128 0x18
 382 004e 9742     		.uleb128 0x2117
 383 0050 19       		.uleb128 0x19
 384 0051 01       		.uleb128 0x1
 385 0052 13       		.uleb128 0x13
 386 0053 00       		.byte	0
 387 0054 00       		.byte	0
 388 0055 07       		.uleb128 0x7
 389 0056 898201   		.uleb128 0x4109
 390 0059 01       		.byte	0x1
 391 005a 11       		.uleb128 0x11
 392 005b 01       		.uleb128 0x1
 393 005c 31       		.uleb128 0x31
 394 005d 13       		.uleb128 0x13
 395 005e 00       		.byte	0
 396 005f 00       		.byte	0
 397 0060 08       		.uleb128 0x8
 398 0061 8A8201   		.uleb128 0x410a
 399 0064 00       		.byte	0
 400 0065 02       		.uleb128 0x2
 401 0066 18       		.uleb128 0x18
 402 0067 9142     		.uleb128 0x2111
 403 0069 18       		.uleb128 0x18
 404 006a 00       		.byte	0
 405 006b 00       		.byte	0
 406 006c 09       		.uleb128 0x9
 407 006d 2E       		.uleb128 0x2e
 408 006e 01       		.byte	0x1
 409 006f 3F       		.uleb128 0x3f
ARM GAS  C:\Users\Xwx47\AppData\Local\Temp\cczmfO0h.s 			page 13


 410 0070 19       		.uleb128 0x19
 411 0071 03       		.uleb128 0x3
 412 0072 0E       		.uleb128 0xe
 413 0073 3A       		.uleb128 0x3a
 414 0074 0B       		.uleb128 0xb
 415 0075 3B       		.uleb128 0x3b
 416 0076 0B       		.uleb128 0xb
 417 0077 27       		.uleb128 0x27
 418 0078 19       		.uleb128 0x19
 419 0079 11       		.uleb128 0x11
 420 007a 01       		.uleb128 0x1
 421 007b 12       		.uleb128 0x12
 422 007c 06       		.uleb128 0x6
 423 007d 40       		.uleb128 0x40
 424 007e 18       		.uleb128 0x18
 425 007f 9742     		.uleb128 0x2117
 426 0081 19       		.uleb128 0x19
 427 0082 01       		.uleb128 0x1
 428 0083 13       		.uleb128 0x13
 429 0084 00       		.byte	0
 430 0085 00       		.byte	0
 431 0086 0A       		.uleb128 0xa
 432 0087 898201   		.uleb128 0x4109
 433 008a 00       		.byte	0
 434 008b 11       		.uleb128 0x11
 435 008c 01       		.uleb128 0x1
 436 008d 31       		.uleb128 0x31
 437 008e 13       		.uleb128 0x13
 438 008f 00       		.byte	0
 439 0090 00       		.byte	0
 440 0091 0B       		.uleb128 0xb
 441 0092 2E       		.uleb128 0x2e
 442 0093 00       		.byte	0
 443 0094 3F       		.uleb128 0x3f
 444 0095 19       		.uleb128 0x19
 445 0096 3C       		.uleb128 0x3c
 446 0097 19       		.uleb128 0x19
 447 0098 6E       		.uleb128 0x6e
 448 0099 0E       		.uleb128 0xe
 449 009a 03       		.uleb128 0x3
 450 009b 0E       		.uleb128 0xe
 451 009c 3A       		.uleb128 0x3a
 452 009d 0B       		.uleb128 0xb
 453 009e 3B       		.uleb128 0x3b
 454 009f 0B       		.uleb128 0xb
 455 00a0 00       		.byte	0
 456 00a1 00       		.byte	0
 457 00a2 00       		.byte	0
 458              		.section	.debug_aranges,"",%progbits
 459 0000 24000000 		.4byte	0x24
 460 0004 0200     		.2byte	0x2
 461 0006 00000000 		.4byte	.Ldebug_info0
 462 000a 04       		.byte	0x4
 463 000b 00       		.byte	0
 464 000c 0000     		.2byte	0
 465 000e 0000     		.2byte	0
 466 0010 00000000 		.4byte	.LFB4
ARM GAS  C:\Users\Xwx47\AppData\Local\Temp\cczmfO0h.s 			page 14


 467 0014 48000000 		.4byte	.LFE4-.LFB4
 468 0018 48000000 		.4byte	.LFB6
 469 001c 8C000000 		.4byte	.LFE6-.LFB6
 470 0020 00000000 		.4byte	0
 471 0024 00000000 		.4byte	0
 472              		.section	.debug_ranges,"",%progbits
 473              	.Ldebug_ranges0:
 474 0000 00000000 		.4byte	.LFB4
 475 0004 48000000 		.4byte	.LFE4
 476 0008 48000000 		.4byte	.LFB6
 477 000c D4000000 		.4byte	.LFE6
 478 0010 00000000 		.4byte	0
 479 0014 00000000 		.4byte	0
 480              		.section	.debug_line,"",%progbits
 481              	.Ldebug_line0:
 482 0000 83000000 		.section	.debug_str,"MS",%progbits,1
 482      02005400 
 482      00000201 
 482      FB0E0D00 
 482      01010101 
 483              	.LASF1:
 484 0000 6C6F6E67 		.ascii	"long long int\000"
 484      206C6F6E 
 484      6720696E 
 484      7400
 485              	.LASF14:
 486 000e 75696E74 		.ascii	"uint32\000"
 486      333200
 487              	.LASF17:
 488 0015 47656E65 		.ascii	"Generated_Source\\PSoC4\\cyfitter_cfg.c\000"
 488      72617465 
 488      645F536F 
 488      75726365 
 488      5C50536F 
 489              	.LASF0:
 490 003b 756E7369 		.ascii	"unsigned int\000"
 490      676E6564 
 490      20696E74 
 490      00
 491              	.LASF21:
 492 0048 43795379 		.ascii	"CySysClkWriteImoFreq\000"
 492      73436C6B 
 492      57726974 
 492      65496D6F 
 492      46726571 
 493              	.LASF8:
 494 005d 6C6F6E67 		.ascii	"long unsigned int\000"
 494      20756E73 
 494      69676E65 
 494      6420696E 
 494      7400
 495              	.LASF20:
 496 006f 63796669 		.ascii	"cyfitter_cfg\000"
 496      74746572 
 496      5F636667 
 496      00
 497              	.LASF9:
ARM GAS  C:\Users\Xwx47\AppData\Local\Temp\cczmfO0h.s 			page 15


 498 007c 6C6F6E67 		.ascii	"long long unsigned int\000"
 498      206C6F6E 
 498      6720756E 
 498      7369676E 
 498      65642069 
 499              	.LASF12:
 500 0093 666C6F61 		.ascii	"float\000"
 500      7400
 501              	.LASF4:
 502 0099 756E7369 		.ascii	"unsigned char\000"
 502      676E6564 
 502      20636861 
 502      7200
 503              	.LASF11:
 504 00a7 63686172 		.ascii	"char\000"
 504      00
 505              	.LASF7:
 506 00ac 6C6F6E67 		.ascii	"long int\000"
 506      20696E74 
 506      00
 507              	.LASF19:
 508 00b5 436C6F63 		.ascii	"ClockSetup\000"
 508      6B536574 
 508      757000
 509              	.LASF13:
 510 00c0 646F7562 		.ascii	"double\000"
 510      6C6500
 511              	.LASF15:
 512 00c7 72656733 		.ascii	"reg32\000"
 512      3200
 513              	.LASF6:
 514 00cd 73686F72 		.ascii	"short unsigned int\000"
 514      7420756E 
 514      7369676E 
 514      65642069 
 514      6E7400
 515              	.LASF3:
 516 00e0 7369676E 		.ascii	"signed char\000"
 516      65642063 
 516      68617200 
 517              	.LASF2:
 518 00ec 6C6F6E67 		.ascii	"long double\000"
 518      20646F75 
 518      626C6500 
 519              	.LASF5:
 520 00f8 73686F72 		.ascii	"short int\000"
 520      7420696E 
 520      7400
 521              	.LASF16:
 522 0102 474E5520 		.ascii	"GNU C11 5.4.1 20160609 (release) [ARM/embedded-5-br"
 522      43313120 
 522      352E342E 
 522      31203230 
 522      31363036 
 523 0135 616E6368 		.ascii	"anch revision 237715] -mcpu=cortex-m0plus -mthumb -"
 523      20726576 
 523      6973696F 
ARM GAS  C:\Users\Xwx47\AppData\Local\Temp\cczmfO0h.s 			page 16


 523      6E203233 
 523      37373135 
 524 0168 67202D4F 		.ascii	"g -Og -ffunction-sections -ffat-lto-objects\000"
 524      67202D66 
 524      66756E63 
 524      74696F6E 
 524      2D736563 
 525              	.LASF10:
 526 0194 73697A65 		.ascii	"sizetype\000"
 526      74797065 
 526      00
 527              	.LASF18:
 528 019d 433A5C55 		.ascii	"C:\\Users\\Xwx47\\Documents\\Creator\\nRF24_Example"
 528      73657273 
 528      5C587778 
 528      34375C44 
 528      6F63756D 
 529 01cb 5F50726F 		.ascii	"_Projects\\02_EnhancedShockBurst_Rx.cydsn\000"
 529      6A656374 
 529      735C3032 
 529      5F456E68 
 529      616E6365 
 530              		.ident	"GCC: (GNU Tools for ARM Embedded Processors) 5.4.1 20160609 (release) [ARM/embedded-5-bran
